matrix: instance=c8g.metal-48xl arch=aarch64 vcpu=192 governor=unknown
  allocators: libc umem umem@null umem-preload umem-preload@null jemalloc tcmalloc mimalloc snmalloc scudo rpmalloc
  threads:    1 8 64 192
  sizes:      16:64 256:1024 1024:4096
  runs=3 warmups=1 replicates=2 pin=1 ops=20000000
  -> /home/ec2-user/libumem-iso-r3cmp-323268b48a7f/docs/results/2026-09-25-c8g.metal-48xl-aarch64/multi/matrix.toml
  libc multi 16:64 t=1 rep=1  17:27:16
  umem multi 16:64 t=1 rep=1  17:27:27
  umem@null multi 16:64 t=1 rep=1  17:27:39
  umem-preload multi 16:64 t=1 rep=1  17:27:51
  umem-preload@null multi 16:64 t=1 rep=1  17:28:04
  jemalloc multi 16:64 t=1 rep=1  17:28:16
  tcmalloc multi 16:64 t=1 rep=1  17:28:27
  mimalloc multi 16:64 t=1 rep=1  17:28:40
  snmalloc multi 16:64 t=1 rep=1  17:28:51
  scudo multi 16:64 t=1 rep=1  17:29:02
  rpmalloc multi 16:64 t=1 rep=1  17:29:15
  libc multi 16:64 t=1 rep=2  17:29:26
  umem multi 16:64 t=1 rep=2  17:29:38
  umem@null multi 16:64 t=1 rep=2  17:29:49
  umem-preload multi 16:64 t=1 rep=2  17:30:01
  umem-preload@null multi 16:64 t=1 rep=2  17:30:14
  jemalloc multi 16:64 t=1 rep=2  17:30:26
  tcmalloc multi 16:64 t=1 rep=2  17:30:38
  mimalloc multi 16:64 t=1 rep=2  17:30:50
  snmalloc multi 16:64 t=1 rep=2  17:31:01
  scudo multi 16:64 t=1 rep=2  17:31:12
  rpmalloc multi 16:64 t=1 rep=2  17:31:25
  libc multi 16:64 t=8 rep=1  17:31:37
  umem multi 16:64 t=8 rep=1  17:31:38
  umem@null multi 16:64 t=8 rep=1  17:31:40
  umem-preload multi 16:64 t=8 rep=1  17:31:41
  umem-preload@null multi 16:64 t=8 rep=1  17:31:43
  jemalloc multi 16:64 t=8 rep=1  17:31:45
  tcmalloc multi 16:64 t=8 rep=1  17:31:46
  mimalloc multi 16:64 t=8 rep=1  17:31:48
  snmalloc multi 16:64 t=8 rep=1  17:31:49
  scudo multi 16:64 t=8 rep=1  17:31:51
  rpmalloc multi 16:64 t=8 rep=1  17:31:53
  libc multi 16:64 t=8 rep=2  17:31:54
  umem multi 16:64 t=8 rep=2  17:31:56
  umem@null multi 16:64 t=8 rep=2  17:31:57
  umem-preload multi 16:64 t=8 rep=2  17:31:59
  umem-preload@null multi 16:64 t=8 rep=2  17:32:01
  jemalloc multi 16:64 t=8 rep=2  17:32:02
  tcmalloc multi 16:64 t=8 rep=2  17:32:04
  mimalloc multi 16:64 t=8 rep=2  17:32:06
  snmalloc multi 16:64 t=8 rep=2  17:32:07
  scudo multi 16:64 t=8 rep=2  17:32:09
  rpmalloc multi 16:64 t=8 rep=2  17:32:10
  libc multi 16:64 t=64 rep=1  17:32:12
  umem multi 16:64 t=64 rep=1  17:32:12
  umem@null multi 16:64 t=64 rep=1  17:32:13
  umem-preload multi 16:64 t=64 rep=1  17:32:13
  CRASH: umem-preload multi t=64 16:64 rc=139 (skipped)
  (no row for multi t=64)
  umem-preload@null multi 16:64 t=64 rep=1  17:32:42
  jemalloc multi 16:64 t=64 rep=1  17:32:43
  tcmalloc multi 16:64 t=64 rep=1  17:32:43
  mimalloc multi 16:64 t=64 rep=1  17:32:43
  snmalloc multi 16:64 t=64 rep=1  17:32:43
  scudo multi 16:64 t=64 rep=1  17:32:44
  rpmalloc multi 16:64 t=64 rep=1  17:32:44
  libc multi 16:64 t=64 rep=2  17:32:44
  umem multi 16:64 t=64 rep=2  17:32:44
  umem@null multi 16:64 t=64 rep=2  17:32:45
  umem-preload multi 16:64 t=64 rep=2  17:32:45
  CRASH: umem-preload multi t=64 16:64 rc=139 (skipped)
  (no row for multi t=64)
  umem-preload@null multi 16:64 t=64 rep=2  17:33:14
  CRASH: umem-preload@null multi t=64 16:64 rc=139 (skipped)
  (no row for multi t=64)
  jemalloc multi 16:64 t=64 rep=2  17:33:43
  tcmalloc multi 16:64 t=64 rep=2  17:33:44
  mimalloc multi 16:64 t=64 rep=2  17:33:44
  snmalloc multi 16:64 t=64 rep=2  17:33:44
  scudo multi 16:64 t=64 rep=2  17:33:44
  rpmalloc multi 16:64 t=64 rep=2  17:33:45
  libc multi 16:64 t=192 rep=1  17:33:45
  umem multi 16:64 t=192 rep=1  17:33:45
  umem@null multi 16:64 t=192 rep=1  17:33:46
  umem-preload multi 16:64 t=192 rep=1  17:33:46
  CRASH: umem-preload multi t=192 16:64 rc=139 (skipped)
  (no row for multi t=192)
  umem-preload@null multi 16:64 t=192 rep=1  17:35:09
  CRASH: umem-preload@null multi t=192 16:64 rc=139 (skipped)
  (no row for multi t=192)
  jemalloc multi 16:64 t=192 rep=1  17:36:33
  tcmalloc multi 16:64 t=192 rep=1  17:36:33
  mimalloc multi 16:64 t=192 rep=1  17:36:33
  snmalloc multi 16:64 t=192 rep=1  17:36:33
  scudo multi 16:64 t=192 rep=1  17:36:33
  rpmalloc multi 16:64 t=192 rep=1  17:36:34
  libc multi 16:64 t=192 rep=2  17:36:34
  umem multi 16:64 t=192 rep=2  17:36:34
  umem@null multi 16:64 t=192 rep=2  17:36:34
  umem-preload multi 16:64 t=192 rep=2  17:36:35
  CRASH: umem-preload multi t=192 16:64 rc=139 (skipped)
  (no row for multi t=192)
  umem-preload@null multi 16:64 t=192 rep=2  17:37:55
  CRASH: umem-preload@null multi t=192 16:64 rc=139 (skipped)
  (no row for multi t=192)
  jemalloc multi 16:64 t=192 rep=2  17:39:18
  tcmalloc multi 16:64 t=192 rep=2  17:39:18
  mimalloc multi 16:64 t=192 rep=2  17:39:19
  snmalloc multi 16:64 t=192 rep=2  17:39:19
  scudo multi 16:64 t=192 rep=2  17:39:19
  rpmalloc multi 16:64 t=192 rep=2  17:39:19
  libc multi 256:1024 t=1 rep=1  17:39:20
  umem multi 256:1024 t=1 rep=1  17:39:32
  umem@null multi 256:1024 t=1 rep=1  17:39:44
  umem-preload multi 256:1024 t=1 rep=1  17:39:57
  umem-preload@null multi 256:1024 t=1 rep=1  17:40:10
  jemalloc multi 256:1024 t=1 rep=1  17:40:22
  tcmalloc multi 256:1024 t=1 rep=1  17:40:34
  mimalloc multi 256:1024 t=1 rep=1  17:40:46
  snmalloc multi 256:1024 t=1 rep=1  17:40:57
  scudo multi 256:1024 t=1 rep=1  17:41:09
  rpmalloc multi 256:1024 t=1 rep=1  17:41:23
  libc multi 256:1024 t=1 rep=2  17:41:35
  umem multi 256:1024 t=1 rep=2  17:41:47
  umem@null multi 256:1024 t=1 rep=2  17:41:59
  umem-preload multi 256:1024 t=1 rep=2  17:42:12
  umem-preload@null multi 256:1024 t=1 rep=2  17:42:24
  jemalloc multi 256:1024 t=1 rep=2  17:42:37
  tcmalloc multi 256:1024 t=1 rep=2  17:42:49
  mimalloc multi 256:1024 t=1 rep=2  17:43:01
  snmalloc multi 256:1024 t=1 rep=2  17:43:12
  scudo multi 256:1024 t=1 rep=2  17:43:24
  rpmalloc multi 256:1024 t=1 rep=2  17:43:38
  libc multi 256:1024 t=8 rep=1  17:43:50
  umem multi 256:1024 t=8 rep=1  17:43:51
  umem@null multi 256:1024 t=8 rep=1  17:43:53
  umem-preload multi 256:1024 t=8 rep=1  17:43:55
  umem-preload@null multi 256:1024 t=8 rep=1  17:43:57
  jemalloc multi 256:1024 t=8 rep=1  17:43:58
  tcmalloc multi 256:1024 t=8 rep=1  17:44:00
  mimalloc multi 256:1024 t=8 rep=1  17:44:02
  snmalloc multi 256:1024 t=8 rep=1  17:44:04
  scudo multi 256:1024 t=8 rep=1  17:44:05
  rpmalloc multi 256:1024 t=8 rep=1  17:44:07
  libc multi 256:1024 t=8 rep=2  17:44:09
  umem multi 256:1024 t=8 rep=2  17:44:11
  umem@null multi 256:1024 t=8 rep=2  17:44:12
  umem-preload multi 256:1024 t=8 rep=2  17:44:14
  umem-preload@null multi 256:1024 t=8 rep=2  17:44:16
  jemalloc multi 256:1024 t=8 rep=2  17:44:18
  tcmalloc multi 256:1024 t=8 rep=2  17:44:19
  mimalloc multi 256:1024 t=8 rep=2  17:44:21
  snmalloc multi 256:1024 t=8 rep=2  17:44:23
  scudo multi 256:1024 t=8 rep=2  17:44:24
  rpmalloc multi 256:1024 t=8 rep=2  17:44:26
  libc multi 256:1024 t=64 rep=1  17:44:28
  umem multi 256:1024 t=64 rep=1  17:44:28
  umem@null multi 256:1024 t=64 rep=1  17:44:28
  umem-preload multi 256:1024 t=64 rep=1  17:44:29
  umem-preload@null multi 256:1024 t=64 rep=1  17:44:29
  jemalloc multi 256:1024 t=64 rep=1  17:44:29
  tcmalloc multi 256:1024 t=64 rep=1  17:44:29
  mimalloc multi 256:1024 t=64 rep=1  17:44:30
  snmalloc multi 256:1024 t=64 rep=1  17:44:30
  scudo multi 256:1024 t=64 rep=1  17:44:30
  rpmalloc multi 256:1024 t=64 rep=1  17:44:30
  libc multi 256:1024 t=64 rep=2  17:44:31
  umem multi 256:1024 t=64 rep=2  17:44:31
  umem@null multi 256:1024 t=64 rep=2  17:44:31
  umem-preload multi 256:1024 t=64 rep=2  17:44:32
  umem-preload@null multi 256:1024 t=64 rep=2  17:44:32
  jemalloc multi 256:1024 t=64 rep=2  17:44:32
  tcmalloc multi 256:1024 t=64 rep=2  17:44:32
  mimalloc multi 256:1024 t=64 rep=2  17:44:33
  snmalloc multi 256:1024 t=64 rep=2  17:44:33
  scudo multi 256:1024 t=64 rep=2  17:44:33
  rpmalloc multi 256:1024 t=64 rep=2  17:44:34
  libc multi 256:1024 t=192 rep=1  17:44:34
  umem multi 256:1024 t=192 rep=1  17:44:34
  umem@null multi 256:1024 t=192 rep=1  17:44:34
  umem-preload multi 256:1024 t=192 rep=1  17:44:35
  umem-preload@null multi 256:1024 t=192 rep=1  17:44:35
  jemalloc multi 256:1024 t=192 rep=1  17:44:35
  tcmalloc multi 256:1024 t=192 rep=1  17:44:35
  mimalloc multi 256:1024 t=192 rep=1  17:44:36
  snmalloc multi 256:1024 t=192 rep=1  17:44:36
  scudo multi 256:1024 t=192 rep=1  17:44:36
  rpmalloc multi 256:1024 t=192 rep=1  17:44:36
  libc multi 256:1024 t=192 rep=2  17:44:38
  umem multi 256:1024 t=192 rep=2  17:44:38
  umem@null multi 256:1024 t=192 rep=2  17:44:39
  umem-preload multi 256:1024 t=192 rep=2  17:44:39
  umem-preload@null multi 256:1024 t=192 rep=2  17:44:39
  jemalloc multi 256:1024 t=192 rep=2  17:44:39
  tcmalloc multi 256:1024 t=192 rep=2  17:44:40
  mimalloc multi 256:1024 t=192 rep=2  17:44:40
  snmalloc multi 256:1024 t=192 rep=2  17:44:40
  scudo multi 256:1024 t=192 rep=2  17:44:40
  rpmalloc multi 256:1024 t=192 rep=2  17:44:41
  libc multi 1024:4096 t=1 rep=1  17:44:43
  umem multi 1024:4096 t=1 rep=1  17:45:00
  umem@null multi 1024:4096 t=1 rep=1  17:45:14
  umem-preload multi 1024:4096 t=1 rep=1  17:45:28
  umem-preload@null multi 1024:4096 t=1 rep=1  17:45:43
  jemalloc multi 1024:4096 t=1 rep=1  17:45:58
  tcmalloc multi 1024:4096 t=1 rep=1  17:46:11
  mimalloc multi 1024:4096 t=1 rep=1  17:46:26
  snmalloc multi 1024:4096 t=1 rep=1  17:46:39
  scudo multi 1024:4096 t=1 rep=1  17:46:53
  rpmalloc multi 1024:4096 t=1 rep=1  17:47:08
  libc multi 1024:4096 t=1 rep=2  17:47:22
  umem multi 1024:4096 t=1 rep=2  17:47:39
  umem@null multi 1024:4096 t=1 rep=2  17:47:53
  umem-preload multi 1024:4096 t=1 rep=2  17:48:08
  umem-preload@null multi 1024:4096 t=1 rep=2  17:48:22
  jemalloc multi 1024:4096 t=1 rep=2  17:48:37
  tcmalloc multi 1024:4096 t=1 rep=2  17:48:51
  mimalloc multi 1024:4096 t=1 rep=2  17:49:05
  snmalloc multi 1024:4096 t=1 rep=2  17:49:18
  scudo multi 1024:4096 t=1 rep=2  17:49:32
  rpmalloc multi 1024:4096 t=1 rep=2  17:49:48
  libc multi 1024:4096 t=8 rep=1  17:50:01
  umem multi 1024:4096 t=8 rep=1  17:50:04
  umem@null multi 1024:4096 t=8 rep=1  17:50:06
  umem-preload multi 1024:4096 t=8 rep=1  17:50:08
  umem-preload@null multi 1024:4096 t=8 rep=1  17:50:10
  jemalloc multi 1024:4096 t=8 rep=1  17:50:12
  tcmalloc multi 1024:4096 t=8 rep=1  17:50:14
  mimalloc multi 1024:4096 t=8 rep=1  17:50:16
  snmalloc multi 1024:4096 t=8 rep=1  17:50:18
  scudo multi 1024:4096 t=8 rep=1  17:50:20
  rpmalloc multi 1024:4096 t=8 rep=1  17:50:23
  libc multi 1024:4096 t=8 rep=2  17:50:25
  umem multi 1024:4096 t=8 rep=2  17:50:27
  umem@null multi 1024:4096 t=8 rep=2  17:50:29
  umem-preload multi 1024:4096 t=8 rep=2  17:50:31
  umem-preload@null multi 1024:4096 t=8 rep=2  17:50:34
  jemalloc multi 1024:4096 t=8 rep=2  17:50:36
  tcmalloc multi 1024:4096 t=8 rep=2  17:50:38
  mimalloc multi 1024:4096 t=8 rep=2  17:50:40
  snmalloc multi 1024:4096 t=8 rep=2  17:50:42
  scudo multi 1024:4096 t=8 rep=2  17:50:44
  rpmalloc multi 1024:4096 t=8 rep=2  17:50:46
  libc multi 1024:4096 t=64 rep=1  17:50:48
  umem multi 1024:4096 t=64 rep=1  17:50:48
  umem@null multi 1024:4096 t=64 rep=1  17:50:49
  umem-preload multi 1024:4096 t=64 rep=1  17:50:49
  umem-preload@null multi 1024:4096 t=64 rep=1  17:50:49
  jemalloc multi 1024:4096 t=64 rep=1  17:50:50
  tcmalloc multi 1024:4096 t=64 rep=1  17:50:50
  mimalloc multi 1024:4096 t=64 rep=1  17:50:50
  snmalloc multi 1024:4096 t=64 rep=1  17:50:51
  scudo multi 1024:4096 t=64 rep=1  17:50:51
  rpmalloc multi 1024:4096 t=64 rep=1  17:50:51
  libc multi 1024:4096 t=64 rep=2  17:50:51
  umem multi 1024:4096 t=64 rep=2  17:50:52
  umem@null multi 1024:4096 t=64 rep=2  17:50:52
  umem-preload multi 1024:4096 t=64 rep=2  17:50:52
  umem-preload@null multi 1024:4096 t=64 rep=2  17:50:53
  jemalloc multi 1024:4096 t=64 rep=2  17:50:53
  tcmalloc multi 1024:4096 t=64 rep=2  17:50:53
  mimalloc multi 1024:4096 t=64 rep=2  17:50:54
  snmalloc multi 1024:4096 t=64 rep=2  17:50:54
  scudo multi 1024:4096 t=64 rep=2  17:50:54
  rpmalloc multi 1024:4096 t=64 rep=2  17:50:55
  libc multi 1024:4096 t=192 rep=1  17:50:55
  umem multi 1024:4096 t=192 rep=1  17:50:55
  umem@null multi 1024:4096 t=192 rep=1  17:50:55
  umem-preload multi 1024:4096 t=192 rep=1  17:50:56
  umem-preload@null multi 1024:4096 t=192 rep=1  17:50:56
  jemalloc multi 1024:4096 t=192 rep=1  17:50:56
  tcmalloc multi 1024:4096 t=192 rep=1  17:50:57
  mimalloc multi 1024:4096 t=192 rep=1  17:50:57
  snmalloc multi 1024:4096 t=192 rep=1  17:50:57
  scudo multi 1024:4096 t=192 rep=1  17:50:57
  rpmalloc multi 1024:4096 t=192 rep=1  17:50:58
  libc multi 1024:4096 t=192 rep=2  17:50:58
  umem multi 1024:4096 t=192 rep=2  17:50:59
  umem@null multi 1024:4096 t=192 rep=2  17:50:59
  umem-preload multi 1024:4096 t=192 rep=2  17:50:59
  umem-preload@null multi 1024:4096 t=192 rep=2  17:50:59
  jemalloc multi 1024:4096 t=192 rep=2  17:51:00
  tcmalloc multi 1024:4096 t=192 rep=2  17:51:00
  mimalloc multi 1024:4096 t=192 rep=2  17:51:00
  snmalloc multi 1024:4096 t=192 rep=2  17:51:01
  scudo multi 1024:4096 t=192 rep=2  17:51:01
  rpmalloc multi 1024:4096 t=192 rep=2  17:51:01
matrix complete -> /home/ec2-user/libumem-iso-r3cmp-323268b48a7f/docs/results/2026-09-25-c8g.metal-48xl-aarch64/multi/matrix.toml
