matrix: instance=c7g.2xlarge arch=aarch64 vcpu=8 governor=unknown
  allocators: libc umem umem@null umem-preload umem-preload@null jemalloc tcmalloc mimalloc snmalloc scudo rpmalloc
  threads:    1 2 4 8
  sizes:      16:64 64:256
  runs=3 warmups=1 replicates=2 pin=1 ops=20000000
  -> /home/ec2-user/libumem-iso-cmp2-d6f04abd8f1b/docs/results/2026-09-24-c7g.2xlarge-aarch64/frag/matrix.toml
  libc frag 16:64 t=1 rep=1  09:32:55
  umem frag 16:64 t=1 rep=1  09:33:29
  umem@null frag 16:64 t=1 rep=1  09:34:08
  umem-preload frag 16:64 t=1 rep=1  09:34:46
  umem-preload@null frag 16:64 t=1 rep=1  09:35:26
  jemalloc frag 16:64 t=1 rep=1  09:36:06
  tcmalloc frag 16:64 t=1 rep=1  09:36:31
  mimalloc frag 16:64 t=1 rep=1  09:36:59
  snmalloc frag 16:64 t=1 rep=1  09:37:27
  scudo frag 16:64 t=1 rep=1  09:37:54
  rpmalloc frag 16:64 t=1 rep=1  09:38:33
  libc frag 16:64 t=1 rep=2  09:39:01
  umem frag 16:64 t=1 rep=2  09:39:34
  umem@null frag 16:64 t=1 rep=2  09:40:13
  umem-preload frag 16:64 t=1 rep=2  09:40:51
  umem-preload@null frag 16:64 t=1 rep=2  09:41:31
  jemalloc frag 16:64 t=1 rep=2  09:42:11
  tcmalloc frag 16:64 t=1 rep=2  09:42:36
  mimalloc frag 16:64 t=1 rep=2  09:43:04
  snmalloc frag 16:64 t=1 rep=2  09:43:32
  scudo frag 16:64 t=1 rep=2  09:43:59
  rpmalloc frag 16:64 t=1 rep=2  09:44:38
  libc frag 16:64 t=2 rep=1  09:45:06
  umem frag 16:64 t=2 rep=1  09:45:26
  umem@null frag 16:64 t=2 rep=1  09:45:52
  umem-preload frag 16:64 t=2 rep=1  09:46:17
  umem-preload@null frag 16:64 t=2 rep=1  09:46:42
  jemalloc frag 16:64 t=2 rep=1  09:47:07
  tcmalloc frag 16:64 t=2 rep=1  09:47:22
  mimalloc frag 16:64 t=2 rep=1  09:47:41
  snmalloc frag 16:64 t=2 rep=1  09:47:57
  scudo frag 16:64 t=2 rep=1  09:48:14
  rpmalloc frag 16:64 t=2 rep=1  09:48:37
  libc frag 16:64 t=2 rep=2  09:48:54
  umem frag 16:64 t=2 rep=2  09:49:14
  umem@null frag 16:64 t=2 rep=2  09:49:40
  umem-preload frag 16:64 t=2 rep=2  09:50:06
  umem-preload@null frag 16:64 t=2 rep=2  09:50:31
  jemalloc frag 16:64 t=2 rep=2  09:50:56
  tcmalloc frag 16:64 t=2 rep=2  09:51:12
  mimalloc frag 16:64 t=2 rep=2  09:51:30
  snmalloc frag 16:64 t=2 rep=2  09:51:46
  scudo frag 16:64 t=2 rep=2  09:52:03
  rpmalloc frag 16:64 t=2 rep=2  09:52:26
  libc frag 16:64 t=4 rep=1  09:52:43
  umem frag 16:64 t=4 rep=1  09:52:54
  umem@null frag 16:64 t=4 rep=1  09:53:09
  umem-preload frag 16:64 t=4 rep=1  09:53:24
  umem-preload@null frag 16:64 t=4 rep=1  09:53:40
  jemalloc frag 16:64 t=4 rep=1  09:53:55
  tcmalloc frag 16:64 t=4 rep=1  09:54:05
  mimalloc frag 16:64 t=4 rep=1  09:54:15
  snmalloc frag 16:64 t=4 rep=1  09:54:25
  scudo frag 16:64 t=4 rep=1  09:54:34
  rpmalloc frag 16:64 t=4 rep=1  09:54:47
  libc frag 16:64 t=4 rep=2  09:54:56
  umem frag 16:64 t=4 rep=2  09:55:06
  umem@null frag 16:64 t=4 rep=2  09:55:22
  umem-preload frag 16:64 t=4 rep=2  09:55:37
  umem-preload@null frag 16:64 t=4 rep=2  09:55:52
  jemalloc frag 16:64 t=4 rep=2  09:56:08
  tcmalloc frag 16:64 t=4 rep=2  09:56:17
  mimalloc frag 16:64 t=4 rep=2  09:56:27
  snmalloc frag 16:64 t=4 rep=2  09:56:36
  scudo frag 16:64 t=4 rep=2  09:56:45
  rpmalloc frag 16:64 t=4 rep=2  09:56:58
  libc frag 16:64 t=8 rep=1  09:57:07
  umem frag 16:64 t=8 rep=1  09:57:13
  umem@null frag 16:64 t=8 rep=1  09:57:22
  umem-preload frag 16:64 t=8 rep=1  09:57:30
  umem-preload@null frag 16:64 t=8 rep=1  09:57:40
  jemalloc frag 16:64 t=8 rep=1  09:57:49
  tcmalloc frag 16:64 t=8 rep=1  09:57:55
  mimalloc frag 16:64 t=8 rep=1  09:58:00
  snmalloc frag 16:64 t=8 rep=1  09:58:08
  scudo frag 16:64 t=8 rep=1  09:58:13
  rpmalloc frag 16:64 t=8 rep=1  09:58:20
  libc frag 16:64 t=8 rep=2  09:58:26
  umem frag 16:64 t=8 rep=2  09:58:34
  umem@null frag 16:64 t=8 rep=2  09:58:43
  umem-preload frag 16:64 t=8 rep=2  09:58:52
  umem-preload@null frag 16:64 t=8 rep=2  09:59:02
  jemalloc frag 16:64 t=8 rep=2  09:59:11
  tcmalloc frag 16:64 t=8 rep=2  09:59:18
  mimalloc frag 16:64 t=8 rep=2  09:59:26
  snmalloc frag 16:64 t=8 rep=2  09:59:31
  scudo frag 16:64 t=8 rep=2  09:59:38
  rpmalloc frag 16:64 t=8 rep=2  09:59:45
  libc frag 64:256 t=1 rep=1  09:59:52
  umem frag 64:256 t=1 rep=1  10:00:49
  umem@null frag 64:256 t=1 rep=1  10:01:34
  umem-preload frag 64:256 t=1 rep=1  10:02:20
  umem-preload@null frag 64:256 t=1 rep=1  10:03:07
  jemalloc frag 64:256 t=1 rep=1  10:03:53
  tcmalloc frag 64:256 t=1 rep=1  10:04:21
  mimalloc frag 64:256 t=1 rep=1  10:04:57
  snmalloc frag 64:256 t=1 rep=1  10:05:29
  scudo frag 64:256 t=1 rep=1  10:06:01
  rpmalloc frag 64:256 t=1 rep=1  10:06:48
  libc frag 64:256 t=1 rep=2  10:07:21
  umem frag 64:256 t=1 rep=2  10:08:18
  umem@null frag 64:256 t=1 rep=2  10:09:04
  umem-preload frag 64:256 t=1 rep=2  10:09:49
  umem-preload@null frag 64:256 t=1 rep=2  10:10:36
  jemalloc frag 64:256 t=1 rep=2  10:11:23
  tcmalloc frag 64:256 t=1 rep=2  10:11:51
  mimalloc frag 64:256 t=1 rep=2  10:12:26
  snmalloc frag 64:256 t=1 rep=2  10:12:58
  scudo frag 64:256 t=1 rep=2  10:13:30
  rpmalloc frag 64:256 t=1 rep=2  10:14:17
  libc frag 64:256 t=2 rep=1  10:14:51
  umem frag 64:256 t=2 rep=1  10:15:23
  umem@null frag 64:256 t=2 rep=1  10:15:52
  umem-preload frag 64:256 t=2 rep=1  10:16:21
  umem-preload@null frag 64:256 t=2 rep=1  10:16:50
  jemalloc frag 64:256 t=2 rep=1  10:17:17
  tcmalloc frag 64:256 t=2 rep=1  10:17:34
  mimalloc frag 64:256 t=2 rep=1  10:17:56
  snmalloc frag 64:256 t=2 rep=1  10:18:15
  scudo frag 64:256 t=2 rep=1  10:18:33
  rpmalloc frag 64:256 t=2 rep=1  10:19:00
  libc frag 64:256 t=2 rep=2  10:19:19
  umem frag 64:256 t=2 rep=2  10:19:50
  umem@null frag 64:256 t=2 rep=2  10:20:20
  umem-preload frag 64:256 t=2 rep=2  10:20:49
  umem-preload@null frag 64:256 t=2 rep=2  10:21:17
  jemalloc frag 64:256 t=2 rep=2  10:21:45
  tcmalloc frag 64:256 t=2 rep=2  10:22:02
  mimalloc frag 64:256 t=2 rep=2  10:22:23
  snmalloc frag 64:256 t=2 rep=2  10:22:42
  scudo frag 64:256 t=2 rep=2  10:23:00
  rpmalloc frag 64:256 t=2 rep=2  10:23:27
  libc frag 64:256 t=4 rep=1  10:23:46
  umem frag 64:256 t=4 rep=1  10:24:02
  umem@null frag 64:256 t=4 rep=1  10:24:18
  umem-preload frag 64:256 t=4 rep=1  10:24:35
  umem-preload@null frag 64:256 t=4 rep=1  10:24:52
  jemalloc frag 64:256 t=4 rep=1  10:25:08
  tcmalloc frag 64:256 t=4 rep=1  10:25:17
  mimalloc frag 64:256 t=4 rep=1  10:25:31
  snmalloc frag 64:256 t=4 rep=1  10:25:41
  scudo frag 64:256 t=4 rep=1  10:25:50
  rpmalloc frag 64:256 t=4 rep=1  10:26:06
  libc frag 64:256 t=4 rep=2  10:26:16
  umem frag 64:256 t=4 rep=2  10:26:34
  umem@null frag 64:256 t=4 rep=2  10:26:50
  umem-preload frag 64:256 t=4 rep=2  10:27:07
  umem-preload@null frag 64:256 t=4 rep=2  10:27:24
  jemalloc frag 64:256 t=4 rep=2  10:27:41
  tcmalloc frag 64:256 t=4 rep=2  10:27:51
  mimalloc frag 64:256 t=4 rep=2  10:28:03
  snmalloc frag 64:256 t=4 rep=2  10:28:13
  scudo frag 64:256 t=4 rep=2  10:28:23
  rpmalloc frag 64:256 t=4 rep=2  10:28:38
  libc frag 64:256 t=8 rep=1  10:28:49
  umem frag 64:256 t=8 rep=1  10:29:00
  umem@null frag 64:256 t=8 rep=1  10:29:09
  umem-preload frag 64:256 t=8 rep=1  10:29:18
  umem-preload@null frag 64:256 t=8 rep=1  10:29:27
  jemalloc frag 64:256 t=8 rep=1  10:29:37
  tcmalloc frag 64:256 t=8 rep=1  10:29:44
  mimalloc frag 64:256 t=8 rep=1  10:29:52
  snmalloc frag 64:256 t=8 rep=1  10:29:58
  scudo frag 64:256 t=8 rep=1  10:30:06
  rpmalloc frag 64:256 t=8 rep=1  10:30:14
  libc frag 64:256 t=8 rep=2  10:30:21
  umem frag 64:256 t=8 rep=2  10:30:31
  umem@null frag 64:256 t=8 rep=2  10:30:40
  umem-preload frag 64:256 t=8 rep=2  10:30:49
  umem-preload@null frag 64:256 t=8 rep=2  10:30:59
  jemalloc frag 64:256 t=8 rep=2  10:31:09
  tcmalloc frag 64:256 t=8 rep=2  10:31:15
  mimalloc frag 64:256 t=8 rep=2  10:31:23
  snmalloc frag 64:256 t=8 rep=2  10:31:30
  scudo frag 64:256 t=8 rep=2  10:31:38
  rpmalloc frag 64:256 t=8 rep=2  10:31:46
matrix complete -> /home/ec2-user/libumem-iso-cmp2-d6f04abd8f1b/docs/results/2026-09-24-c7g.2xlarge-aarch64/frag/matrix.toml
