matrix: instance=c7g.2xlarge arch=aarch64 vcpu=8 governor=unknown
  allocators: libc umem umem@null umem-preload umem-preload@null jemalloc tcmalloc mimalloc snmalloc scudo rpmalloc
  threads:    1 2 4 8
  sizes:      16:64 64:256 256:1024 1024:4096
  runs=3 warmups=1 replicates=2 pin=1 ops=20000000
  -> /home/ec2-user/libumem-iso-cmp2-d6f04abd8f1b/docs/results/2026-09-24-c7g.2xlarge-aarch64/multi/matrix.toml
  libc multi 16:64 t=1 rep=1  07:53:38
  umem multi 16:64 t=1 rep=1  07:53:50
  umem@null multi 16:64 t=1 rep=1  07:54:01
  umem-preload multi 16:64 t=1 rep=1  07:54:13
  umem-preload@null multi 16:64 t=1 rep=1  07:54:26
  jemalloc multi 16:64 t=1 rep=1  07:54:40
  tcmalloc multi 16:64 t=1 rep=1  07:54:51
  mimalloc multi 16:64 t=1 rep=1  07:55:02
  snmalloc multi 16:64 t=1 rep=1  07:55:14
  scudo multi 16:64 t=1 rep=1  07:55:26
  rpmalloc multi 16:64 t=1 rep=1  07:55:39
  libc multi 16:64 t=1 rep=2  07:55:51
  umem multi 16:64 t=1 rep=2  07:56:02
  umem@null multi 16:64 t=1 rep=2  07:56:14
  umem-preload multi 16:64 t=1 rep=2  07:56:25
  umem-preload@null multi 16:64 t=1 rep=2  07:56:39
  jemalloc multi 16:64 t=1 rep=2  07:56:52
  tcmalloc multi 16:64 t=1 rep=2  07:57:03
  mimalloc multi 16:64 t=1 rep=2  07:57:15
  snmalloc multi 16:64 t=1 rep=2  07:57:26
  scudo multi 16:64 t=1 rep=2  07:57:38
  rpmalloc multi 16:64 t=1 rep=2  07:57:51
  libc multi 16:64 t=2 rep=1  07:58:03
  umem multi 16:64 t=2 rep=1  07:58:09
  umem@null multi 16:64 t=2 rep=1  07:58:15
  umem-preload multi 16:64 t=2 rep=1  07:58:21
  umem-preload@null multi 16:64 t=2 rep=1  07:58:28
  jemalloc multi 16:64 t=2 rep=1  07:58:36
  tcmalloc multi 16:64 t=2 rep=1  07:58:41
  mimalloc multi 16:64 t=2 rep=1  07:58:47
  snmalloc multi 16:64 t=2 rep=1  07:58:53
  scudo multi 16:64 t=2 rep=1  07:58:59
  rpmalloc multi 16:64 t=2 rep=1  07:59:07
  libc multi 16:64 t=2 rep=2  07:59:13
  umem multi 16:64 t=2 rep=2  07:59:19
  umem@null multi 16:64 t=2 rep=2  07:59:25
  umem-preload multi 16:64 t=2 rep=2  07:59:30
  umem-preload@null multi 16:64 t=2 rep=2  07:59:38
  jemalloc multi 16:64 t=2 rep=2  07:59:45
  tcmalloc multi 16:64 t=2 rep=2  07:59:51
  mimalloc multi 16:64 t=2 rep=2  07:59:57
  snmalloc multi 16:64 t=2 rep=2  08:00:03
  scudo multi 16:64 t=2 rep=2  08:00:09
  rpmalloc multi 16:64 t=2 rep=2  08:00:16
  libc multi 16:64 t=4 rep=1  08:00:22
  umem multi 16:64 t=4 rep=1  08:00:26
  umem@null multi 16:64 t=4 rep=1  08:00:29
  umem-preload multi 16:64 t=4 rep=1  08:00:32
  umem-preload@null multi 16:64 t=4 rep=1  08:00:36
  jemalloc multi 16:64 t=4 rep=1  08:00:40
  tcmalloc multi 16:64 t=4 rep=1  08:00:43
  mimalloc multi 16:64 t=4 rep=1  08:00:46
  snmalloc multi 16:64 t=4 rep=1  08:00:49
  scudo multi 16:64 t=4 rep=1  08:00:52
  rpmalloc multi 16:64 t=4 rep=1  08:00:56
  libc multi 16:64 t=4 rep=2  08:00:59
  umem multi 16:64 t=4 rep=2  08:01:02
  umem@null multi 16:64 t=4 rep=2  08:01:05
  umem-preload multi 16:64 t=4 rep=2  08:01:09
  umem-preload@null multi 16:64 t=4 rep=2  08:01:13
  jemalloc multi 16:64 t=4 rep=2  08:01:16
  tcmalloc multi 16:64 t=4 rep=2  08:01:19
  mimalloc multi 16:64 t=4 rep=2  08:01:22
  snmalloc multi 16:64 t=4 rep=2  08:01:26
  scudo multi 16:64 t=4 rep=2  08:01:29
  rpmalloc multi 16:64 t=4 rep=2  08:01:32
  libc multi 16:64 t=8 rep=1  08:01:36
  umem multi 16:64 t=8 rep=1  08:01:37
  umem@null multi 16:64 t=8 rep=1  08:01:39
  umem-preload multi 16:64 t=8 rep=1  08:01:40
  umem-preload@null multi 16:64 t=8 rep=1  08:01:42
  jemalloc multi 16:64 t=8 rep=1  08:01:44
  tcmalloc multi 16:64 t=8 rep=1  08:01:46
  mimalloc multi 16:64 t=8 rep=1  08:01:47
  snmalloc multi 16:64 t=8 rep=1  08:01:49
  scudo multi 16:64 t=8 rep=1  08:01:51
  rpmalloc multi 16:64 t=8 rep=1  08:01:53
  libc multi 16:64 t=8 rep=2  08:01:54
  umem multi 16:64 t=8 rep=2  08:01:56
  umem@null multi 16:64 t=8 rep=2  08:01:57
  umem-preload multi 16:64 t=8 rep=2  08:01:59
  umem-preload@null multi 16:64 t=8 rep=2  08:02:01
  jemalloc multi 16:64 t=8 rep=2  08:02:03
  tcmalloc multi 16:64 t=8 rep=2  08:02:04
  mimalloc multi 16:64 t=8 rep=2  08:02:06
  snmalloc multi 16:64 t=8 rep=2  08:02:08
  scudo multi 16:64 t=8 rep=2  08:02:09
  rpmalloc multi 16:64 t=8 rep=2  08:02:11
  libc multi 64:256 t=1 rep=1  08:02:13
  umem multi 64:256 t=1 rep=1  08:02:25
  umem@null multi 64:256 t=1 rep=1  08:02:37
  umem-preload multi 64:256 t=1 rep=1  08:02:49
  umem-preload@null multi 64:256 t=1 rep=1  08:03:02
  jemalloc multi 64:256 t=1 rep=1  08:03:16
  tcmalloc multi 64:256 t=1 rep=1  08:03:28
  mimalloc multi 64:256 t=1 rep=1  08:03:39
  snmalloc multi 64:256 t=1 rep=1  08:03:51
  scudo multi 64:256 t=1 rep=1  08:04:03
  rpmalloc multi 64:256 t=1 rep=1  08:04:16
  libc multi 64:256 t=1 rep=2  08:04:28
  umem multi 64:256 t=1 rep=2  08:04:40
  umem@null multi 64:256 t=1 rep=2  08:04:52
  umem-preload multi 64:256 t=1 rep=2  08:05:04
  umem-preload@null multi 64:256 t=1 rep=2  08:05:18
  jemalloc multi 64:256 t=1 rep=2  08:05:31
  tcmalloc multi 64:256 t=1 rep=2  08:05:43
  mimalloc multi 64:256 t=1 rep=2  08:05:54
  snmalloc multi 64:256 t=1 rep=2  08:06:06
  scudo multi 64:256 t=1 rep=2  08:06:18
  rpmalloc multi 64:256 t=1 rep=2  08:06:32
  libc multi 64:256 t=2 rep=1  08:06:44
  umem multi 64:256 t=2 rep=1  08:06:50
  umem@null multi 64:256 t=2 rep=1  08:06:56
  umem-preload multi 64:256 t=2 rep=1  08:07:02
  umem-preload@null multi 64:256 t=2 rep=1  08:07:09
  jemalloc multi 64:256 t=2 rep=1  08:07:16
  tcmalloc multi 64:256 t=2 rep=1  08:07:22
  mimalloc multi 64:256 t=2 rep=1  08:07:28
  snmalloc multi 64:256 t=2 rep=1  08:07:34
  scudo multi 64:256 t=2 rep=1  08:07:40
  rpmalloc multi 64:256 t=2 rep=1  08:07:47
  libc multi 64:256 t=2 rep=2  08:07:53
  umem multi 64:256 t=2 rep=2  08:08:00
  umem@null multi 64:256 t=2 rep=2  08:08:06
  umem-preload multi 64:256 t=2 rep=2  08:08:11
  umem-preload@null multi 64:256 t=2 rep=2  08:08:19
  jemalloc multi 64:256 t=2 rep=2  08:08:26
  tcmalloc multi 64:256 t=2 rep=2  08:08:32
  mimalloc multi 64:256 t=2 rep=2  08:08:38
  snmalloc multi 64:256 t=2 rep=2  08:08:44
  scudo multi 64:256 t=2 rep=2  08:08:50
  rpmalloc multi 64:256 t=2 rep=2  08:08:58
  libc multi 64:256 t=4 rep=1  08:09:04
  umem multi 64:256 t=4 rep=1  08:09:07
  umem@null multi 64:256 t=4 rep=1  08:09:11
  umem-preload multi 64:256 t=4 rep=1  08:09:14
  umem-preload@null multi 64:256 t=4 rep=1  08:09:18
  jemalloc multi 64:256 t=4 rep=1  08:09:21
  tcmalloc multi 64:256 t=4 rep=1  08:09:24
  mimalloc multi 64:256 t=4 rep=1  08:09:28
  snmalloc multi 64:256 t=4 rep=1  08:09:31
  scudo multi 64:256 t=4 rep=1  08:09:34
  rpmalloc multi 64:256 t=4 rep=1  08:09:38
  libc multi 64:256 t=4 rep=2  08:09:41
  umem multi 64:256 t=4 rep=2  08:09:45
  umem@null multi 64:256 t=4 rep=2  08:09:48
  umem-preload multi 64:256 t=4 rep=2  08:09:51
  umem-preload@null multi 64:256 t=4 rep=2  08:09:55
  jemalloc multi 64:256 t=4 rep=2  08:09:59
  tcmalloc multi 64:256 t=4 rep=2  08:10:02
  mimalloc multi 64:256 t=4 rep=2  08:10:05
  snmalloc multi 64:256 t=4 rep=2  08:10:08
  scudo multi 64:256 t=4 rep=2  08:10:11
  rpmalloc multi 64:256 t=4 rep=2  08:10:15
  libc multi 64:256 t=8 rep=1  08:10:18
  umem multi 64:256 t=8 rep=1  08:10:20
  umem@null multi 64:256 t=8 rep=1  08:10:22
  umem-preload multi 64:256 t=8 rep=1  08:10:23
  umem-preload@null multi 64:256 t=8 rep=1  08:10:25
  jemalloc multi 64:256 t=8 rep=1  08:10:27
  tcmalloc multi 64:256 t=8 rep=1  08:10:29
  mimalloc multi 64:256 t=8 rep=1  08:10:31
  snmalloc multi 64:256 t=8 rep=1  08:10:32
  scudo multi 64:256 t=8 rep=1  08:10:34
  rpmalloc multi 64:256 t=8 rep=1  08:10:36
  libc multi 64:256 t=8 rep=2  08:10:37
  umem multi 64:256 t=8 rep=2  08:10:39
  umem@null multi 64:256 t=8 rep=2  08:10:41
  umem-preload multi 64:256 t=8 rep=2  08:10:42
  umem-preload@null multi 64:256 t=8 rep=2  08:10:44
  jemalloc multi 64:256 t=8 rep=2  08:10:46
  tcmalloc multi 64:256 t=8 rep=2  08:10:48
  mimalloc multi 64:256 t=8 rep=2  08:10:50
  snmalloc multi 64:256 t=8 rep=2  08:10:51
  scudo multi 64:256 t=8 rep=2  08:10:53
  rpmalloc multi 64:256 t=8 rep=2  08:10:55
  libc multi 256:1024 t=1 rep=1  08:10:57
  umem multi 256:1024 t=1 rep=1  08:11:09
  umem@null multi 256:1024 t=1 rep=1  08:11:21
  umem-preload multi 256:1024 t=1 rep=1  08:11:33
  umem-preload@null multi 256:1024 t=1 rep=1  08:11:47
  jemalloc multi 256:1024 t=1 rep=1  08:12:02
  tcmalloc multi 256:1024 t=1 rep=1  08:12:14
  mimalloc multi 256:1024 t=1 rep=1  08:12:26
  snmalloc multi 256:1024 t=1 rep=1  08:12:38
  scudo multi 256:1024 t=1 rep=1  08:12:50
  rpmalloc multi 256:1024 t=1 rep=1  08:13:05
  libc multi 256:1024 t=1 rep=2  08:13:17
  umem multi 256:1024 t=1 rep=2  08:13:30
  umem@null multi 256:1024 t=1 rep=2  08:13:42
  umem-preload multi 256:1024 t=1 rep=2  08:13:54
  umem-preload@null multi 256:1024 t=1 rep=2  08:14:08
  jemalloc multi 256:1024 t=1 rep=2  08:14:23
  tcmalloc multi 256:1024 t=1 rep=2  08:14:35
  mimalloc multi 256:1024 t=1 rep=2  08:14:47
  snmalloc multi 256:1024 t=1 rep=2  08:14:59
  scudo multi 256:1024 t=1 rep=2  08:15:12
  rpmalloc multi 256:1024 t=1 rep=2  08:15:26
  libc multi 256:1024 t=2 rep=1  08:15:38
  umem multi 256:1024 t=2 rep=1  08:15:45
  umem@null multi 256:1024 t=2 rep=1  08:15:51
  umem-preload multi 256:1024 t=2 rep=1  08:15:57
  umem-preload@null multi 256:1024 t=2 rep=1  08:16:05
  jemalloc multi 256:1024 t=2 rep=1  08:16:13
  tcmalloc multi 256:1024 t=2 rep=1  08:16:19
  mimalloc multi 256:1024 t=2 rep=1  08:16:26
  snmalloc multi 256:1024 t=2 rep=1  08:16:32
  scudo multi 256:1024 t=2 rep=1  08:16:38
  rpmalloc multi 256:1024 t=2 rep=1  08:16:46
  libc multi 256:1024 t=2 rep=2  08:16:53
  umem multi 256:1024 t=2 rep=2  08:16:59
  umem@null multi 256:1024 t=2 rep=2  08:17:06
  umem-preload multi 256:1024 t=2 rep=2  08:17:12
  umem-preload@null multi 256:1024 t=2 rep=2  08:17:20
  jemalloc multi 256:1024 t=2 rep=2  08:17:27
  tcmalloc multi 256:1024 t=2 rep=2  08:17:34
  mimalloc multi 256:1024 t=2 rep=2  08:17:40
  snmalloc multi 256:1024 t=2 rep=2  08:17:46
  scudo multi 256:1024 t=2 rep=2  08:17:53
  rpmalloc multi 256:1024 t=2 rep=2  08:18:01
  libc multi 256:1024 t=4 rep=1  08:18:07
  umem multi 256:1024 t=4 rep=1  08:18:10
  umem@null multi 256:1024 t=4 rep=1  08:18:14
  umem-preload multi 256:1024 t=4 rep=1  08:18:17
  umem-preload@null multi 256:1024 t=4 rep=1  08:18:21
  jemalloc multi 256:1024 t=4 rep=1  08:18:25
  tcmalloc multi 256:1024 t=4 rep=1  08:18:29
  mimalloc multi 256:1024 t=4 rep=1  08:18:32
  snmalloc multi 256:1024 t=4 rep=1  08:18:36
  scudo multi 256:1024 t=4 rep=1  08:18:39
  rpmalloc multi 256:1024 t=4 rep=1  08:18:43
  libc multi 256:1024 t=4 rep=2  08:18:46
  umem multi 256:1024 t=4 rep=2  08:18:50
  umem@null multi 256:1024 t=4 rep=2  08:18:54
  umem-preload multi 256:1024 t=4 rep=2  08:18:57
  umem-preload@null multi 256:1024 t=4 rep=2  08:19:01
  jemalloc multi 256:1024 t=4 rep=2  08:19:05
  tcmalloc multi 256:1024 t=4 rep=2  08:19:08
  mimalloc multi 256:1024 t=4 rep=2  08:19:12
  snmalloc multi 256:1024 t=4 rep=2  08:19:15
  scudo multi 256:1024 t=4 rep=2  08:19:19
  rpmalloc multi 256:1024 t=4 rep=2  08:19:23
  libc multi 256:1024 t=8 rep=1  08:19:26
  umem multi 256:1024 t=8 rep=1  08:19:28
  umem@null multi 256:1024 t=8 rep=1  08:19:30
  umem-preload multi 256:1024 t=8 rep=1  08:19:31
  umem-preload@null multi 256:1024 t=8 rep=1  08:19:33
  jemalloc multi 256:1024 t=8 rep=1  08:19:35
  tcmalloc multi 256:1024 t=8 rep=1  08:19:37
  mimalloc multi 256:1024 t=8 rep=1  08:19:39
  snmalloc multi 256:1024 t=8 rep=1  08:19:41
  scudo multi 256:1024 t=8 rep=1  08:19:42
  rpmalloc multi 256:1024 t=8 rep=1  08:19:44
  libc multi 256:1024 t=8 rep=2  08:19:46
  umem multi 256:1024 t=8 rep=2  08:19:48
  umem@null multi 256:1024 t=8 rep=2  08:19:50
  umem-preload multi 256:1024 t=8 rep=2  08:19:51
  umem-preload@null multi 256:1024 t=8 rep=2  08:19:53
  jemalloc multi 256:1024 t=8 rep=2  08:19:56
  tcmalloc multi 256:1024 t=8 rep=2  08:19:57
  mimalloc multi 256:1024 t=8 rep=2  08:19:59
  snmalloc multi 256:1024 t=8 rep=2  08:20:01
  scudo multi 256:1024 t=8 rep=2  08:20:03
  rpmalloc multi 256:1024 t=8 rep=2  08:20:05
  libc multi 1024:4096 t=1 rep=1  08:20:06
  umem multi 1024:4096 t=1 rep=1  08:20:24
  umem@null multi 1024:4096 t=1 rep=1  08:20:41
  umem-preload multi 1024:4096 t=1 rep=1  08:20:57
  umem-preload@null multi 1024:4096 t=1 rep=1  08:21:17
  jemalloc multi 1024:4096 t=1 rep=1  08:21:36
  tcmalloc multi 1024:4096 t=1 rep=1  08:21:50
  mimalloc multi 1024:4096 t=1 rep=1  08:22:04
  snmalloc multi 1024:4096 t=1 rep=1  08:22:19
  scudo multi 1024:4096 t=1 rep=1  08:22:33
  rpmalloc multi 1024:4096 t=1 rep=1  08:22:49
  libc multi 1024:4096 t=1 rep=2  08:23:03
  umem multi 1024:4096 t=1 rep=2  08:23:21
  umem@null multi 1024:4096 t=1 rep=2  08:23:37
  umem-preload multi 1024:4096 t=1 rep=2  08:23:54
  umem-preload@null multi 1024:4096 t=1 rep=2  08:24:14
  jemalloc multi 1024:4096 t=1 rep=2  08:24:33
  tcmalloc multi 1024:4096 t=1 rep=2  08:24:47
  mimalloc multi 1024:4096 t=1 rep=2  08:25:01
  snmalloc multi 1024:4096 t=1 rep=2  08:25:15
  scudo multi 1024:4096 t=1 rep=2  08:25:29
  rpmalloc multi 1024:4096 t=1 rep=2  08:25:45
  libc multi 1024:4096 t=2 rep=1  08:26:00
  umem multi 1024:4096 t=2 rep=1  08:26:09
  umem@null multi 1024:4096 t=2 rep=1  08:26:18
  umem-preload multi 1024:4096 t=2 rep=1  08:26:27
  umem-preload@null multi 1024:4096 t=2 rep=1  08:26:38
  jemalloc multi 1024:4096 t=2 rep=1  08:26:49
  tcmalloc multi 1024:4096 t=2 rep=1  08:26:56
  mimalloc multi 1024:4096 t=2 rep=1  08:27:03
  snmalloc multi 1024:4096 t=2 rep=1  08:27:11
  scudo multi 1024:4096 t=2 rep=1  08:27:18
  rpmalloc multi 1024:4096 t=2 rep=1  08:27:27
  libc multi 1024:4096 t=2 rep=2  08:27:35
  umem multi 1024:4096 t=2 rep=2  08:27:44
  umem@null multi 1024:4096 t=2 rep=2  08:27:52
  umem-preload multi 1024:4096 t=2 rep=2  08:28:01
  umem-preload@null multi 1024:4096 t=2 rep=2  08:28:13
  jemalloc multi 1024:4096 t=2 rep=2  08:28:24
  tcmalloc multi 1024:4096 t=2 rep=2  08:28:31
  mimalloc multi 1024:4096 t=2 rep=2  08:28:38
  snmalloc multi 1024:4096 t=2 rep=2  08:28:45
  scudo multi 1024:4096 t=2 rep=2  08:28:53
  rpmalloc multi 1024:4096 t=2 rep=2  08:29:01
  libc multi 1024:4096 t=4 rep=1  08:29:09
  umem multi 1024:4096 t=4 rep=1  08:29:14
  umem@null multi 1024:4096 t=4 rep=1  08:29:19
  umem-preload multi 1024:4096 t=4 rep=1  08:29:24
  umem-preload@null multi 1024:4096 t=4 rep=1  08:29:30
  jemalloc multi 1024:4096 t=4 rep=1  08:29:36
  tcmalloc multi 1024:4096 t=4 rep=1  08:29:40
  mimalloc multi 1024:4096 t=4 rep=1  08:29:44
  snmalloc multi 1024:4096 t=4 rep=1  08:29:48
  scudo multi 1024:4096 t=4 rep=1  08:29:52
  rpmalloc multi 1024:4096 t=4 rep=1  08:29:56
  libc multi 1024:4096 t=4 rep=2  08:30:01
  umem multi 1024:4096 t=4 rep=2  08:30:06
  umem@null multi 1024:4096 t=4 rep=2  08:30:11
  umem-preload multi 1024:4096 t=4 rep=2  08:30:16
  umem-preload@null multi 1024:4096 t=4 rep=2  08:30:22
  jemalloc multi 1024:4096 t=4 rep=2  08:30:28
  tcmalloc multi 1024:4096 t=4 rep=2  08:30:32
  mimalloc multi 1024:4096 t=4 rep=2  08:30:36
  snmalloc multi 1024:4096 t=4 rep=2  08:30:41
  scudo multi 1024:4096 t=4 rep=2  08:30:45
  rpmalloc multi 1024:4096 t=4 rep=2  08:30:49
  libc multi 1024:4096 t=8 rep=1  08:30:54
  umem multi 1024:4096 t=8 rep=1  08:30:56
  umem@null multi 1024:4096 t=8 rep=1  08:30:59
  umem-preload multi 1024:4096 t=8 rep=1  08:31:01
  umem-preload@null multi 1024:4096 t=8 rep=1  08:31:04
  jemalloc multi 1024:4096 t=8 rep=1  08:31:08
  tcmalloc multi 1024:4096 t=8 rep=1  08:31:10
  mimalloc multi 1024:4096 t=8 rep=1  08:31:12
  snmalloc multi 1024:4096 t=8 rep=1  08:31:14
  scudo multi 1024:4096 t=8 rep=1  08:31:16
  rpmalloc multi 1024:4096 t=8 rep=1  08:31:19
  libc multi 1024:4096 t=8 rep=2  08:31:21
  umem multi 1024:4096 t=8 rep=2  08:31:23
  umem@null multi 1024:4096 t=8 rep=2  08:31:26
  umem-preload multi 1024:4096 t=8 rep=2  08:31:28
  umem-preload@null multi 1024:4096 t=8 rep=2  08:31:31
  jemalloc multi 1024:4096 t=8 rep=2  08:31:34
  tcmalloc multi 1024:4096 t=8 rep=2  08:31:37
  mimalloc multi 1024:4096 t=8 rep=2  08:31:39
  snmalloc multi 1024:4096 t=8 rep=2  08:31:41
  scudo multi 1024:4096 t=8 rep=2  08:31:43
  rpmalloc multi 1024:4096 t=8 rep=2  08:31:45
matrix complete -> /home/ec2-user/libumem-iso-cmp2-d6f04abd8f1b/docs/results/2026-09-24-c7g.2xlarge-aarch64/multi/matrix.toml
