matrix: instance=c7i.metal-48xl arch=x86_64 vcpu=192 governor=performance
  allocators: libc umem umem@null umem-preload umem-preload@null jemalloc tcmalloc mimalloc snmalloc scudo rpmalloc
  threads:    1 8 32 64 128 192
  sizes:      16:64 64:256 256:1024 1024:4096
  runs=2 warmups=1 replicates=2 pin=1 ops=9600000
  -> /home/ec2-user/libumem-iso-cmp-f2a8267df758/docs/results/2026-09-23-c7i.metal-48xl-x86_64/prodcons/matrix.toml
  libc prodcons 16:64 t=1 rep=1  16:41:41
  umem prodcons 16:64 t=1 rep=1  16:41:48
  umem@null prodcons 16:64 t=1 rep=1  16:41:56
  umem-preload prodcons 16:64 t=1 rep=1  16:42:04
  umem-preload@null prodcons 16:64 t=1 rep=1  16:42:16
  jemalloc prodcons 16:64 t=1 rep=1  16:42:29
  tcmalloc prodcons 16:64 t=1 rep=1  16:42:38
  mimalloc prodcons 16:64 t=1 rep=1  16:42:46
  snmalloc prodcons 16:64 t=1 rep=1  16:42:53
  scudo prodcons 16:64 t=1 rep=1  16:43:01
  rpmalloc prodcons 16:64 t=1 rep=1  16:43:10
  libc prodcons 16:64 t=1 rep=2  16:43:18
  umem prodcons 16:64 t=1 rep=2  16:43:26
  umem@null prodcons 16:64 t=1 rep=2  16:43:34
  umem-preload prodcons 16:64 t=1 rep=2  16:43:41
  umem-preload@null prodcons 16:64 t=1 rep=2  16:43:54
  jemalloc prodcons 16:64 t=1 rep=2  16:44:07
  tcmalloc prodcons 16:64 t=1 rep=2  16:44:15
  mimalloc prodcons 16:64 t=1 rep=2  16:44:24
  snmalloc prodcons 16:64 t=1 rep=2  16:44:31
  scudo prodcons 16:64 t=1 rep=2  16:44:39
  rpmalloc prodcons 16:64 t=1 rep=2  16:44:48
  libc prodcons 16:64 t=8 rep=1  16:44:56
  umem prodcons 16:64 t=8 rep=1  16:45:00
  umem@null prodcons 16:64 t=8 rep=1  16:45:05
  umem-preload prodcons 16:64 t=8 rep=1  16:45:10
  umem-preload@null prodcons 16:64 t=8 rep=1  16:45:24
  jemalloc prodcons 16:64 t=8 rep=1  16:45:39
  tcmalloc prodcons 16:64 t=8 rep=1  16:45:43
  mimalloc prodcons 16:64 t=8 rep=1  16:45:50
  snmalloc prodcons 16:64 t=8 rep=1  16:45:54
  scudo prodcons 16:64 t=8 rep=1  16:45:59
  rpmalloc prodcons 16:64 t=8 rep=1  16:46:09
  libc prodcons 16:64 t=8 rep=2  16:46:13
  umem prodcons 16:64 t=8 rep=2  16:46:19
  umem@null prodcons 16:64 t=8 rep=2  16:46:23
  umem-preload prodcons 16:64 t=8 rep=2  16:46:30
  umem-preload@null prodcons 16:64 t=8 rep=2  16:46:46
  jemalloc prodcons 16:64 t=8 rep=2  16:47:00
  tcmalloc prodcons 16:64 t=8 rep=2  16:47:05
  mimalloc prodcons 16:64 t=8 rep=2  16:47:12
  snmalloc prodcons 16:64 t=8 rep=2  16:47:17
  scudo prodcons 16:64 t=8 rep=2  16:47:21
  rpmalloc prodcons 16:64 t=8 rep=2  16:47:30
  libc prodcons 16:64 t=32 rep=1  16:47:34
  umem prodcons 16:64 t=32 rep=1  16:47:45
  umem@null prodcons 16:64 t=32 rep=1  16:47:57
  umem-preload prodcons 16:64 t=32 rep=1  16:48:08
  umem-preload@null prodcons 16:64 t=32 rep=1  16:48:26
  jemalloc prodcons 16:64 t=32 rep=1  16:48:44
  tcmalloc prodcons 16:64 t=32 rep=1  16:48:54
  mimalloc prodcons 16:64 t=32 rep=1  16:49:06
  snmalloc prodcons 16:64 t=32 rep=1  16:49:19
  scudo prodcons 16:64 t=32 rep=1  16:49:29
  rpmalloc prodcons 16:64 t=32 rep=1  16:49:42
  libc prodcons 16:64 t=32 rep=2  16:49:53
  umem prodcons 16:64 t=32 rep=2  16:50:04
  umem@null prodcons 16:64 t=32 rep=2  16:50:15
  umem-preload prodcons 16:64 t=32 rep=2  16:50:26
  umem-preload@null prodcons 16:64 t=32 rep=2  16:50:45
  jemalloc prodcons 16:64 t=32 rep=2  16:51:02
  tcmalloc prodcons 16:64 t=32 rep=2  16:51:13
  mimalloc prodcons 16:64 t=32 rep=2  16:51:24
  snmalloc prodcons 16:64 t=32 rep=2  16:51:34
  scudo prodcons 16:64 t=32 rep=2  16:51:45
  rpmalloc prodcons 16:64 t=32 rep=2  16:51:57
  libc prodcons 16:64 t=64 rep=1  16:52:08
  umem prodcons 16:64 t=64 rep=1  16:52:21
  umem@null prodcons 16:64 t=64 rep=1  16:52:35
  umem-preload prodcons 16:64 t=64 rep=1  16:52:49
  umem-preload@null prodcons 16:64 t=64 rep=1  16:53:18
  jemalloc prodcons 16:64 t=64 rep=1  16:53:48
  tcmalloc prodcons 16:64 t=64 rep=1  16:54:01
  mimalloc prodcons 16:64 t=64 rep=1  16:54:15
  snmalloc prodcons 16:64 t=64 rep=1  16:54:29
  scudo prodcons 16:64 t=64 rep=1  16:54:41
  rpmalloc prodcons 16:64 t=64 rep=1  16:55:03
  libc prodcons 16:64 t=64 rep=2  16:55:15
  umem prodcons 16:64 t=64 rep=2  16:55:27
  umem@null prodcons 16:64 t=64 rep=2  16:55:42
  umem-preload prodcons 16:64 t=64 rep=2  16:55:56
  umem-preload@null prodcons 16:64 t=64 rep=2  16:56:25
  jemalloc prodcons 16:64 t=64 rep=2  16:56:56
  tcmalloc prodcons 16:64 t=64 rep=2  16:57:10
  mimalloc prodcons 16:64 t=64 rep=2  16:57:24
  snmalloc prodcons 16:64 t=64 rep=2  16:57:38
  scudo prodcons 16:64 t=64 rep=2  16:57:50
  rpmalloc prodcons 16:64 t=64 rep=2  16:58:11
  libc prodcons 16:64 t=128 rep=1  16:58:25
  umem prodcons 16:64 t=128 rep=1  16:58:44
  umem@null prodcons 16:64 t=128 rep=1  16:59:05
  umem-preload prodcons 16:64 t=128 rep=1  16:59:26
  umem-preload@null prodcons 16:64 t=128 rep=1  17:00:19
  jemalloc prodcons 16:64 t=128 rep=1  17:01:08
  tcmalloc prodcons 16:64 t=128 rep=1  17:01:31
  mimalloc prodcons 16:64 t=128 rep=1  17:01:53
  snmalloc prodcons 16:64 t=128 rep=1  17:02:10
  scudo prodcons 16:64 t=128 rep=1  17:02:30
  rpmalloc prodcons 16:64 t=128 rep=1  17:02:54
  libc prodcons 16:64 t=128 rep=2  17:03:12
  umem prodcons 16:64 t=128 rep=2  17:03:30
  umem@null prodcons 16:64 t=128 rep=2  17:03:51
  umem-preload prodcons 16:64 t=128 rep=2  17:04:15
  umem-preload@null prodcons 16:64 t=128 rep=2  17:05:07
  jemalloc prodcons 16:64 t=128 rep=2  17:05:59
  tcmalloc prodcons 16:64 t=128 rep=2  17:06:20
  mimalloc prodcons 16:64 t=128 rep=2  17:06:42
  snmalloc prodcons 16:64 t=128 rep=2  17:06:59
  scudo prodcons 16:64 t=128 rep=2  17:07:18
  rpmalloc prodcons 16:64 t=128 rep=2  17:07:43
  libc prodcons 16:64 t=192 rep=1  17:08:01
  umem prodcons 16:64 t=192 rep=1  17:08:33
  umem@null prodcons 16:64 t=192 rep=1  17:09:04
  umem-preload prodcons 16:64 t=192 rep=1  17:09:38
  umem-preload@null prodcons 16:64 t=192 rep=1  17:10:46
  jemalloc prodcons 16:64 t=192 rep=1  17:11:49
  tcmalloc prodcons 16:64 t=192 rep=1  17:12:21
  mimalloc prodcons 16:64 t=192 rep=1  17:12:51
  snmalloc prodcons 16:64 t=192 rep=1  17:13:18
  scudo prodcons 16:64 t=192 rep=1  17:13:45
  rpmalloc prodcons 16:64 t=192 rep=1  17:14:09
  libc prodcons 16:64 t=192 rep=2  17:14:36
  umem prodcons 16:64 t=192 rep=2  17:15:05
  umem@null prodcons 16:64 t=192 rep=2  17:15:37
  umem-preload prodcons 16:64 t=192 rep=2  17:16:10
  umem-preload@null prodcons 16:64 t=192 rep=2  17:17:04
  jemalloc prodcons 16:64 t=192 rep=2  17:18:22
  tcmalloc prodcons 16:64 t=192 rep=2  17:18:56
  mimalloc prodcons 16:64 t=192 rep=2  17:19:23
  snmalloc prodcons 16:64 t=192 rep=2  17:19:50
  scudo prodcons 16:64 t=192 rep=2  17:20:24
  rpmalloc prodcons 16:64 t=192 rep=2  17:20:47
  libc prodcons 64:256 t=1 rep=1  17:21:13
  umem prodcons 64:256 t=1 rep=1  17:21:21
  umem@null prodcons 64:256 t=1 rep=1  17:21:29
  umem-preload prodcons 64:256 t=1 rep=1  17:21:37
  umem-preload@null prodcons 64:256 t=1 rep=1  17:21:51
  jemalloc prodcons 64:256 t=1 rep=1  17:22:04
  tcmalloc prodcons 64:256 t=1 rep=1  17:22:12
  mimalloc prodcons 64:256 t=1 rep=1  17:22:20
  snmalloc prodcons 64:256 t=1 rep=1  17:22:27
  scudo prodcons 64:256 t=1 rep=1  17:22:35
  rpmalloc prodcons 64:256 t=1 rep=1  17:22:43
  libc prodcons 64:256 t=1 rep=2  17:22:51
  umem prodcons 64:256 t=1 rep=2  17:22:58
  umem@null prodcons 64:256 t=1 rep=2  17:23:06
  umem-preload prodcons 64:256 t=1 rep=2  17:23:14
  umem-preload@null prodcons 64:256 t=1 rep=2  17:23:28
  jemalloc prodcons 64:256 t=1 rep=2  17:23:41
  tcmalloc prodcons 64:256 t=1 rep=2  17:23:49
  mimalloc prodcons 64:256 t=1 rep=2  17:23:57
  snmalloc prodcons 64:256 t=1 rep=2  17:24:04
  scudo prodcons 64:256 t=1 rep=2  17:24:12
  rpmalloc prodcons 64:256 t=1 rep=2  17:24:21
  libc prodcons 64:256 t=8 rep=1  17:24:28
  umem prodcons 64:256 t=8 rep=1  17:24:36
  umem@null prodcons 64:256 t=8 rep=1  17:24:42
  umem-preload prodcons 64:256 t=8 rep=1  17:24:47
  umem-preload@null prodcons 64:256 t=8 rep=1  17:25:03
  jemalloc prodcons 64:256 t=8 rep=1  17:25:18
  tcmalloc prodcons 64:256 t=8 rep=1  17:25:23
  mimalloc prodcons 64:256 t=8 rep=1  17:25:28
  snmalloc prodcons 64:256 t=8 rep=1  17:25:32
  scudo prodcons 64:256 t=8 rep=1  17:25:37
  rpmalloc prodcons 64:256 t=8 rep=1  17:25:47
  libc prodcons 64:256 t=8 rep=2  17:25:51
  umem prodcons 64:256 t=8 rep=2  17:25:59
  umem@null prodcons 64:256 t=8 rep=2  17:26:05
  umem-preload prodcons 64:256 t=8 rep=2  17:26:10
  umem-preload@null prodcons 64:256 t=8 rep=2  17:26:27
  jemalloc prodcons 64:256 t=8 rep=2  17:26:40
  tcmalloc prodcons 64:256 t=8 rep=2  17:26:44
  mimalloc prodcons 64:256 t=8 rep=2  17:26:49
  snmalloc prodcons 64:256 t=8 rep=2  17:26:54
  scudo prodcons 64:256 t=8 rep=2  17:26:59
  rpmalloc prodcons 64:256 t=8 rep=2  17:27:09
  libc prodcons 64:256 t=32 rep=1  17:27:13
  umem prodcons 64:256 t=32 rep=1  17:27:26
  umem@null prodcons 64:256 t=32 rep=1  17:27:37
  umem-preload prodcons 64:256 t=32 rep=1  17:27:48
  umem-preload@null prodcons 64:256 t=32 rep=1  17:28:07
  jemalloc prodcons 64:256 t=32 rep=1  17:28:24
  tcmalloc prodcons 64:256 t=32 rep=1  17:28:35
  mimalloc prodcons 64:256 t=32 rep=1  17:28:44
  snmalloc prodcons 64:256 t=32 rep=1  17:28:56
  scudo prodcons 64:256 t=32 rep=1  17:29:08
  rpmalloc prodcons 64:256 t=32 rep=1  17:29:21
  libc prodcons 64:256 t=32 rep=2  17:29:32
  umem prodcons 64:256 t=32 rep=2  17:29:43
  umem@null prodcons 64:256 t=32 rep=2  17:29:54
  umem-preload prodcons 64:256 t=32 rep=2  17:30:05
  umem-preload@null prodcons 64:256 t=32 rep=2  17:30:24
  jemalloc prodcons 64:256 t=32 rep=2  17:30:41
  tcmalloc prodcons 64:256 t=32 rep=2  17:30:52
  mimalloc prodcons 64:256 t=32 rep=2  17:31:02
  snmalloc prodcons 64:256 t=32 rep=2  17:31:13
  scudo prodcons 64:256 t=32 rep=2  17:31:24
  rpmalloc prodcons 64:256 t=32 rep=2  17:31:36
  libc prodcons 64:256 t=64 rep=1  17:31:47
  umem prodcons 64:256 t=64 rep=1  17:32:01
  umem@null prodcons 64:256 t=64 rep=1  17:32:16
  umem-preload prodcons 64:256 t=64 rep=1  17:32:30
  umem-preload@null prodcons 64:256 t=64 rep=1  17:33:01
  jemalloc prodcons 64:256 t=64 rep=1  17:33:31
  tcmalloc prodcons 64:256 t=64 rep=1  17:33:43
  mimalloc prodcons 64:256 t=64 rep=1  17:33:57
  snmalloc prodcons 64:256 t=64 rep=1  17:34:11
  scudo prodcons 64:256 t=64 rep=1  17:34:23
  rpmalloc prodcons 64:256 t=64 rep=1  17:34:43
  libc prodcons 64:256 t=64 rep=2  17:34:56
  umem prodcons 64:256 t=64 rep=2  17:35:10
  umem@null prodcons 64:256 t=64 rep=2  17:35:25
  umem-preload prodcons 64:256 t=64 rep=2  17:35:39
  umem-preload@null prodcons 64:256 t=64 rep=2  17:36:09
  jemalloc prodcons 64:256 t=64 rep=2  17:36:40
  tcmalloc prodcons 64:256 t=64 rep=2  17:36:53
  mimalloc prodcons 64:256 t=64 rep=2  17:37:07
  snmalloc prodcons 64:256 t=64 rep=2  17:37:20
  scudo prodcons 64:256 t=64 rep=2  17:37:32
  rpmalloc prodcons 64:256 t=64 rep=2  17:37:53
  libc prodcons 64:256 t=128 rep=1  17:38:08
  umem prodcons 64:256 t=128 rep=1  17:38:36
  umem@null prodcons 64:256 t=128 rep=1  17:38:58
  umem-preload prodcons 64:256 t=128 rep=1  17:39:19
  umem-preload@null prodcons 64:256 t=128 rep=1  17:40:09
  jemalloc prodcons 64:256 t=128 rep=1  17:41:01
  tcmalloc prodcons 64:256 t=128 rep=1  17:41:23
  mimalloc prodcons 64:256 t=128 rep=1  17:41:47
  snmalloc prodcons 64:256 t=128 rep=1  17:42:06
  scudo prodcons 64:256 t=128 rep=1  17:42:26
  rpmalloc prodcons 64:256 t=128 rep=1  17:42:53
  libc prodcons 64:256 t=128 rep=2  17:43:11
  umem prodcons 64:256 t=128 rep=2  17:43:36
  umem@null prodcons 64:256 t=128 rep=2  17:43:58
  umem-preload prodcons 64:256 t=128 rep=2  17:44:21
  umem-preload@null prodcons 64:256 t=128 rep=2  17:45:14
  jemalloc prodcons 64:256 t=128 rep=2  17:46:05
  tcmalloc prodcons 64:256 t=128 rep=2  17:46:25
  mimalloc prodcons 64:256 t=128 rep=2  17:46:53
  snmalloc prodcons 64:256 t=128 rep=2  17:47:13
  scudo prodcons 64:256 t=128 rep=2  17:47:30
  rpmalloc prodcons 64:256 t=128 rep=2  17:47:57
  libc prodcons 64:256 t=192 rep=1  17:48:14
  umem prodcons 64:256 t=192 rep=1  17:48:50
  umem@null prodcons 64:256 t=192 rep=1  17:49:25
  umem-preload prodcons 64:256 t=192 rep=1  17:49:59
  umem-preload@null prodcons 64:256 t=192 rep=1  17:51:17
  jemalloc prodcons 64:256 t=192 rep=1  17:52:14
  tcmalloc prodcons 64:256 t=192 rep=1  17:52:47
  mimalloc prodcons 64:256 t=192 rep=1  17:53:22
  snmalloc prodcons 64:256 t=192 rep=1  17:53:49
  scudo prodcons 64:256 t=192 rep=1  17:54:19
  rpmalloc prodcons 64:256 t=192 rep=1  17:54:55
  libc prodcons 64:256 t=192 rep=2  17:55:24
  umem prodcons 64:256 t=192 rep=2  17:55:57
  umem@null prodcons 64:256 t=192 rep=2  17:56:31
  umem-preload prodcons 64:256 t=192 rep=2  17:57:05
  umem-preload@null prodcons 64:256 t=192 rep=2  17:57:53
  jemalloc prodcons 64:256 t=192 rep=2  17:58:40
  tcmalloc prodcons 64:256 t=192 rep=2  17:59:10
  mimalloc prodcons 64:256 t=192 rep=2  17:59:42
  snmalloc prodcons 64:256 t=192 rep=2  18:00:11
  scudo prodcons 64:256 t=192 rep=2  18:00:44
  rpmalloc prodcons 64:256 t=192 rep=2  18:01:07
  libc prodcons 256:1024 t=1 rep=1  18:01:32
  umem prodcons 256:1024 t=1 rep=1  18:01:40
  umem@null prodcons 256:1024 t=1 rep=1  18:01:48
  umem-preload prodcons 256:1024 t=1 rep=1  18:01:57
  umem-preload@null prodcons 256:1024 t=1 rep=1  18:02:11
  jemalloc prodcons 256:1024 t=1 rep=1  18:02:24
  tcmalloc prodcons 256:1024 t=1 rep=1  18:02:33
  mimalloc prodcons 256:1024 t=1 rep=1  18:02:41
  snmalloc prodcons 256:1024 t=1 rep=1  18:02:49
  scudo prodcons 256:1024 t=1 rep=1  18:02:58
  rpmalloc prodcons 256:1024 t=1 rep=1  18:03:09
  libc prodcons 256:1024 t=1 rep=2  18:03:19
  umem prodcons 256:1024 t=1 rep=2  18:03:27
  umem@null prodcons 256:1024 t=1 rep=2  18:03:36
  umem-preload prodcons 256:1024 t=1 rep=2  18:03:45
  umem-preload@null prodcons 256:1024 t=1 rep=2  18:03:58
  jemalloc prodcons 256:1024 t=1 rep=2  18:04:12
  tcmalloc prodcons 256:1024 t=1 rep=2  18:04:21
  mimalloc prodcons 256:1024 t=1 rep=2  18:04:29
  snmalloc prodcons 256:1024 t=1 rep=2  18:04:37
  scudo prodcons 256:1024 t=1 rep=2  18:04:46
  rpmalloc prodcons 256:1024 t=1 rep=2  18:04:57
  libc prodcons 256:1024 t=8 rep=1  18:05:07
  umem prodcons 256:1024 t=8 rep=1  18:05:18
  umem@null prodcons 256:1024 t=8 rep=1  18:05:23
  umem-preload prodcons 256:1024 t=8 rep=1  18:05:29
  umem-preload@null prodcons 256:1024 t=8 rep=1  18:05:44
  jemalloc prodcons 256:1024 t=8 rep=1  18:05:58
  tcmalloc prodcons 256:1024 t=8 rep=1  18:06:03
  mimalloc prodcons 256:1024 t=8 rep=1  18:06:09
  snmalloc prodcons 256:1024 t=8 rep=1  18:06:14
  scudo prodcons 256:1024 t=8 rep=1  18:06:18
  rpmalloc prodcons 256:1024 t=8 rep=1  18:06:30
  libc prodcons 256:1024 t=8 rep=2  18:06:36
  umem prodcons 256:1024 t=8 rep=2  18:06:47
  umem@null prodcons 256:1024 t=8 rep=2  18:06:53
  umem-preload prodcons 256:1024 t=8 rep=2  18:06:58
  umem-preload@null prodcons 256:1024 t=8 rep=2  18:07:12
  jemalloc prodcons 256:1024 t=8 rep=2  18:07:25
  tcmalloc prodcons 256:1024 t=8 rep=2  18:07:30
  mimalloc prodcons 256:1024 t=8 rep=2  18:07:36
  snmalloc prodcons 256:1024 t=8 rep=2  18:07:42
  scudo prodcons 256:1024 t=8 rep=2  18:07:46
  rpmalloc prodcons 256:1024 t=8 rep=2  18:07:59
  libc prodcons 256:1024 t=32 rep=1  18:08:05
  umem prodcons 256:1024 t=32 rep=1  18:08:15
  umem@null prodcons 256:1024 t=32 rep=1  18:08:26
  umem-preload prodcons 256:1024 t=32 rep=1  18:08:37
  umem-preload@null prodcons 256:1024 t=32 rep=1  18:08:56
  jemalloc prodcons 256:1024 t=32 rep=1  18:09:14
  tcmalloc prodcons 256:1024 t=32 rep=1  18:09:25
  mimalloc prodcons 256:1024 t=32 rep=1  18:09:34
  snmalloc prodcons 256:1024 t=32 rep=1  18:09:45
  scudo prodcons 256:1024 t=32 rep=1  18:09:55
  rpmalloc prodcons 256:1024 t=32 rep=1  18:10:09
  libc prodcons 256:1024 t=32 rep=2  18:10:21
  umem prodcons 256:1024 t=32 rep=2  18:10:31
  umem@null prodcons 256:1024 t=32 rep=2  18:10:44
  umem-preload prodcons 256:1024 t=32 rep=2  18:10:55
  umem-preload@null prodcons 256:1024 t=32 rep=2  18:11:13
  jemalloc prodcons 256:1024 t=32 rep=2  18:11:31
  tcmalloc prodcons 256:1024 t=32 rep=2  18:11:42
  mimalloc prodcons 256:1024 t=32 rep=2  18:11:51
  snmalloc prodcons 256:1024 t=32 rep=2  18:12:03
  scudo prodcons 256:1024 t=32 rep=2  18:12:13
  rpmalloc prodcons 256:1024 t=32 rep=2  18:12:27
  libc prodcons 256:1024 t=64 rep=1  18:12:39
  umem prodcons 256:1024 t=64 rep=1  18:12:56
  umem@null prodcons 256:1024 t=64 rep=1  18:13:12
  umem-preload prodcons 256:1024 t=64 rep=1  18:13:29
  umem-preload@null prodcons 256:1024 t=64 rep=1  18:13:59
  jemalloc prodcons 256:1024 t=64 rep=1  18:14:29
  tcmalloc prodcons 256:1024 t=64 rep=1  18:14:42
  mimalloc prodcons 256:1024 t=64 rep=1  18:14:56
  snmalloc prodcons 256:1024 t=64 rep=1  18:15:10
  scudo prodcons 256:1024 t=64 rep=1  18:15:23
  rpmalloc prodcons 256:1024 t=64 rep=1  18:15:48
  libc prodcons 256:1024 t=64 rep=2  18:16:02
  umem prodcons 256:1024 t=64 rep=2  18:16:19
  umem@null prodcons 256:1024 t=64 rep=2  18:16:35
  umem-preload prodcons 256:1024 t=64 rep=2  18:16:51
  umem-preload@null prodcons 256:1024 t=64 rep=2  18:17:20
  jemalloc prodcons 256:1024 t=64 rep=2  18:17:50
  tcmalloc prodcons 256:1024 t=64 rep=2  18:18:04
  mimalloc prodcons 256:1024 t=64 rep=2  18:18:19
  snmalloc prodcons 256:1024 t=64 rep=2  18:18:33
  scudo prodcons 256:1024 t=64 rep=2  18:18:46
  rpmalloc prodcons 256:1024 t=64 rep=2  18:19:12
  libc prodcons 256:1024 t=128 rep=1  18:19:25
  umem prodcons 256:1024 t=128 rep=1  18:19:50
  umem@null prodcons 256:1024 t=128 rep=1  18:20:11
  umem-preload prodcons 256:1024 t=128 rep=1  18:20:33
  umem-preload@null prodcons 256:1024 t=128 rep=1  18:21:24
  jemalloc prodcons 256:1024 t=128 rep=1  18:22:11
  tcmalloc prodcons 256:1024 t=128 rep=1  18:22:34
  mimalloc prodcons 256:1024 t=128 rep=1  18:22:56
  snmalloc prodcons 256:1024 t=128 rep=1  18:23:16
  scudo prodcons 256:1024 t=128 rep=1  18:23:32
  rpmalloc prodcons 256:1024 t=128 rep=1  18:24:08
  libc prodcons 256:1024 t=128 rep=2  18:24:26
  umem prodcons 256:1024 t=128 rep=2  18:24:53
  umem@null prodcons 256:1024 t=128 rep=2  18:25:14
  umem-preload prodcons 256:1024 t=128 rep=2  18:25:35
  umem-preload@null prodcons 256:1024 t=128 rep=2  18:26:27
  jemalloc prodcons 256:1024 t=128 rep=2  18:27:16
  tcmalloc prodcons 256:1024 t=128 rep=2  18:27:41
  mimalloc prodcons 256:1024 t=128 rep=2  18:28:05
  snmalloc prodcons 256:1024 t=128 rep=2  18:28:22
  scudo prodcons 256:1024 t=128 rep=2  18:28:42
  rpmalloc prodcons 256:1024 t=128 rep=2  18:29:18
  libc prodcons 256:1024 t=192 rep=1  18:29:37
  umem prodcons 256:1024 t=192 rep=1  18:30:14
  umem@null prodcons 256:1024 t=192 rep=1  18:30:49
  umem-preload prodcons 256:1024 t=192 rep=1  18:31:25
  umem-preload@null prodcons 256:1024 t=192 rep=1  18:32:29
  jemalloc prodcons 256:1024 t=192 rep=1  18:33:30
  tcmalloc prodcons 256:1024 t=192 rep=1  18:34:03
  mimalloc prodcons 256:1024 t=192 rep=1  18:34:37
  snmalloc prodcons 256:1024 t=192 rep=1  18:35:08
  scudo prodcons 256:1024 t=192 rep=1  18:35:40
  rpmalloc prodcons 256:1024 t=192 rep=1  18:36:21
  libc prodcons 256:1024 t=192 rep=2  18:36:56
  umem prodcons 256:1024 t=192 rep=2  18:37:31
  umem@null prodcons 256:1024 t=192 rep=2  18:38:06
  umem-preload prodcons 256:1024 t=192 rep=2  18:38:41
  umem-preload@null prodcons 256:1024 t=192 rep=2  18:39:41
  jemalloc prodcons 256:1024 t=192 rep=2  18:40:24
  tcmalloc prodcons 256:1024 t=192 rep=2  18:40:59
  mimalloc prodcons 256:1024 t=192 rep=2  18:41:32
  snmalloc prodcons 256:1024 t=192 rep=2  18:42:05
  scudo prodcons 256:1024 t=192 rep=2  18:42:37
  rpmalloc prodcons 256:1024 t=192 rep=2  18:43:22
  libc prodcons 1024:4096 t=1 rep=1  18:43:50
  umem prodcons 1024:4096 t=1 rep=1  18:44:02
  umem@null prodcons 1024:4096 t=1 rep=1  18:44:13
  umem-preload prodcons 1024:4096 t=1 rep=1  18:44:24
  umem-preload@null prodcons 1024:4096 t=1 rep=1  18:44:41
  jemalloc prodcons 1024:4096 t=1 rep=1  18:44:57
  tcmalloc prodcons 1024:4096 t=1 rep=1  18:45:09
  mimalloc prodcons 1024:4096 t=1 rep=1  18:45:20
  snmalloc prodcons 1024:4096 t=1 rep=1  18:45:31
  scudo prodcons 1024:4096 t=1 rep=1  18:45:44
  rpmalloc prodcons 1024:4096 t=1 rep=1  18:45:58
  libc prodcons 1024:4096 t=1 rep=2  18:46:26
  umem prodcons 1024:4096 t=1 rep=2  18:46:37
  umem@null prodcons 1024:4096 t=1 rep=2  18:46:49
  umem-preload prodcons 1024:4096 t=1 rep=2  18:47:00
  umem-preload@null prodcons 1024:4096 t=1 rep=2  18:47:16
  jemalloc prodcons 1024:4096 t=1 rep=2  18:47:33
  tcmalloc prodcons 1024:4096 t=1 rep=2  18:47:45
  mimalloc prodcons 1024:4096 t=1 rep=2  18:47:56
  snmalloc prodcons 1024:4096 t=1 rep=2  18:48:07
  scudo prodcons 1024:4096 t=1 rep=2  18:48:20
  rpmalloc prodcons 1024:4096 t=1 rep=2  18:48:34
  libc prodcons 1024:4096 t=8 rep=1  18:49:01
  umem prodcons 1024:4096 t=8 rep=1  18:49:13
  umem@null prodcons 1024:4096 t=8 rep=1  18:49:19
  umem-preload prodcons 1024:4096 t=8 rep=1  18:49:25
  umem-preload@null prodcons 1024:4096 t=8 rep=1  18:49:40
  jemalloc prodcons 1024:4096 t=8 rep=1  18:49:55
  tcmalloc prodcons 1024:4096 t=8 rep=1  18:50:01
  mimalloc prodcons 1024:4096 t=8 rep=1  18:50:07
  snmalloc prodcons 1024:4096 t=8 rep=1  18:50:12
  scudo prodcons 1024:4096 t=8 rep=1  18:50:17
  rpmalloc prodcons 1024:4096 t=8 rep=1  18:50:32
  libc prodcons 1024:4096 t=8 rep=2  18:50:36
  umem prodcons 1024:4096 t=8 rep=2  18:50:48
  umem@null prodcons 1024:4096 t=8 rep=2  18:50:53
  umem-preload prodcons 1024:4096 t=8 rep=2  18:50:59
  umem-preload@null prodcons 1024:4096 t=8 rep=2  18:51:13
  jemalloc prodcons 1024:4096 t=8 rep=2  18:51:29
  tcmalloc prodcons 1024:4096 t=8 rep=2  18:51:34
  mimalloc prodcons 1024:4096 t=8 rep=2  18:51:41
  snmalloc prodcons 1024:4096 t=8 rep=2  18:51:46
  scudo prodcons 1024:4096 t=8 rep=2  18:51:51
  rpmalloc prodcons 1024:4096 t=8 rep=2  18:52:05
  libc prodcons 1024:4096 t=32 rep=1  18:52:09
  umem prodcons 1024:4096 t=32 rep=1  18:52:20
  umem@null prodcons 1024:4096 t=32 rep=1  18:52:32
  umem-preload prodcons 1024:4096 t=32 rep=1  18:52:43
  umem-preload@null prodcons 1024:4096 t=32 rep=1  18:53:02
  jemalloc prodcons 1024:4096 t=32 rep=1  18:53:20
  tcmalloc prodcons 1024:4096 t=32 rep=1  18:53:32
  mimalloc prodcons 1024:4096 t=32 rep=1  18:53:41
  snmalloc prodcons 1024:4096 t=32 rep=1  18:53:52
  scudo prodcons 1024:4096 t=32 rep=1  18:54:04
  rpmalloc prodcons 1024:4096 t=32 rep=1  18:54:19
  libc prodcons 1024:4096 t=32 rep=2  18:54:32
  umem prodcons 1024:4096 t=32 rep=2  18:54:43
  umem@null prodcons 1024:4096 t=32 rep=2  18:54:54
  umem-preload prodcons 1024:4096 t=32 rep=2  18:55:07
  umem-preload@null prodcons 1024:4096 t=32 rep=2  18:55:25
  jemalloc prodcons 1024:4096 t=32 rep=2  18:55:44
  tcmalloc prodcons 1024:4096 t=32 rep=2  18:55:56
  mimalloc prodcons 1024:4096 t=32 rep=2  18:56:07
  snmalloc prodcons 1024:4096 t=32 rep=2  18:56:18
  scudo prodcons 1024:4096 t=32 rep=2  18:56:28
  rpmalloc prodcons 1024:4096 t=32 rep=2  18:56:44
  libc prodcons 1024:4096 t=64 rep=1  18:56:55
  umem prodcons 1024:4096 t=64 rep=1  18:57:12
  umem@null prodcons 1024:4096 t=64 rep=1  18:57:25
  umem-preload prodcons 1024:4096 t=64 rep=1  18:57:40
  umem-preload@null prodcons 1024:4096 t=64 rep=1  18:58:08
  jemalloc prodcons 1024:4096 t=64 rep=1  18:58:36
  tcmalloc prodcons 1024:4096 t=64 rep=1  18:58:51
  mimalloc prodcons 1024:4096 t=64 rep=1  18:59:05
  snmalloc prodcons 1024:4096 t=64 rep=1  18:59:19
  scudo prodcons 1024:4096 t=64 rep=1  18:59:31
  rpmalloc prodcons 1024:4096 t=64 rep=1  18:59:56
  libc prodcons 1024:4096 t=64 rep=2  19:00:10
  umem prodcons 1024:4096 t=64 rep=2  19:00:25
  umem@null prodcons 1024:4096 t=64 rep=2  19:00:39
  umem-preload prodcons 1024:4096 t=64 rep=2  19:00:53
  umem-preload@null prodcons 1024:4096 t=64 rep=2  19:01:21
  jemalloc prodcons 1024:4096 t=64 rep=2  19:01:52
  tcmalloc prodcons 1024:4096 t=64 rep=2  19:02:06
  mimalloc prodcons 1024:4096 t=64 rep=2  19:02:20
  snmalloc prodcons 1024:4096 t=64 rep=2  19:02:34
  scudo prodcons 1024:4096 t=64 rep=2  19:02:48
  rpmalloc prodcons 1024:4096 t=64 rep=2  19:03:13
  libc prodcons 1024:4096 t=128 rep=1  19:03:26
  umem prodcons 1024:4096 t=128 rep=1  19:03:51
  umem@null prodcons 1024:4096 t=128 rep=1  19:04:14
  umem-preload prodcons 1024:4096 t=128 rep=1  19:04:36
  umem-preload@null prodcons 1024:4096 t=128 rep=1  19:05:27
  jemalloc prodcons 1024:4096 t=128 rep=1  19:06:18
  tcmalloc prodcons 1024:4096 t=128 rep=1  19:06:41
  mimalloc prodcons 1024:4096 t=128 rep=1  19:07:05
  snmalloc prodcons 1024:4096 t=128 rep=1  19:07:23
  scudo prodcons 1024:4096 t=128 rep=1  19:07:40
  rpmalloc prodcons 1024:4096 t=128 rep=1  19:08:16
  libc prodcons 1024:4096 t=128 rep=2  19:08:33
  umem prodcons 1024:4096 t=128 rep=2  19:09:01
  umem@null prodcons 1024:4096 t=128 rep=2  19:09:22
  umem-preload prodcons 1024:4096 t=128 rep=2  19:09:43
  umem-preload@null prodcons 1024:4096 t=128 rep=2  19:10:27
  jemalloc prodcons 1024:4096 t=128 rep=2  19:11:16
  tcmalloc prodcons 1024:4096 t=128 rep=2  19:11:41
  mimalloc prodcons 1024:4096 t=128 rep=2  19:12:06
  snmalloc prodcons 1024:4096 t=128 rep=2  19:12:26
  scudo prodcons 1024:4096 t=128 rep=2  19:12:45
  rpmalloc prodcons 1024:4096 t=128 rep=2  19:13:20
  libc prodcons 1024:4096 t=192 rep=1  19:13:40
  umem prodcons 1024:4096 t=192 rep=1  19:14:17
  umem@null prodcons 1024:4096 t=192 rep=1  19:14:53
  umem-preload prodcons 1024:4096 t=192 rep=1  19:15:28
  umem-preload@null prodcons 1024:4096 t=192 rep=1  19:16:10
  jemalloc prodcons 1024:4096 t=192 rep=1  19:16:44
  tcmalloc prodcons 1024:4096 t=192 rep=1  19:17:16
  mimalloc prodcons 1024:4096 t=192 rep=1  19:17:47
  snmalloc prodcons 1024:4096 t=192 rep=1  19:18:18
  scudo prodcons 1024:4096 t=192 rep=1  19:18:50
  rpmalloc prodcons 1024:4096 t=192 rep=1  19:19:35
  libc prodcons 1024:4096 t=192 rep=2  19:20:08
  umem prodcons 1024:4096 t=192 rep=2  19:20:44
  umem@null prodcons 1024:4096 t=192 rep=2  19:21:17
  umem-preload prodcons 1024:4096 t=192 rep=2  19:21:51
  umem-preload@null prodcons 1024:4096 t=192 rep=2  19:22:36
  jemalloc prodcons 1024:4096 t=192 rep=2  19:23:39
  tcmalloc prodcons 1024:4096 t=192 rep=2  19:24:13
  mimalloc prodcons 1024:4096 t=192 rep=2  19:24:46
  snmalloc prodcons 1024:4096 t=192 rep=2  19:25:20
  scudo prodcons 1024:4096 t=192 rep=2  19:25:54
  rpmalloc prodcons 1024:4096 t=192 rep=2  19:26:32
matrix complete -> /home/ec2-user/libumem-iso-cmp-f2a8267df758/docs/results/2026-09-23-c7i.metal-48xl-x86_64/prodcons/matrix.toml
