# Pre-fix control: umem_hook_unregister() use-after-free race
#
# Isolated build of 98c6cd1eb1d2 = HEAD tree with umem_hooks.{c,h} reverted
# to 4a89d91 (pre-fix), so the ONLY difference from the post-fix run is the
# hooks implementation.  Test: test/unit/test_hook_contracts.c
# Host: c7i.2xlarge x86_64, AL2023.  Test exit status: 1 (FAIL, as intended).

## Summary of failures (full log below)
#   callbacks still running after unregister returned: 221
#   callbacks run against a FREED hook: 1
#   nonzero walk callback did not stop the walk: 1
#   L2 deadlock (register/track from a walk callback): 1

REGEN_OK
BUILD_OK
FAIL test/unit/test_hook_contracts.c:283: L4 violated: a nonzero callback return did not stop the walk
FAIL test/unit/test_hook_contracts.c:181: L1 violated: a callback was still running after umem_hook_unregister() returned
FAIL test/unit/test_hook_contracts.c:181: L1 violated: a callback was still running after umem_hook_unregister() returned
FAIL test/unit/test_hook_contracts.c:181: L1 violated: a callback was still running after umem_hook_unregister() returned
FAIL test/unit/test_hook_contracts.c:181: L1 violated: a callback was still running after umem_hook_unregister() returned
FAIL test/unit/test_hook_contracts.c:181: L1 violated: a callback was still running after umem_hook_unregister() returned
FAIL test/unit/test_hook_contracts.c:181: L1 violated: a callback was still running after umem_hook_unregister() returned
FAIL test/unit/test_hook_contracts.c:181: L1 violated: a callback was still running after umem_hook_unregister() returned
FAIL test/unit/test_hook_contracts.c:181: L1 violated: a callback was still running after umem_hook_unregister() returned
FAIL test/unit/test_hook_contracts.c:181: L1 violated: a callback was still running after umem_hook_unregister() returned
FAIL test/unit/test_hook_contracts.c:181: L1 violated: a callback was still running after umem_hook_unregister() returned
FAIL test/unit/test_hook_contracts.c:181: L1 violated: a callback was still running after umem_hook_unregister() returned
FAIL test/unit/test_hook_contracts.c:181: L1 violated: a callback was still running after umem_hook_unregister() returned
FAIL test/unit/test_hook_contracts.c:181: L1 violated: a callback was still running after umem_hook_unregister() returned
FAIL test/unit/test_hook_contracts.c:181: L1 violated: a callback was still running after umem_hook_unregister() returned
FAIL test/unit/test_hook_contracts.c:181: L1 violated: a callback was still running after umem_hook_unregister() returned
FAIL test/unit/test_hook_contracts.c:181: L1 violated: a callback was still running after umem_hook_unregister() returned
FAIL test/unit/test_hook_contracts.c:181: L1 violated: a callback was still running after umem_hook_unregister() returned
FAIL test/unit/test_hook_contracts.c:181: L1 violated: a callback was still running after umem_hook_unregister() returned
FAIL test/unit/test_hook_contracts.c:181: L1 violated: a callback was still running after umem_hook_unregister() returned
FAIL test/unit/test_hook_contracts.c:181: L1 violated: a callback was still running after umem_hook_unregister() returned
FAIL test/unit/test_hook_contracts.c:181: L1 violated: a callback was still running after umem_hook_unregister() returned
FAIL test/unit/test_hook_contracts.c:181: L1 violated: a callback was still running after umem_hook_unregister() returned
FAIL test/unit/test_hook_contracts.c:181: L1 violated: a callback was still running after umem_hook_unregister() returned
FAIL test/unit/test_hook_contracts.c:181: L1 violated: a callback was still running after umem_hook_unregister() returned
FAIL test/unit/test_hook_contracts.c:181: L1 violated: a callback was still running after umem_hook_unregister() returned
FAIL test/unit/test_hook_contracts.c:181: L1 violated: a callback was still running after umem_hook_unregister() returned
FAIL test/unit/test_hook_contracts.c:181: L1 violated: a callback was still running after umem_hook_unregister() returned
FAIL test/unit/test_hook_contracts.c:181: L1 violated: a callback was still running after umem_hook_unregister() returned
FAIL test/unit/test_hook_contracts.c:181: L1 violated: a callback was still running after umem_hook_unregister() returned
FAIL test/unit/test_hook_contracts.c:181: L1 violated: a callback was still running after umem_hook_unregister() returned
FAIL test/unit/test_hook_contracts.c:181: L1 violated: a callback was still running after umem_hook_unregister() returned
FAIL test/unit/test_hook_contracts.c:181: L1 violated: a callback was still running after umem_hook_unregister() returned
FAIL test/unit/test_hook_contracts.c:181: L1 violated: a callback was still running after umem_hook_unregister() returned
FAIL test/unit/test_hook_contracts.c:181: L1 violated: a callback was still running after umem_hook_unregister() returned
FAIL test/unit/test_hook_contracts.c:181: L1 violated: a callback was still running after umem_hook_unregister() returned
FAIL test/unit/test_hook_contracts.c:181: L1 violated: a callback was still running after umem_hook_unregister() returned
FAIL test/unit/test_hook_contracts.c:181: L1 violated: a callback was still running after umem_hook_unregister() returned
FAIL test/unit/test_hook_contracts.c:181: L1 violated: a callback was still running after umem_hook_unregister() returned
FAIL test/unit/test_hook_contracts.c:181: L1 violated: a callback was still running after umem_hook_unregister() returned
FAIL test/unit/test_hook_contracts.c:181: L1 violated: a callback was still running after umem_hook_unregister() returned
FAIL test/unit/test_hook_contracts.c:181: L1 violated: a callback was still running after umem_hook_unregister() returned
FAIL test/unit/test_hook_contracts.c:181: L1 violated: a callback was still running after umem_hook_unregister() returned
FAIL test/unit/test_hook_contracts.c:181: L1 violated: a callback was still running after umem_hook_unregister() returned
FAIL test/unit/test_hook_contracts.c:181: L1 violated: a callback was still running after umem_hook_unregister() returned
FAIL test/unit/test_hook_contracts.c:181: L1 violated: a callback was still running after umem_hook_unregister() returned
FAIL test/unit/test_hook_contracts.c:181: L1 violated: a callback was still running after umem_hook_unregister() returned
FAIL test/unit/test_hook_contracts.c:181: L1 violated: a callback was still running after umem_hook_unregister() returned
FAIL test/unit/test_hook_contracts.c:181: L1 violated: a callback was still running after umem_hook_unregister() returned
FAIL test/unit/test_hook_contracts.c:181: L1 violated: a callback was still running after umem_hook_unregister() returned
FAIL test/unit/test_hook_contracts.c:181: L1 violated: a callback was still running after umem_hook_unregister() returned
FAIL test/unit/test_hook_contracts.c:181: L1 violated: a callback was still running after umem_hook_unregister() returned
FAIL test/unit/test_hook_contracts.c:181: L1 violated: a callback was still running after umem_hook_unregister() returned
FAIL test/unit/test_hook_contracts.c:181: L1 violated: a callback was still running after umem_hook_unregister() returned
FAIL test/unit/test_hook_contracts.c:181: L1 violated: a callback was still running after umem_hook_unregister() returned
FAIL test/unit/test_hook_contracts.c:181: L1 violated: a callback was still running after umem_hook_unregister() returned
FAIL test/unit/test_hook_contracts.c:181: L1 violated: a callback was still running after umem_hook_unregister() returned
FAIL test/unit/test_hook_contracts.c:181: L1 violated: a callback was still running after umem_hook_unregister() returned
FAIL test/unit/test_hook_contracts.c:181: L1 violated: a callback was still running after umem_hook_unregister() returned
FAIL test/unit/test_hook_contracts.c:181: L1 violated: a callback was still running after umem_hook_unregister() returned
FAIL test/unit/test_hook_contracts.c:181: L1 violated: a callback was still running after umem_hook_unregister() returned
FAIL test/unit/test_hook_contracts.c:181: L1 violated: a callback was still running after umem_hook_unregister() returned
FAIL test/unit/test_hook_contracts.c:181: L1 violated: a callback was still running after umem_hook_unregister() returned
FAIL test/unit/test_hook_contracts.c:181: L1 violated: a callback was still running after umem_hook_unregister() returned
FAIL test/unit/test_hook_contracts.c:181: L1 violated: a callback was still running after umem_hook_unregister() returned
FAIL test/unit/test_hook_contracts.c:181: L1 violated: a callback was still running after umem_hook_unregister() returned
FAIL test/unit/test_hook_contracts.c:181: L1 violated: a callback was still running after umem_hook_unregister() returned
FAIL test/unit/test_hook_contracts.c:181: L1 violated: a callback was still running after umem_hook_unregister() returned
FAIL test/unit/test_hook_contracts.c:181: L1 violated: a callback was still running after umem_hook_unregister() returned
FAIL test/unit/test_hook_contracts.c:181: L1 violated: a callback was still running after umem_hook_unregister() returned
FAIL test/unit/test_hook_contracts.c:181: L1 violated: a callback was still running after umem_hook_unregister() returned
FAIL test/unit/test_hook_contracts.c:181: L1 violated: a callback was still running after umem_hook_unregister() returned
FAIL test/unit/test_hook_contracts.c:181: L1 violated: a callback was still running after umem_hook_unregister() returned
FAIL test/unit/test_hook_contracts.c:181: L1 violated: a callback was still running after umem_hook_unregister() returned
FAIL test/unit/test_hook_contracts.c:181: L1 violated: a callback was still running after umem_hook_unregister() returned
FAIL test/unit/test_hook_contracts.c:181: L1 violated: a callback was still running after umem_hook_unregister() returned
FAIL test/unit/test_hook_contracts.c:181: L1 violated: a callback was still running after umem_hook_unregister() returned
FAIL test/unit/test_hook_contracts.c:181: L1 violated: a callback was still running after umem_hook_unregister() returned
FAIL test/unit/test_hook_contracts.c:181: L1 violated: a callback was still running after umem_hook_unregister() returned
FAIL test/unit/test_hook_contracts.c:181: L1 violated: a callback was still running after umem_hook_unregister() returned
FAIL test/unit/test_hook_contracts.c:181: L1 violated: a callback was still running after umem_hook_unregister() returned
FAIL test/unit/test_hook_contracts.c:181: L1 violated: a callback was still running after umem_hook_unregister() returned
FAIL test/unit/test_hook_contracts.c:181: L1 violated: a callback was still running after umem_hook_unregister() returned
FAIL test/unit/test_hook_contracts.c:181: L1 violated: a callback was still running after umem_hook_unregister() returned
FAIL test/unit/test_hook_contracts.c:181: L1 violated: a callback was still running after umem_hook_unregister() returned
FAIL test/unit/test_hook_contracts.c:181: L1 violated: a callback was still running after umem_hook_unregister() returned
FAIL test/unit/test_hook_contracts.c:181: L1 violated: a callback was still running after umem_hook_unregister() returned
FAIL test/unit/test_hook_contracts.c:181: L1 violated: a callback was still running after umem_hook_unregister() returned
FAIL test/unit/test_hook_contracts.c:181: L1 violated: a callback was still running after umem_hook_unregister() returned
FAIL test/unit/test_hook_contracts.c:181: L1 violated: a callback was still running after umem_hook_unregister() returned
FAIL test/unit/test_hook_contracts.c:181: L1 violated: a callback was still running after umem_hook_unregister() returned
FAIL test/unit/test_hook_contracts.c:181: L1 violated: a callback was still running after umem_hook_unregister() returned
FAIL test/unit/test_hook_contracts.c:181: L1 violated: a callback was still running after umem_hook_unregister() returned
FAIL test/unit/test_hook_contracts.c:181: L1 violated: a callback was still running after umem_hook_unregister() returned
FAIL test/unit/test_hook_contracts.c:181: L1 violated: a callback was still running after umem_hook_unregister() returned
FAIL test/unit/test_hook_contracts.c:181: L1 violated: a callback was still running after umem_hook_unregister() returned
FAIL test/unit/test_hook_contracts.c:181: L1 violated: a callback was still running after umem_hook_unregister() returned
FAIL test/unit/test_hook_contracts.c:181: L1 violated: a callback was still running after umem_hook_unregister() returned
FAIL test/unit/test_hook_contracts.c:181: L1 violated: a callback was still running after umem_hook_unregister() returned
FAIL test/unit/test_hook_contracts.c:181: L1 violated: a callback was still running after umem_hook_unregister() returned
FAIL test/unit/test_hook_contracts.c:181: L1 violated: a callback was still running after umem_hook_unregister() returned
FAIL test/unit/test_hook_contracts.c:181: L1 violated: a callback was still running after umem_hook_unregister() returned
FAIL test/unit/test_hook_contracts.c:181: L1 violated: a callback was still running after umem_hook_unregister() returned
FAIL test/unit/test_hook_contracts.c:181: L1 violated: a callback was still running after umem_hook_unregister() returned
FAIL test/unit/test_hook_contracts.c:181: L1 violated: a callback was still running after umem_hook_unregister() returned
FAIL test/unit/test_hook_contracts.c:181: L1 violated: a callback was still running after umem_hook_unregister() returned
FAIL test/unit/test_hook_contracts.c:181: L1 violated: a callback was still running after umem_hook_unregister() returned
FAIL test/unit/test_hook_contracts.c:181: L1 violated: a callback was still running after umem_hook_unregister() returned
FAIL test/unit/test_hook_contracts.c:181: L1 violated: a callback was still running after umem_hook_unregister() returned
FAIL test/unit/test_hook_contracts.c:181: L1 violated: a callback was still running after umem_hook_unregister() returned
FAIL test/unit/test_hook_contracts.c:181: L1 violated: a callback was still running after umem_hook_unregister() returned
FAIL test/unit/test_hook_contracts.c:181: L1 violated: a callback was still running after umem_hook_unregister() returned
FAIL test/unit/test_hook_contracts.c:181: L1 violated: a callback was still running after umem_hook_unregister() returned
FAIL test/unit/test_hook_contracts.c:181: L1 violated: a callback was still running after umem_hook_unregister() returned
FAIL test/unit/test_hook_contracts.c:181: L1 violated: a callback was still running after umem_hook_unregister() returned
FAIL test/unit/test_hook_contracts.c:181: L1 violated: a callback was still running after umem_hook_unregister() returned
FAIL test/unit/test_hook_contracts.c:181: L1 violated: a callback was still running after umem_hook_unregister() returned
FAIL test/unit/test_hook_contracts.c:181: L1 violated: a callback was still running after umem_hook_unregister() returned
FAIL test/unit/test_hook_contracts.c:181: L1 violated: a callback was still running after umem_hook_unregister() returned
FAIL test/unit/test_hook_contracts.c:181: L1 violated: a callback was still running after umem_hook_unregister() returned
FAIL test/unit/test_hook_contracts.c:181: L1 violated: a callback was still running after umem_hook_unregister() returned
FAIL test/unit/test_hook_contracts.c:181: L1 violated: a callback was still running after umem_hook_unregister() returned
FAIL test/unit/test_hook_contracts.c:181: L1 violated: a callback was still running after umem_hook_unregister() returned
FAIL test/unit/test_hook_contracts.c:181: L1 violated: a callback was still running after umem_hook_unregister() returned
FAIL test/unit/test_hook_contracts.c:181: L1 violated: a callback was still running after umem_hook_unregister() returned
FAIL test/unit/test_hook_contracts.c:181: L1 violated: a callback was still running after umem_hook_unregister() returned
FAIL test/unit/test_hook_contracts.c:181: L1 violated: a callback was still running after umem_hook_unregister() returned
FAIL test/unit/test_hook_contracts.c:181: L1 violated: a callback was still running after umem_hook_unregister() returned
FAIL test/unit/test_hook_contracts.c:181: L1 violated: a callback was still running after umem_hook_unregister() returned
FAIL test/unit/test_hook_contracts.c:181: L1 violated: a callback was still running after umem_hook_unregister() returned
FAIL test/unit/test_hook_contracts.c:181: L1 violated: a callback was still running after umem_hook_unregister() returned
FAIL test/unit/test_hook_contracts.c:181: L1 violated: a callback was still running after umem_hook_unregister() returned
FAIL test/unit/test_hook_contracts.c:181: L1 violated: a callback was still running after umem_hook_unregister() returned
FAIL test/unit/test_hook_contracts.c:181: L1 violated: a callback was still running after umem_hook_unregister() returned
FAIL test/unit/test_hook_contracts.c:181: L1 violated: a callback was still running after umem_hook_unregister() returned
FAIL test/unit/test_hook_contracts.c:181: L1 violated: a callback was still running after umem_hook_unregister() returned
FAIL test/unit/test_hook_contracts.c:181: L1 violated: a callback was still running after umem_hook_unregister() returned
FAIL test/unit/test_hook_contracts.c:181: L1 violated: a callback was still running after umem_hook_unregister() returned
FAIL test/unit/test_hook_contracts.c:181: L1 violated: a callback was still running after umem_hook_unregister() returned
FAIL test/unit/test_hook_contracts.c:181: L1 violated: a callback was still running after umem_hook_unregister() returned
FAIL test/unit/test_hook_contracts.c:181: L1 violated: a callback was still running after umem_hook_unregister() returned
FAIL test/unit/test_hook_contracts.c:181: L1 violated: a callback was still running after umem_hook_unregister() returned
FAIL test/unit/test_hook_contracts.c:181: L1 violated: a callback was still running after umem_hook_unregister() returned
FAIL test/unit/test_hook_contracts.c:181: L1 violated: a callback was still running after umem_hook_unregister() returned
FAIL test/unit/test_hook_contracts.c:181: L1 violated: a callback was still running after umem_hook_unregister() returned
FAIL test/unit/test_hook_contracts.c:181: L1 violated: a callback was still running after umem_hook_unregister() returned
FAIL test/unit/test_hook_contracts.c:181: L1 violated: a callback was still running after umem_hook_unregister() returned
FAIL test/unit/test_hook_contracts.c:181: L1 violated: a callback was still running after umem_hook_unregister() returned
FAIL test/unit/test_hook_contracts.c:181: L1 violated: a callback was still running after umem_hook_unregister() returned
FAIL test/unit/test_hook_contracts.c:181: L1 violated: a callback was still running after umem_hook_unregister() returned
FAIL test/unit/test_hook_contracts.c:181: L1 violated: a callback was still running after umem_hook_unregister() returned
FAIL test/unit/test_hook_contracts.c:181: L1 violated: a callback was still running after umem_hook_unregister() returned
FAIL test/unit/test_hook_contracts.c:181: L1 violated: a callback was still running after umem_hook_unregister() returned
FAIL test/unit/test_hook_contracts.c:181: L1 violated: a callback was still running after umem_hook_unregister() returned
FAIL test/unit/test_hook_contracts.c:181: L1 violated: a callback was still running after umem_hook_unregister() returned
FAIL test/unit/test_hook_contracts.c:181: L1 violated: a callback was still running after umem_hook_unregister() returned
FAIL test/unit/test_hook_contracts.c:181: L1 violated: a callback was still running after umem_hook_unregister() returned
FAIL test/unit/test_hook_contracts.c:181: L1 violated: a callback was still running after umem_hook_unregister() returned
FAIL test/unit/test_hook_contracts.c:181: L1 violated: a callback was still running after umem_hook_unregister() returned
FAIL test/unit/test_hook_contracts.c:181: L1 violated: a callback was still running after umem_hook_unregister() returned
FAIL test/unit/test_hook_contracts.c:181: L1 violated: a callback was still running after umem_hook_unregister() returned
FAIL test/unit/test_hook_contracts.c:181: L1 violated: a callback was still running after umem_hook_unregister() returned
FAIL test/unit/test_hook_contracts.c:181: L1 violated: a callback was still running after umem_hook_unregister() returned
FAIL test/unit/test_hook_contracts.c:181: L1 violated: a callback was still running after umem_hook_unregister() returned
FAIL test/unit/test_hook_contracts.c:181: L1 violated: a callback was still running after umem_hook_unregister() returned
FAIL test/unit/test_hook_contracts.c:181: L1 violated: a callback was still running after umem_hook_unregister() returned
FAIL test/unit/test_hook_contracts.c:181: L1 violated: a callback was still running after umem_hook_unregister() returned
FAIL test/unit/test_hook_contracts.c:181: L1 violated: a callback was still running after umem_hook_unregister() returned
FAIL test/unit/test_hook_contracts.c:181: L1 violated: a callback was still running after umem_hook_unregister() returned
FAIL test/unit/test_hook_contracts.c:181: L1 violated: a callback was still running after umem_hook_unregister() returned
FAIL test/unit/test_hook_contracts.c:181: L1 violated: a callback was still running after umem_hook_unregister() returned
FAIL test/unit/test_hook_contracts.c:181: L1 violated: a callback was still running after umem_hook_unregister() returned
FAIL test/unit/test_hook_contracts.c:181: L1 violated: a callback was still running after umem_hook_unregister() returned
FAIL test/unit/test_hook_contracts.c:181: L1 violated: a callback was still running after umem_hook_unregister() returned
FAIL test/unit/test_hook_contracts.c:181: L1 violated: a callback was still running after umem_hook_unregister() returned
FAIL test/unit/test_hook_contracts.c:181: L1 violated: a callback was still running after umem_hook_unregister() returned
FAIL test/unit/test_hook_contracts.c:181: L1 violated: a callback was still running after umem_hook_unregister() returned
FAIL test/unit/test_hook_contracts.c:181: L1 violated: a callback was still running after umem_hook_unregister() returned
FAIL test/unit/test_hook_contracts.c:181: L1 violated: a callback was still running after umem_hook_unregister() returned
FAIL test/unit/test_hook_contracts.c:181: L1 violated: a callback was still running after umem_hook_unregister() returned
FAIL test/unit/test_hook_contracts.c:181: L1 violated: a callback was still running after umem_hook_unregister() returned
FAIL test/unit/test_hook_contracts.c:181: L1 violated: a callback was still running after umem_hook_unregister() returned
FAIL test/unit/test_hook_contracts.c:181: L1 violated: a callback was still running after umem_hook_unregister() returned
FAIL test/unit/test_hook_contracts.c:181: L1 violated: a callback was still running after umem_hook_unregister() returned
FAIL test/unit/test_hook_contracts.c:181: L1 violated: a callback was still running after umem_hook_unregister() returned
FAIL test/unit/test_hook_contracts.c:181: L1 violated: a callback was still running after umem_hook_unregister() returned
FAIL test/unit/test_hook_contracts.c:181: L1 violated: a callback was still running after umem_hook_unregister() returned
FAIL test/unit/test_hook_contracts.c:181: L1 violated: a callback was still running after umem_hook_unregister() returned
FAIL test/unit/test_hook_contracts.c:181: L1 violated: a callback was still running after umem_hook_unregister() returned
FAIL test/unit/test_hook_contracts.c:181: L1 violated: a callback was still running after umem_hook_unregister() returned
FAIL test/unit/test_hook_contracts.c:181: L1 violated: a callback was still running after umem_hook_unregister() returned
FAIL test/unit/test_hook_contracts.c:181: L1 violated: a callback was still running after umem_hook_unregister() returned
FAIL test/unit/test_hook_contracts.c:181: L1 violated: a callback was still running after umem_hook_unregister() returned
FAIL test/unit/test_hook_contracts.c:181: L1 violated: a callback was still running after umem_hook_unregister() returned
FAIL test/unit/test_hook_contracts.c:181: L1 violated: a callback was still running after umem_hook_unregister() returned
FAIL test/unit/test_hook_contracts.c:181: L1 violated: a callback was still running after umem_hook_unregister() returned
FAIL test/unit/test_hook_contracts.c:181: L1 violated: a callback was still running after umem_hook_unregister() returned
FAIL test/unit/test_hook_contracts.c:181: L1 violated: a callback was still running after umem_hook_unregister() returned
FAIL test/unit/test_hook_contracts.c:181: L1 violated: a callback was still running after umem_hook_unregister() returned
FAIL test/unit/test_hook_contracts.c:181: L1 violated: a callback was still running after umem_hook_unregister() returned
FAIL test/unit/test_hook_contracts.c:181: L1 violated: a callback was still running after umem_hook_unregister() returned
FAIL test/unit/test_hook_contracts.c:181: L1 violated: a callback was still running after umem_hook_unregister() returned
FAIL test/unit/test_hook_contracts.c:181: L1 violated: a callback was still running after umem_hook_unregister() returned
FAIL test/unit/test_hook_contracts.c:181: L1 violated: a callback was still running after umem_hook_unregister() returned
FAIL test/unit/test_hook_contracts.c:181: L1 violated: a callback was still running after umem_hook_unregister() returned
FAIL test/unit/test_hook_contracts.c:181: L1 violated: a callback was still running after umem_hook_unregister() returned
FAIL test/unit/test_hook_contracts.c:181: L1 violated: a callback was still running after umem_hook_unregister() returned
FAIL test/unit/test_hook_contracts.c:181: L1 violated: a callback was still running after umem_hook_unregister() returned
FAIL test/unit/test_hook_contracts.c:181: L1 violated: a callback was still running after umem_hook_unregister() returned
FAIL test/unit/test_hook_contracts.c:181: L1 violated: a callback was still running after umem_hook_unregister() returned
FAIL test/unit/test_hook_contracts.c:181: L1 violated: a callback was still running after umem_hook_unregister() returned
FAIL test/unit/test_hook_contracts.c:181: L1 violated: a callback was still running after umem_hook_unregister() returned
FAIL test/unit/test_hook_contracts.c:181: L1 violated: a callback was still running after umem_hook_unregister() returned
FAIL test/unit/test_hook_contracts.c:181: L1 violated: a callback was still running after umem_hook_unregister() returned
FAIL test/unit/test_hook_contracts.c:181: L1 violated: a callback was still running after umem_hook_unregister() returned
FAIL test/unit/test_hook_contracts.c:181: L1 violated: a callback was still running after umem_hook_unregister() returned
FAIL test/unit/test_hook_contracts.c:181: L1 violated: a callback was still running after umem_hook_unregister() returned
FAIL test/unit/test_hook_contracts.c:181: L1 violated: a callback was still running after umem_hook_unregister() returned
FAIL test/unit/test_hook_contracts.c:181: L1 violated: a callback was still running after umem_hook_unregister() returned
FAIL test/unit/test_hook_contracts.c:181: L1 violated: a callback was still running after umem_hook_unregister() returned
FAIL test/unit/test_hook_contracts.c:181: L1 violated: a callback was still running after umem_hook_unregister() returned
FAIL test/unit/test_hook_contracts.c:181: L1 violated: a callback was still running after umem_hook_unregister() returned
FAIL test/unit/test_hook_contracts.c:195: L1 violated: a hook callback ran against a freed hook
FAIL: watchdog fired after 120s -- a hook operation deadlocked (see contract L2 in umem_hooks.h)
PREFIX_RC=1
