matrix: instance=c7i.2xlarge arch=x86_64 vcpu=8 governor=unknown
  allocators: libc umem umem@null umem-preload umem-preload@null jemalloc tcmalloc mimalloc snmalloc scudo rpmalloc
  threads:    1 2 4 8
  sizes:      16:64 64:256
  runs=3 warmups=1 replicates=2 pin=1 ops=20000000
  -> /home/ec2-user/libumem-iso-cmp2-d6f04abd8f1b/docs/results/2026-09-24-c7i.2xlarge-x86_64/frag/matrix.toml
  libc frag 16:64 t=1 rep=1  09:57:07
  umem frag 16:64 t=1 rep=1  09:57:48
  umem@null frag 16:64 t=1 rep=1  09:58:27
  umem-preload frag 16:64 t=1 rep=1  09:59:05
  umem-preload@null frag 16:64 t=1 rep=1  09:59:44
  jemalloc frag 16:64 t=1 rep=1  10:00:23
  tcmalloc frag 16:64 t=1 rep=1  10:00:55
  mimalloc frag 16:64 t=1 rep=1  10:01:29
  snmalloc frag 16:64 t=1 rep=1  10:01:56
  scudo frag 16:64 t=1 rep=1  10:02:24
  rpmalloc frag 16:64 t=1 rep=1  10:03:04
  libc frag 16:64 t=1 rep=2  10:03:31
  umem frag 16:64 t=1 rep=2  10:04:13
  umem@null frag 16:64 t=1 rep=2  10:04:51
  umem-preload frag 16:64 t=1 rep=2  10:05:30
  umem-preload@null frag 16:64 t=1 rep=2  10:06:09
  jemalloc frag 16:64 t=1 rep=2  10:06:47
  tcmalloc frag 16:64 t=1 rep=2  10:07:19
  mimalloc frag 16:64 t=1 rep=2  10:07:53
  snmalloc frag 16:64 t=1 rep=2  10:08:20
  scudo frag 16:64 t=1 rep=2  10:08:48
  rpmalloc frag 16:64 t=1 rep=2  10:09:27
  libc frag 16:64 t=2 rep=1  10:09:55
  umem frag 16:64 t=2 rep=1  10:10:19
  umem@null frag 16:64 t=2 rep=1  10:10:42
  umem-preload frag 16:64 t=2 rep=1  10:11:07
  umem-preload@null frag 16:64 t=2 rep=1  10:11:36
  jemalloc frag 16:64 t=2 rep=1  10:12:03
  tcmalloc frag 16:64 t=2 rep=1  10:12:21
  mimalloc frag 16:64 t=2 rep=1  10:12:41
  snmalloc frag 16:64 t=2 rep=1  10:12:59
  scudo frag 16:64 t=2 rep=1  10:13:17
  rpmalloc frag 16:64 t=2 rep=1  10:13:42
  libc frag 16:64 t=2 rep=2  10:13:59
  umem frag 16:64 t=2 rep=2  10:14:24
  umem@null frag 16:64 t=2 rep=2  10:14:50
  umem-preload frag 16:64 t=2 rep=2  10:15:14
  umem-preload@null frag 16:64 t=2 rep=2  10:15:41
  jemalloc frag 16:64 t=2 rep=2  10:16:08
  tcmalloc frag 16:64 t=2 rep=2  10:16:26
  mimalloc frag 16:64 t=2 rep=2  10:16:47
  snmalloc frag 16:64 t=2 rep=2  10:17:03
  scudo frag 16:64 t=2 rep=2  10:17:20
  rpmalloc frag 16:64 t=2 rep=2  10:17:45
  libc frag 16:64 t=4 rep=1  10:18:02
  umem frag 16:64 t=4 rep=1  10:18:16
  umem@null frag 16:64 t=4 rep=1  10:18:32
  umem-preload frag 16:64 t=4 rep=1  10:18:46
  umem-preload@null frag 16:64 t=4 rep=1  10:19:04
  jemalloc frag 16:64 t=4 rep=1  10:19:23
  tcmalloc frag 16:64 t=4 rep=1  10:19:36
  mimalloc frag 16:64 t=4 rep=1  10:19:49
  snmalloc frag 16:64 t=4 rep=1  10:20:00
  scudo frag 16:64 t=4 rep=1  10:20:13
  rpmalloc frag 16:64 t=4 rep=1  10:20:28
  libc frag 16:64 t=4 rep=2  10:20:40
  umem frag 16:64 t=4 rep=2  10:20:53
  umem@null frag 16:64 t=4 rep=2  10:21:06
  umem-preload frag 16:64 t=4 rep=2  10:21:20
  umem-preload@null frag 16:64 t=4 rep=2  10:21:38
  jemalloc frag 16:64 t=4 rep=2  10:21:56
  tcmalloc frag 16:64 t=4 rep=2  10:22:08
  mimalloc frag 16:64 t=4 rep=2  10:22:20
  snmalloc frag 16:64 t=4 rep=2  10:22:29
  scudo frag 16:64 t=4 rep=2  10:22:42
  rpmalloc frag 16:64 t=4 rep=2  10:22:57
  libc frag 16:64 t=8 rep=1  10:23:08
  umem frag 16:64 t=8 rep=1  10:23:16
  umem@null frag 16:64 t=8 rep=1  10:23:26
  umem-preload frag 16:64 t=8 rep=1  10:23:37
  umem-preload@null frag 16:64 t=8 rep=1  10:23:47
  jemalloc frag 16:64 t=8 rep=1  10:23:58
  tcmalloc frag 16:64 t=8 rep=1  10:24:05
  mimalloc frag 16:64 t=8 rep=1  10:24:12
  snmalloc frag 16:64 t=8 rep=1  10:24:19
  scudo frag 16:64 t=8 rep=1  10:24:26
  rpmalloc frag 16:64 t=8 rep=1  10:24:34
  libc frag 16:64 t=8 rep=2  10:24:41
  umem frag 16:64 t=8 rep=2  10:24:49
  umem@null frag 16:64 t=8 rep=2  10:24:59
  umem-preload frag 16:64 t=8 rep=2  10:25:10
  umem-preload@null frag 16:64 t=8 rep=2  10:25:21
  jemalloc frag 16:64 t=8 rep=2  10:25:32
  tcmalloc frag 16:64 t=8 rep=2  10:25:39
  mimalloc frag 16:64 t=8 rep=2  10:25:46
  snmalloc frag 16:64 t=8 rep=2  10:25:52
  scudo frag 16:64 t=8 rep=2  10:26:00
  rpmalloc frag 16:64 t=8 rep=2  10:26:08
  libc frag 64:256 t=1 rep=1  10:26:14
  umem frag 64:256 t=1 rep=1  10:27:18
  umem@null frag 64:256 t=1 rep=1  10:28:01
  umem-preload frag 64:256 t=1 rep=1  10:28:43
  umem-preload@null frag 64:256 t=1 rep=1  10:29:26
  jemalloc frag 64:256 t=1 rep=1  10:30:09
  tcmalloc frag 64:256 t=1 rep=1  10:30:41
  mimalloc frag 64:256 t=1 rep=1  10:31:17
  snmalloc frag 64:256 t=1 rep=1  10:31:47
  scudo frag 64:256 t=1 rep=1  10:32:16
  rpmalloc frag 64:256 t=1 rep=1  10:33:01
  libc frag 64:256 t=1 rep=2  10:33:32
  umem frag 64:256 t=1 rep=2  10:34:36
  umem@null frag 64:256 t=1 rep=2  10:35:18
  umem-preload frag 64:256 t=1 rep=2  10:36:01
  umem-preload@null frag 64:256 t=1 rep=2  10:36:44
  jemalloc frag 64:256 t=1 rep=2  10:37:27
  tcmalloc frag 64:256 t=1 rep=2  10:37:59
  mimalloc frag 64:256 t=1 rep=2  10:38:34
  snmalloc frag 64:256 t=1 rep=2  10:39:04
  scudo frag 64:256 t=1 rep=2  10:39:33
  rpmalloc frag 64:256 t=1 rep=2  10:40:17
  libc frag 64:256 t=2 rep=1  10:40:49
  umem frag 64:256 t=2 rep=1  10:41:24
  umem@null frag 64:256 t=2 rep=1  10:41:53
  umem-preload frag 64:256 t=2 rep=1  10:42:20
  umem-preload@null frag 64:256 t=2 rep=1  10:42:49
  jemalloc frag 64:256 t=2 rep=1  10:43:19
  tcmalloc frag 64:256 t=2 rep=1  10:43:38
  mimalloc frag 64:256 t=2 rep=1  10:44:01
  snmalloc frag 64:256 t=2 rep=1  10:44:19
  scudo frag 64:256 t=2 rep=1  10:44:36
  rpmalloc frag 64:256 t=2 rep=1  10:45:03
  libc frag 64:256 t=2 rep=2  10:45:23
  umem frag 64:256 t=2 rep=2  10:45:59
  umem@null frag 64:256 t=2 rep=2  10:46:25
  umem-preload frag 64:256 t=2 rep=2  10:46:53
  umem-preload@null frag 64:256 t=2 rep=2  10:47:25
  jemalloc frag 64:256 t=2 rep=2  10:47:56
  tcmalloc frag 64:256 t=2 rep=2  10:48:14
  mimalloc frag 64:256 t=2 rep=2  10:48:36
  snmalloc frag 64:256 t=2 rep=2  10:48:55
  scudo frag 64:256 t=2 rep=2  10:49:12
  rpmalloc frag 64:256 t=2 rep=2  10:49:39
  libc frag 64:256 t=4 rep=1  10:49:57
  umem frag 64:256 t=4 rep=1  10:50:15
  umem@null frag 64:256 t=4 rep=1  10:50:32
  umem-preload frag 64:256 t=4 rep=1  10:50:46
  umem-preload@null frag 64:256 t=4 rep=1  10:51:06
  jemalloc frag 64:256 t=4 rep=1  10:51:24
  tcmalloc frag 64:256 t=4 rep=1  10:51:37
  mimalloc frag 64:256 t=4 rep=1  10:51:50
  snmalloc frag 64:256 t=4 rep=1  10:52:01
  scudo frag 64:256 t=4 rep=1  10:52:12
  rpmalloc frag 64:256 t=4 rep=1  10:52:26
  libc frag 64:256 t=4 rep=2  10:52:38
  umem frag 64:256 t=4 rep=2  10:52:56
  umem@null frag 64:256 t=4 rep=2  10:53:12
  umem-preload frag 64:256 t=4 rep=2  10:53:26
  umem-preload@null frag 64:256 t=4 rep=2  10:53:46
  jemalloc frag 64:256 t=4 rep=2  10:54:05
  tcmalloc frag 64:256 t=4 rep=2  10:54:18
  mimalloc frag 64:256 t=4 rep=2  10:54:30
  snmalloc frag 64:256 t=4 rep=2  10:54:41
  scudo frag 64:256 t=4 rep=2  10:54:53
  rpmalloc frag 64:256 t=4 rep=2  10:55:07
  libc frag 64:256 t=8 rep=1  10:55:20
  umem frag 64:256 t=8 rep=1  10:55:31
  umem@null frag 64:256 t=8 rep=1  10:55:41
  umem-preload frag 64:256 t=8 rep=1  10:55:52
  umem-preload@null frag 64:256 t=8 rep=1  10:56:03
  jemalloc frag 64:256 t=8 rep=1  10:56:15
  tcmalloc frag 64:256 t=8 rep=1  10:56:23
  mimalloc frag 64:256 t=8 rep=1  10:56:32
  snmalloc frag 64:256 t=8 rep=1  10:56:40
  scudo frag 64:256 t=8 rep=1  10:56:47
  rpmalloc frag 64:256 t=8 rep=1  10:56:56
  libc frag 64:256 t=8 rep=2  10:57:03
  umem frag 64:256 t=8 rep=2  10:57:15
  umem@null frag 64:256 t=8 rep=2  10:57:25
  umem-preload frag 64:256 t=8 rep=2  10:57:36
  umem-preload@null frag 64:256 t=8 rep=2  10:57:47
  jemalloc frag 64:256 t=8 rep=2  10:57:58
  tcmalloc frag 64:256 t=8 rep=2  10:58:05
  mimalloc frag 64:256 t=8 rep=2  10:58:14
  snmalloc frag 64:256 t=8 rep=2  10:58:21
  scudo frag 64:256 t=8 rep=2  10:58:29
  rpmalloc frag 64:256 t=8 rep=2  10:58:37
matrix complete -> /home/ec2-user/libumem-iso-cmp2-d6f04abd8f1b/docs/results/2026-09-24-c7i.2xlarge-x86_64/frag/matrix.toml
