matrix: instance=c7i.2xlarge arch=x86_64 vcpu=8 governor=unknown
  allocators: libc umem umem@null umem-preload umem-preload@null jemalloc tcmalloc mimalloc snmalloc scudo rpmalloc
  threads:    1 2 4 8
  sizes:      16:64 64:256 256:1024 1024:4096
  runs=3 warmups=1 replicates=2 pin=1 ops=20000000
  -> /home/ec2-user/libumem-iso-cmp2-d6f04abd8f1b/docs/results/2026-09-24-c7i.2xlarge-x86_64/multi/matrix.toml
  libc multi 16:64 t=1 rep=1  07:55:53
  umem multi 16:64 t=1 rep=1  07:56:09
  umem@null multi 16:64 t=1 rep=1  07:56:24
  umem-preload multi 16:64 t=1 rep=1  07:56:39
  umem-preload@null multi 16:64 t=1 rep=1  07:56:54
  jemalloc multi 16:64 t=1 rep=1  07:57:10
  tcmalloc multi 16:64 t=1 rep=1  07:57:26
  mimalloc multi 16:64 t=1 rep=1  07:57:42
  snmalloc multi 16:64 t=1 rep=1  07:57:56
  scudo multi 16:64 t=1 rep=1  07:58:11
  rpmalloc multi 16:64 t=1 rep=1  07:58:28
  libc multi 16:64 t=1 rep=2  07:58:44
  umem multi 16:64 t=1 rep=2  07:59:00
  umem@null multi 16:64 t=1 rep=2  07:59:15
  umem-preload multi 16:64 t=1 rep=2  07:59:29
  umem-preload@null multi 16:64 t=1 rep=2  07:59:45
  jemalloc multi 16:64 t=1 rep=2  08:00:01
  tcmalloc multi 16:64 t=1 rep=2  08:00:17
  mimalloc multi 16:64 t=1 rep=2  08:00:33
  snmalloc multi 16:64 t=1 rep=2  08:00:47
  scudo multi 16:64 t=1 rep=2  08:01:02
  rpmalloc multi 16:64 t=1 rep=2  08:01:19
  libc multi 16:64 t=2 rep=1  08:01:35
  umem multi 16:64 t=2 rep=1  08:01:44
  umem@null multi 16:64 t=2 rep=1  08:01:52
  umem-preload multi 16:64 t=2 rep=1  08:02:00
  umem-preload@null multi 16:64 t=2 rep=1  08:02:11
  jemalloc multi 16:64 t=2 rep=1  08:02:22
  tcmalloc multi 16:64 t=2 rep=1  08:02:30
  mimalloc multi 16:64 t=2 rep=1  08:02:39
  snmalloc multi 16:64 t=2 rep=1  08:02:47
  scudo multi 16:64 t=2 rep=1  08:02:55
  rpmalloc multi 16:64 t=2 rep=1  08:03:06
  libc multi 16:64 t=2 rep=2  08:03:14
  umem multi 16:64 t=2 rep=2  08:03:23
  umem@null multi 16:64 t=2 rep=2  08:03:31
  umem-preload multi 16:64 t=2 rep=2  08:03:40
  umem-preload@null multi 16:64 t=2 rep=2  08:03:50
  jemalloc multi 16:64 t=2 rep=2  08:04:00
  tcmalloc multi 16:64 t=2 rep=2  08:04:09
  mimalloc multi 16:64 t=2 rep=2  08:04:17
  snmalloc multi 16:64 t=2 rep=2  08:04:26
  scudo multi 16:64 t=2 rep=2  08:04:34
  rpmalloc multi 16:64 t=2 rep=2  08:04:44
  libc multi 16:64 t=4 rep=1  08:04:53
  umem multi 16:64 t=4 rep=1  08:04:57
  umem@null multi 16:64 t=4 rep=1  08:05:02
  umem-preload multi 16:64 t=4 rep=1  08:05:06
  umem-preload@null multi 16:64 t=4 rep=1  08:05:12
  jemalloc multi 16:64 t=4 rep=1  08:05:18
  tcmalloc multi 16:64 t=4 rep=1  08:05:23
  mimalloc multi 16:64 t=4 rep=1  08:05:28
  snmalloc multi 16:64 t=4 rep=1  08:05:32
  scudo multi 16:64 t=4 rep=1  08:05:36
  rpmalloc multi 16:64 t=4 rep=1  08:05:42
  libc multi 16:64 t=4 rep=2  08:05:47
  umem multi 16:64 t=4 rep=2  08:05:51
  umem@null multi 16:64 t=4 rep=2  08:05:56
  umem-preload multi 16:64 t=4 rep=2  08:06:00
  umem-preload@null multi 16:64 t=4 rep=2  08:06:06
  jemalloc multi 16:64 t=4 rep=2  08:06:12
  tcmalloc multi 16:64 t=4 rep=2  08:06:17
  mimalloc multi 16:64 t=4 rep=2  08:06:21
  snmalloc multi 16:64 t=4 rep=2  08:06:26
  scudo multi 16:64 t=4 rep=2  08:06:30
  rpmalloc multi 16:64 t=4 rep=2  08:06:36
  libc multi 16:64 t=8 rep=1  08:06:41
  umem multi 16:64 t=8 rep=1  08:06:43
  umem@null multi 16:64 t=8 rep=1  08:06:46
  umem-preload multi 16:64 t=8 rep=1  08:06:49
  umem-preload@null multi 16:64 t=8 rep=1  08:06:53
  jemalloc multi 16:64 t=8 rep=1  08:06:56
  tcmalloc multi 16:64 t=8 rep=1  08:06:59
  mimalloc multi 16:64 t=8 rep=1  08:07:02
  snmalloc multi 16:64 t=8 rep=1  08:07:04
  scudo multi 16:64 t=8 rep=1  08:07:07
  rpmalloc multi 16:64 t=8 rep=1  08:07:10
  libc multi 16:64 t=8 rep=2  08:07:12
  umem multi 16:64 t=8 rep=2  08:07:15
  umem@null multi 16:64 t=8 rep=2  08:07:18
  umem-preload multi 16:64 t=8 rep=2  08:07:21
  umem-preload@null multi 16:64 t=8 rep=2  08:07:24
  jemalloc multi 16:64 t=8 rep=2  08:07:28
  tcmalloc multi 16:64 t=8 rep=2  08:07:30
  mimalloc multi 16:64 t=8 rep=2  08:07:33
  snmalloc multi 16:64 t=8 rep=2  08:07:36
  scudo multi 16:64 t=8 rep=2  08:07:38
  rpmalloc multi 16:64 t=8 rep=2  08:07:41
  libc multi 64:256 t=1 rep=1  08:07:44
  umem multi 64:256 t=1 rep=1  08:08:00
  umem@null multi 64:256 t=1 rep=1  08:08:13
  umem-preload multi 64:256 t=1 rep=1  08:08:27
  umem-preload@null multi 64:256 t=1 rep=1  08:08:41
  jemalloc multi 64:256 t=1 rep=1  08:08:55
  tcmalloc multi 64:256 t=1 rep=1  08:09:12
  mimalloc multi 64:256 t=1 rep=1  08:09:25
  snmalloc multi 64:256 t=1 rep=1  08:09:37
  scudo multi 64:256 t=1 rep=1  08:09:53
  rpmalloc multi 64:256 t=1 rep=1  08:10:10
  libc multi 64:256 t=1 rep=2  08:10:23
  umem multi 64:256 t=1 rep=2  08:10:38
  umem@null multi 64:256 t=1 rep=2  08:10:52
  umem-preload multi 64:256 t=1 rep=2  08:11:05
  umem-preload@null multi 64:256 t=1 rep=2  08:11:20
  jemalloc multi 64:256 t=1 rep=2  08:11:34
  tcmalloc multi 64:256 t=1 rep=2  08:11:50
  mimalloc multi 64:256 t=1 rep=2  08:12:04
  snmalloc multi 64:256 t=1 rep=2  08:12:16
  scudo multi 64:256 t=1 rep=2  08:12:32
  rpmalloc multi 64:256 t=1 rep=2  08:12:48
  libc multi 64:256 t=2 rep=1  08:13:02
  umem multi 64:256 t=2 rep=1  08:13:10
  umem@null multi 64:256 t=2 rep=1  08:13:18
  umem-preload multi 64:256 t=2 rep=1  08:13:26
  umem-preload@null multi 64:256 t=2 rep=1  08:13:37
  jemalloc multi 64:256 t=2 rep=1  08:13:47
  tcmalloc multi 64:256 t=2 rep=1  08:13:56
  mimalloc multi 64:256 t=2 rep=1  08:14:04
  snmalloc multi 64:256 t=2 rep=1  08:14:11
  scudo multi 64:256 t=2 rep=1  08:14:20
  rpmalloc multi 64:256 t=2 rep=1  08:14:31
  libc multi 64:256 t=2 rep=2  08:14:38
  umem multi 64:256 t=2 rep=2  08:14:47
  umem@null multi 64:256 t=2 rep=2  08:14:54
  umem-preload multi 64:256 t=2 rep=2  08:15:02
  umem-preload@null multi 64:256 t=2 rep=2  08:15:13
  jemalloc multi 64:256 t=2 rep=2  08:15:24
  tcmalloc multi 64:256 t=2 rep=2  08:15:33
  mimalloc multi 64:256 t=2 rep=2  08:15:41
  snmalloc multi 64:256 t=2 rep=2  08:15:48
  scudo multi 64:256 t=2 rep=2  08:15:56
  rpmalloc multi 64:256 t=2 rep=2  08:16:06
  libc multi 64:256 t=4 rep=1  08:16:14
  umem multi 64:256 t=4 rep=1  08:16:18
  umem@null multi 64:256 t=4 rep=1  08:16:22
  umem-preload multi 64:256 t=4 rep=1  08:16:27
  umem-preload@null multi 64:256 t=4 rep=1  08:16:32
  jemalloc multi 64:256 t=4 rep=1  08:16:38
  tcmalloc multi 64:256 t=4 rep=1  08:16:43
  mimalloc multi 64:256 t=4 rep=1  08:16:47
  snmalloc multi 64:256 t=4 rep=1  08:16:51
  scudo multi 64:256 t=4 rep=1  08:16:56
  rpmalloc multi 64:256 t=4 rep=1  08:17:01
  libc multi 64:256 t=4 rep=2  08:17:05
  umem multi 64:256 t=4 rep=2  08:17:10
  umem@null multi 64:256 t=4 rep=2  08:17:14
  umem-preload multi 64:256 t=4 rep=2  08:17:18
  umem-preload@null multi 64:256 t=4 rep=2  08:17:24
  jemalloc multi 64:256 t=4 rep=2  08:17:29
  tcmalloc multi 64:256 t=4 rep=2  08:17:34
  mimalloc multi 64:256 t=4 rep=2  08:17:39
  snmalloc multi 64:256 t=4 rep=2  08:17:42
  scudo multi 64:256 t=4 rep=2  08:17:47
  rpmalloc multi 64:256 t=4 rep=2  08:17:53
  libc multi 64:256 t=8 rep=1  08:17:57
  umem multi 64:256 t=8 rep=1  08:18:00
  umem@null multi 64:256 t=8 rep=1  08:18:03
  umem-preload multi 64:256 t=8 rep=1  08:18:06
  umem-preload@null multi 64:256 t=8 rep=1  08:18:09
  jemalloc multi 64:256 t=8 rep=1  08:18:13
  tcmalloc multi 64:256 t=8 rep=1  08:18:16
  mimalloc multi 64:256 t=8 rep=1  08:18:18
  snmalloc multi 64:256 t=8 rep=1  08:18:21
  scudo multi 64:256 t=8 rep=1  08:18:23
  rpmalloc multi 64:256 t=8 rep=1  08:18:26
  libc multi 64:256 t=8 rep=2  08:18:29
  umem multi 64:256 t=8 rep=2  08:18:32
  umem@null multi 64:256 t=8 rep=2  08:18:35
  umem-preload multi 64:256 t=8 rep=2  08:18:37
  umem-preload@null multi 64:256 t=8 rep=2  08:18:41
  jemalloc multi 64:256 t=8 rep=2  08:18:44
  tcmalloc multi 64:256 t=8 rep=2  08:18:47
  mimalloc multi 64:256 t=8 rep=2  08:18:50
  snmalloc multi 64:256 t=8 rep=2  08:18:52
  scudo multi 64:256 t=8 rep=2  08:18:55
  rpmalloc multi 64:256 t=8 rep=2  08:18:58
  libc multi 256:1024 t=1 rep=1  08:19:01
  umem multi 256:1024 t=1 rep=1  08:19:16
  umem@null multi 256:1024 t=1 rep=1  08:19:30
  umem-preload multi 256:1024 t=1 rep=1  08:19:44
  umem-preload@null multi 256:1024 t=1 rep=1  08:19:58
  jemalloc multi 256:1024 t=1 rep=1  08:20:13
  tcmalloc multi 256:1024 t=1 rep=1  08:20:29
  mimalloc multi 256:1024 t=1 rep=1  08:20:43
  snmalloc multi 256:1024 t=1 rep=1  08:20:55
  scudo multi 256:1024 t=1 rep=1  08:21:11
  rpmalloc multi 256:1024 t=1 rep=1  08:21:30
  libc multi 256:1024 t=1 rep=2  08:21:43
  umem multi 256:1024 t=1 rep=2  08:21:58
  umem@null multi 256:1024 t=1 rep=2  08:22:12
  umem-preload multi 256:1024 t=1 rep=2  08:22:26
  umem-preload@null multi 256:1024 t=1 rep=2  08:22:40
  jemalloc multi 256:1024 t=1 rep=2  08:22:57
  tcmalloc multi 256:1024 t=1 rep=2  08:23:13
  mimalloc multi 256:1024 t=1 rep=2  08:23:27
  snmalloc multi 256:1024 t=1 rep=2  08:23:39
  scudo multi 256:1024 t=1 rep=2  08:23:55
  rpmalloc multi 256:1024 t=1 rep=2  08:24:14
  libc multi 256:1024 t=2 rep=1  08:24:27
  umem multi 256:1024 t=2 rep=1  08:24:36
  umem@null multi 256:1024 t=2 rep=1  08:24:43
  umem-preload multi 256:1024 t=2 rep=1  08:24:51
  umem-preload@null multi 256:1024 t=2 rep=1  08:25:02
  jemalloc multi 256:1024 t=2 rep=1  08:25:11
  tcmalloc multi 256:1024 t=2 rep=1  08:25:20
  mimalloc multi 256:1024 t=2 rep=1  08:25:29
  snmalloc multi 256:1024 t=2 rep=1  08:25:36
  scudo multi 256:1024 t=2 rep=1  08:25:44
  rpmalloc multi 256:1024 t=2 rep=1  08:25:56
  libc multi 256:1024 t=2 rep=2  08:26:03
  umem multi 256:1024 t=2 rep=2  08:26:12
  umem@null multi 256:1024 t=2 rep=2  08:26:20
  umem-preload multi 256:1024 t=2 rep=2  08:26:28
  umem-preload@null multi 256:1024 t=2 rep=2  08:26:39
  jemalloc multi 256:1024 t=2 rep=2  08:26:49
  tcmalloc multi 256:1024 t=2 rep=2  08:26:58
  mimalloc multi 256:1024 t=2 rep=2  08:27:07
  snmalloc multi 256:1024 t=2 rep=2  08:27:14
  scudo multi 256:1024 t=2 rep=2  08:27:23
  rpmalloc multi 256:1024 t=2 rep=2  08:27:34
  libc multi 256:1024 t=4 rep=1  08:27:41
  umem multi 256:1024 t=4 rep=1  08:27:46
  umem@null multi 256:1024 t=4 rep=1  08:27:50
  umem-preload multi 256:1024 t=4 rep=1  08:27:54
  umem-preload@null multi 256:1024 t=4 rep=1  08:28:00
  jemalloc multi 256:1024 t=4 rep=1  08:28:07
  tcmalloc multi 256:1024 t=4 rep=1  08:28:11
  mimalloc multi 256:1024 t=4 rep=1  08:28:16
  snmalloc multi 256:1024 t=4 rep=1  08:28:20
  scudo multi 256:1024 t=4 rep=1  08:28:24
  rpmalloc multi 256:1024 t=4 rep=1  08:28:31
  libc multi 256:1024 t=4 rep=2  08:28:35
  umem multi 256:1024 t=4 rep=2  08:28:40
  umem@null multi 256:1024 t=4 rep=2  08:28:44
  umem-preload multi 256:1024 t=4 rep=2  08:28:48
  umem-preload@null multi 256:1024 t=4 rep=2  08:28:54
  jemalloc multi 256:1024 t=4 rep=2  08:29:00
  tcmalloc multi 256:1024 t=4 rep=2  08:29:05
  mimalloc multi 256:1024 t=4 rep=2  08:29:09
  snmalloc multi 256:1024 t=4 rep=2  08:29:13
  scudo multi 256:1024 t=4 rep=2  08:29:18
  rpmalloc multi 256:1024 t=4 rep=2  08:29:24
  libc multi 256:1024 t=8 rep=1  08:29:29
  umem multi 256:1024 t=8 rep=1  08:29:31
  umem@null multi 256:1024 t=8 rep=1  08:29:34
  umem-preload multi 256:1024 t=8 rep=1  08:29:37
  umem-preload@null multi 256:1024 t=8 rep=1  08:29:41
  jemalloc multi 256:1024 t=8 rep=1  08:29:44
  tcmalloc multi 256:1024 t=8 rep=1  08:29:46
  mimalloc multi 256:1024 t=8 rep=1  08:29:49
  snmalloc multi 256:1024 t=8 rep=1  08:29:52
  scudo multi 256:1024 t=8 rep=1  08:29:54
  rpmalloc multi 256:1024 t=8 rep=1  08:29:57
  libc multi 256:1024 t=8 rep=2  08:30:00
  umem multi 256:1024 t=8 rep=2  08:30:03
  umem@null multi 256:1024 t=8 rep=2  08:30:06
  umem-preload multi 256:1024 t=8 rep=2  08:30:09
  umem-preload@null multi 256:1024 t=8 rep=2  08:30:13
  jemalloc multi 256:1024 t=8 rep=2  08:30:16
  tcmalloc multi 256:1024 t=8 rep=2  08:30:19
  mimalloc multi 256:1024 t=8 rep=2  08:30:22
  snmalloc multi 256:1024 t=8 rep=2  08:30:24
  scudo multi 256:1024 t=8 rep=2  08:30:27
  rpmalloc multi 256:1024 t=8 rep=2  08:30:30
  libc multi 1024:4096 t=1 rep=1  08:30:33
  umem multi 1024:4096 t=1 rep=1  08:30:50
  umem@null multi 1024:4096 t=1 rep=1  08:31:06
  umem-preload multi 1024:4096 t=1 rep=1  08:31:23
  umem-preload@null multi 1024:4096 t=1 rep=1  08:31:40
  jemalloc multi 1024:4096 t=1 rep=1  08:31:57
  tcmalloc multi 1024:4096 t=1 rep=1  08:32:15
  mimalloc multi 1024:4096 t=1 rep=1  08:32:30
  snmalloc multi 1024:4096 t=1 rep=1  08:32:44
  scudo multi 1024:4096 t=1 rep=1  08:32:59
  rpmalloc multi 1024:4096 t=1 rep=1  08:33:19
  libc multi 1024:4096 t=1 rep=2  08:33:34
  umem multi 1024:4096 t=1 rep=2  08:33:50
  umem@null multi 1024:4096 t=1 rep=2  08:34:07
  umem-preload multi 1024:4096 t=1 rep=2  08:34:23
  umem-preload@null multi 1024:4096 t=1 rep=2  08:34:40
  jemalloc multi 1024:4096 t=1 rep=2  08:34:58
  tcmalloc multi 1024:4096 t=1 rep=2  08:35:15
  mimalloc multi 1024:4096 t=1 rep=2  08:35:30
  snmalloc multi 1024:4096 t=1 rep=2  08:35:45
  scudo multi 1024:4096 t=1 rep=2  08:36:00
  rpmalloc multi 1024:4096 t=1 rep=2  08:36:20
  libc multi 1024:4096 t=2 rep=1  08:36:35
  umem multi 1024:4096 t=2 rep=1  08:36:45
  umem@null multi 1024:4096 t=2 rep=1  08:36:56
  umem-preload multi 1024:4096 t=2 rep=1  08:37:07
  umem-preload@null multi 1024:4096 t=2 rep=1  08:37:21
  jemalloc multi 1024:4096 t=2 rep=1  08:37:38
  tcmalloc multi 1024:4096 t=2 rep=1  08:37:47
  mimalloc multi 1024:4096 t=2 rep=1  08:37:57
  snmalloc multi 1024:4096 t=2 rep=1  08:38:07
  scudo multi 1024:4096 t=2 rep=1  08:38:16
  rpmalloc multi 1024:4096 t=2 rep=1  08:38:28
  libc multi 1024:4096 t=2 rep=2  08:38:36
  umem multi 1024:4096 t=2 rep=2  08:38:47
  umem@null multi 1024:4096 t=2 rep=2  08:38:58
  umem-preload multi 1024:4096 t=2 rep=2  08:39:11
  umem-preload@null multi 1024:4096 t=2 rep=2  08:39:26
  jemalloc multi 1024:4096 t=2 rep=2  08:39:41
  tcmalloc multi 1024:4096 t=2 rep=2  08:39:50
  mimalloc multi 1024:4096 t=2 rep=2  08:40:00
  snmalloc multi 1024:4096 t=2 rep=2  08:40:10
  scudo multi 1024:4096 t=2 rep=2  08:40:18
  rpmalloc multi 1024:4096 t=2 rep=2  08:40:29
  libc multi 1024:4096 t=4 rep=1  08:40:38
  umem multi 1024:4096 t=4 rep=1  08:40:44
  umem@null multi 1024:4096 t=4 rep=1  08:40:52
  umem-preload multi 1024:4096 t=4 rep=1  08:41:01
  umem-preload@null multi 1024:4096 t=4 rep=1  08:41:11
  jemalloc multi 1024:4096 t=4 rep=1  08:41:20
  tcmalloc multi 1024:4096 t=4 rep=1  08:41:25
  mimalloc multi 1024:4096 t=4 rep=1  08:41:30
  snmalloc multi 1024:4096 t=4 rep=1  08:41:36
  scudo multi 1024:4096 t=4 rep=1  08:41:40
  rpmalloc multi 1024:4096 t=4 rep=1  08:41:47
  libc multi 1024:4096 t=4 rep=2  08:41:51
  umem multi 1024:4096 t=4 rep=2  08:41:57
  umem@null multi 1024:4096 t=4 rep=2  08:42:06
  umem-preload multi 1024:4096 t=4 rep=2  08:42:15
  umem-preload@null multi 1024:4096 t=4 rep=2  08:42:25
  jemalloc multi 1024:4096 t=4 rep=2  08:42:34
  tcmalloc multi 1024:4096 t=4 rep=2  08:42:39
  mimalloc multi 1024:4096 t=4 rep=2  08:42:45
  snmalloc multi 1024:4096 t=4 rep=2  08:42:50
  scudo multi 1024:4096 t=4 rep=2  08:42:54
  rpmalloc multi 1024:4096 t=4 rep=2  08:43:01
  libc multi 1024:4096 t=8 rep=1  08:43:05
  umem multi 1024:4096 t=8 rep=1  08:43:09
  umem@null multi 1024:4096 t=8 rep=1  08:43:14
  umem-preload multi 1024:4096 t=8 rep=1  08:43:19
  umem-preload@null multi 1024:4096 t=8 rep=1  08:43:24
  jemalloc multi 1024:4096 t=8 rep=1  08:43:30
  tcmalloc multi 1024:4096 t=8 rep=1  08:43:32
  mimalloc multi 1024:4096 t=8 rep=1  08:43:35
  snmalloc multi 1024:4096 t=8 rep=1  08:43:39
  scudo multi 1024:4096 t=8 rep=1  08:43:42
  rpmalloc multi 1024:4096 t=8 rep=1  08:43:45
  libc multi 1024:4096 t=8 rep=2  08:43:48
  umem multi 1024:4096 t=8 rep=2  08:43:52
  umem@null multi 1024:4096 t=8 rep=2  08:43:56
  umem-preload multi 1024:4096 t=8 rep=2  08:44:01
  umem-preload@null multi 1024:4096 t=8 rep=2  08:44:06
  jemalloc multi 1024:4096 t=8 rep=2  08:44:11
  tcmalloc multi 1024:4096 t=8 rep=2  08:44:14
  mimalloc multi 1024:4096 t=8 rep=2  08:44:17
  snmalloc multi 1024:4096 t=8 rep=2  08:44:21
  scudo multi 1024:4096 t=8 rep=2  08:44:24
  rpmalloc multi 1024:4096 t=8 rep=2  08:44:27
matrix complete -> /home/ec2-user/libumem-iso-cmp2-d6f04abd8f1b/docs/results/2026-09-24-c7i.2xlarge-x86_64/multi/matrix.toml
