# umem prodcons t=192 size=64:256 ops=379999872
throughput_mops = 1.766
lat_p50_ns = 497
lat_p99_ns = 18296
lat_p999_ns = 135992
lat_max_ns = 58157004
# umem contention dump
# rseq_enabled=1 asm_safe=1 ncpus=192
cache                          cc_alloc  full_reload   empty_reld    dep_local   dep_remote   dep_conten     rseq_alloc      rseq_free   rseq_rstrt
umem_magazine_3                       0            0            0            0            0          980              0              0            0
umem_magazine_63                      0            0            0            0            0            0              0              0            0
umem_magazine_127                     1            0            0           61            0            2              0              0            0
umem_magazine_255                     0            0            0           17            0          616              0              0            0
umem_slab_cache                       0            0            0            0            0          872              0              0            0
umem_bufctl_cache                     0            0            0            0            0       292598              0              0            0
umem_va_4096                          0            0            0            0            0        49506              0              0            0
umem_va_32768                         0            0            0            0            0            0              0              0            0
umem_alloc_80                    585806            0            0          551         6929        12521              0              0            0
umem_alloc_96                   9518758            0            0         1014       122521        89167              0              0            0
umem_alloc_112                  9503308            0            0         1002       122482        83651              0              0            0
umem_alloc_128                  9501958            0            0          980       122521        85844              0              0            0
umem_alloc_160                 19028902            0            0         1351       246193       152175              0              0            0
umem_alloc_192                 19037660            0            0         1346       246265       142560              0              0            1
umem_alloc_224                 19041919            0            0         1341       246177       147385              0              0            0
umem_alloc_256                 19002516            0            0         1370       246143       152217              0              0            1
umem_alloc_320                  8898090            0            0         1300       114849       117799              0              0            0
umem_alloc_32768                      0            0            0          142            1         1699              0              0            0
