tsan dir: /usr/lib/gcc/x86_64-amazon-linux/11
TSAN_BUILD_OK
=== TSAN: P1.6 regression ===
TSAN_P16_RC=66
self-check: interposer sound (delay armed, handshake completed)
PASS: update-thread startup handshake completed
TSAN_P16_WARNINGS=10
      8 WARNING: ThreadSanitizer: data race
      2 WARNING: ThreadSanitizer: double lock of a mutex
=== TSAN: P1.2 regression (40 forks, 4 threads) ===
TSAN_P12_RC=66
FAIL: child 128473 bad status 0x4200
FAIL: 13/40 forks completed, 138406 allocs, 138406 frees
TSAN_P12_WARNINGS=15
--- warning kinds ---
     14 WARNING: ThreadSanitizer: data race
      1 WARNING: ThreadSanitizer: thread leak
--- any lock-order-inversion reports? (the thing P1.2 is about) ---
0
--- first report verbatim ---
WARNING: ThreadSanitizer: data race (pid=128453)
  Read of size 8 at 0x7fdb4fce7150 by thread T3:
    #0 umem_init /home/ec2-user/libumem-fork/umem.c:5015 (libumem.so.1+0x8261d)
    #1 umem_alloc_retry /home/ec2-user/libumem-fork/umem.c:1273 (libumem.so.1+0x83314)
    #2 _umem_alloc /home/ec2-user/libumem-fork/umem.c:3432 (libumem.so.1+0x8a624)
    #3 worker test/integration/test_fork_mt_load.c:162 (test_fork_mt_load+0x401f45)

  Previous write of size 8 at 0x7fdb4fce7150 by thread T2 (mutexes: write M16):
    #0 umem_init /home/ec2-user/libumem-fork/umem.c:5045 (libumem.so.1+0x82fcc)
    #1 umem_alloc_retry /home/ec2-user/libumem-fork/umem.c:1273 (libumem.so.1+0x83314)
    #2 _umem_alloc /home/ec2-user/libumem-fork/umem.c:3432 (libumem.so.1+0x8a624)
    #3 worker test/integration/test_fork_mt_load.c:133 (test_fork_mt_load+0x401c95)

  Location is global 'umem_init_thr' of size 8 at 0x7fdb4fce7150 (libumem.so.1+0x0000000e7150)

  Mutex M16 (0x7fdb4fce71a0) created at:
    #0 pthread_mutex_lock <null> (libtsan.so.0+0x506fa)
    #1 umem_init /home/ec2-user/libumem-fork/umem.c:5019 (libumem.so.1+0x82eae)
    #2 umem_alloc_retry /home/ec2-user/libumem-fork/umem.c:1273 (libumem.so.1+0x83314)
    #3 _umem_alloc /home/ec2-user/libumem-fork/umem.c:3432 (libumem.so.1+0x8a624)
    #4 worker test/integration/test_fork_mt_load.c:133 (test_fork_mt_load+0x401c95)

  Thread T3 (tid=128457, running) created by main thread at:
    #0 pthread_create <null> (libtsan.so.0+0x5c205)
    #1 main test/integration/test_fork_mt_load.c:315 (test_fork_mt_load+0x401417)
=== TSAN DONE ===
