matrix: instance=c8g.metal-48xl arch=aarch64 vcpu=192 governor=unknown
  allocators: libc umem umem@null umem-preload umem-preload@null jemalloc tcmalloc mimalloc snmalloc scudo rpmalloc
  threads:    1 8 32 64 128 192
  sizes:      16:64 64:256
  runs=3 warmups=1 replicates=2 pin=1 ops=20000000
  -> /home/ec2-user/libumem-iso-cmp2-d6f04abd8f1b/docs/results/2026-09-24-c8g.metal-48xl-aarch64/frag/matrix.toml
  libc frag 16:64 t=1 rep=1  14:18:46
  umem frag 16:64 t=1 rep=1  14:19:16
  umem@null frag 16:64 t=1 rep=1  14:20:17
  umem-preload frag 16:64 t=1 rep=1  14:21:18
  umem-preload@null frag 16:64 t=1 rep=1  14:22:19
  jemalloc frag 16:64 t=1 rep=1  14:23:20
  tcmalloc frag 16:64 t=1 rep=1  14:23:45
  mimalloc frag 16:64 t=1 rep=1  14:24:13
  snmalloc frag 16:64 t=1 rep=1  14:24:39
  scudo frag 16:64 t=1 rep=1  14:25:05
  rpmalloc frag 16:64 t=1 rep=1  14:25:41
  libc frag 16:64 t=1 rep=2  14:26:08
  umem frag 16:64 t=1 rep=2  14:26:38
  umem@null frag 16:64 t=1 rep=2  14:27:40
  umem-preload frag 16:64 t=1 rep=2  14:28:41
  umem-preload@null frag 16:64 t=1 rep=2  14:29:42
  jemalloc frag 16:64 t=1 rep=2  14:30:43
  tcmalloc frag 16:64 t=1 rep=2  14:31:07
  mimalloc frag 16:64 t=1 rep=2  14:31:35
  snmalloc frag 16:64 t=1 rep=2  14:32:02
  scudo frag 16:64 t=1 rep=2  14:32:27
  rpmalloc frag 16:64 t=1 rep=2  14:33:03
  libc frag 16:64 t=8 rep=1  14:33:30
  umem frag 16:64 t=8 rep=1  14:33:38
  umem@null frag 16:64 t=8 rep=1  14:33:58
  umem-preload frag 16:64 t=8 rep=1  14:34:19
  umem-preload@null frag 16:64 t=8 rep=1  14:34:39
  jemalloc frag 16:64 t=8 rep=1  14:34:59
  tcmalloc frag 16:64 t=8 rep=1  14:35:06
  mimalloc frag 16:64 t=8 rep=1  14:35:12
  snmalloc frag 16:64 t=8 rep=1  14:35:19
  scudo frag 16:64 t=8 rep=1  14:35:25
  rpmalloc frag 16:64 t=8 rep=1  14:35:32
  libc frag 16:64 t=8 rep=2  14:35:38
  umem frag 16:64 t=8 rep=2  14:35:46
  umem@null frag 16:64 t=8 rep=2  14:36:06
  umem-preload frag 16:64 t=8 rep=2  14:36:25
  umem-preload@null frag 16:64 t=8 rep=2  14:36:44
  jemalloc frag 16:64 t=8 rep=2  14:37:04
  tcmalloc frag 16:64 t=8 rep=2  14:37:10
  mimalloc frag 16:64 t=8 rep=2  14:37:16
  snmalloc frag 16:64 t=8 rep=2  14:37:22
  scudo frag 16:64 t=8 rep=2  14:37:29
  rpmalloc frag 16:64 t=8 rep=2  14:37:36
  libc frag 16:64 t=32 rep=1  14:37:43
  umem frag 16:64 t=32 rep=1  14:37:49
  umem@null frag 16:64 t=32 rep=1  14:37:58
  umem-preload frag 16:64 t=32 rep=1  14:38:08
  umem-preload@null frag 16:64 t=32 rep=1  14:38:18
  jemalloc frag 16:64 t=32 rep=1  14:38:27
  tcmalloc frag 16:64 t=32 rep=1  14:38:33
  mimalloc frag 16:64 t=32 rep=1  14:38:39
  snmalloc frag 16:64 t=32 rep=1  14:38:46
  scudo frag 16:64 t=32 rep=1  14:38:53
  rpmalloc frag 16:64 t=32 rep=1  14:39:00
  libc frag 16:64 t=32 rep=2  14:39:07
  umem frag 16:64 t=32 rep=2  14:39:13
  umem@null frag 16:64 t=32 rep=2  14:39:22
  umem-preload frag 16:64 t=32 rep=2  14:39:31
  umem-preload@null frag 16:64 t=32 rep=2  14:39:40
  jemalloc frag 16:64 t=32 rep=2  14:39:50
  tcmalloc frag 16:64 t=32 rep=2  14:39:56
  mimalloc frag 16:64 t=32 rep=2  14:40:03
  snmalloc frag 16:64 t=32 rep=2  14:40:10
  scudo frag 16:64 t=32 rep=2  14:40:17
  rpmalloc frag 16:64 t=32 rep=2  14:40:23
  libc frag 16:64 t=64 rep=1  14:40:30
  umem frag 16:64 t=64 rep=1  14:40:37
  umem@null frag 16:64 t=64 rep=1  14:40:45
  umem-preload frag 16:64 t=64 rep=1  14:40:53
  umem-preload@null frag 16:64 t=64 rep=1  14:41:01
  jemalloc frag 16:64 t=64 rep=1  14:41:09
  tcmalloc frag 16:64 t=64 rep=1  14:41:15
  mimalloc frag 16:64 t=64 rep=1  14:41:22
  snmalloc frag 16:64 t=64 rep=1  14:41:28
  scudo frag 16:64 t=64 rep=1  14:41:35
  rpmalloc frag 16:64 t=64 rep=1  14:41:41
  libc frag 16:64 t=64 rep=2  14:41:48
  umem frag 16:64 t=64 rep=2  14:41:54
  umem@null frag 16:64 t=64 rep=2  14:42:02
  umem-preload frag 16:64 t=64 rep=2  14:42:09
  umem-preload@null frag 16:64 t=64 rep=2  14:42:17
  jemalloc frag 16:64 t=64 rep=2  14:42:25
  tcmalloc frag 16:64 t=64 rep=2  14:42:32
  mimalloc frag 16:64 t=64 rep=2  14:42:39
  snmalloc frag 16:64 t=64 rep=2  14:42:45
  scudo frag 16:64 t=64 rep=2  14:42:53
  rpmalloc frag 16:64 t=64 rep=2  14:42:59
  libc frag 16:64 t=128 rep=1  14:43:06
  umem frag 16:64 t=128 rep=1  14:43:12
  umem@null frag 16:64 t=128 rep=1  14:43:22
  umem-preload frag 16:64 t=128 rep=1  14:43:31
  umem-preload@null frag 16:64 t=128 rep=1  14:43:40
  jemalloc frag 16:64 t=128 rep=1  14:43:49
  tcmalloc frag 16:64 t=128 rep=1  14:43:56
  mimalloc frag 16:64 t=128 rep=1  14:44:02
  snmalloc frag 16:64 t=128 rep=1  14:44:09
  scudo frag 16:64 t=128 rep=1  14:44:16
  rpmalloc frag 16:64 t=128 rep=1  14:44:22
  libc frag 16:64 t=128 rep=2  14:44:29
  umem frag 16:64 t=128 rep=2  14:44:36
  umem@null frag 16:64 t=128 rep=2  14:44:45
  umem-preload frag 16:64 t=128 rep=2  14:44:54
  umem-preload@null frag 16:64 t=128 rep=2  14:45:03
  jemalloc frag 16:64 t=128 rep=2  14:45:13
  tcmalloc frag 16:64 t=128 rep=2  14:45:19
  mimalloc frag 16:64 t=128 rep=2  14:45:26
  snmalloc frag 16:64 t=128 rep=2  14:45:32
  scudo frag 16:64 t=128 rep=2  14:45:39
  rpmalloc frag 16:64 t=128 rep=2  14:45:46
  libc frag 16:64 t=192 rep=1  14:45:53
  umem frag 16:64 t=192 rep=1  14:45:59
  umem@null frag 16:64 t=192 rep=1  14:46:08
  umem-preload frag 16:64 t=192 rep=1  14:46:17
  umem-preload@null frag 16:64 t=192 rep=1  14:46:26
  jemalloc frag 16:64 t=192 rep=1  14:46:35
  tcmalloc frag 16:64 t=192 rep=1  14:46:41
  mimalloc frag 16:64 t=192 rep=1  14:46:49
  snmalloc frag 16:64 t=192 rep=1  14:46:56
  scudo frag 16:64 t=192 rep=1  14:47:03
  rpmalloc frag 16:64 t=192 rep=1  14:47:10
  libc frag 16:64 t=192 rep=2  14:47:17
  umem frag 16:64 t=192 rep=2  14:47:23
  umem@null frag 16:64 t=192 rep=2  14:47:32
  umem-preload frag 16:64 t=192 rep=2  14:47:41
  umem-preload@null frag 16:64 t=192 rep=2  14:47:50
  jemalloc frag 16:64 t=192 rep=2  14:47:59
  tcmalloc frag 16:64 t=192 rep=2  14:48:05
  mimalloc frag 16:64 t=192 rep=2  14:48:12
  snmalloc frag 16:64 t=192 rep=2  14:48:18
  scudo frag 16:64 t=192 rep=2  14:48:25
  rpmalloc frag 16:64 t=192 rep=2  14:48:32
  libc frag 64:256 t=1 rep=1  14:48:39
  umem frag 64:256 t=1 rep=1  14:49:27
  umem@null frag 64:256 t=1 rep=1  14:50:35
  umem-preload frag 64:256 t=1 rep=1  14:51:43
  umem-preload@null frag 64:256 t=1 rep=1  14:52:51
  jemalloc frag 64:256 t=1 rep=1  14:53:58
  tcmalloc frag 64:256 t=1 rep=1  14:54:26
  mimalloc frag 64:256 t=1 rep=1  14:55:00
  snmalloc frag 64:256 t=1 rep=1  14:55:32
  scudo frag 64:256 t=1 rep=1  14:56:02
  rpmalloc frag 64:256 t=1 rep=1  14:56:45
  libc frag 64:256 t=1 rep=2  14:57:18
  umem frag 64:256 t=1 rep=2  14:58:07
  umem@null frag 64:256 t=1 rep=2  14:59:15
  umem-preload frag 64:256 t=1 rep=2  15:00:22
  umem-preload@null frag 64:256 t=1 rep=2  15:01:30
  jemalloc frag 64:256 t=1 rep=2  15:02:38
  tcmalloc frag 64:256 t=1 rep=2  15:03:05
  mimalloc frag 64:256 t=1 rep=2  15:03:39
  snmalloc frag 64:256 t=1 rep=2  15:04:11
  scudo frag 64:256 t=1 rep=2  15:04:42
  rpmalloc frag 64:256 t=1 rep=2  15:05:25
  libc frag 64:256 t=8 rep=1  15:05:59
  umem frag 64:256 t=8 rep=1  15:06:09
  umem@null frag 64:256 t=8 rep=1  15:06:29
  umem-preload frag 64:256 t=8 rep=1  15:06:48
  umem-preload@null frag 64:256 t=8 rep=1  15:07:09
  jemalloc frag 64:256 t=8 rep=1  15:07:29
  tcmalloc frag 64:256 t=8 rep=1  15:07:36
  mimalloc frag 64:256 t=8 rep=1  15:07:43
  snmalloc frag 64:256 t=8 rep=1  15:07:49
  scudo frag 64:256 t=8 rep=1  15:07:55
  rpmalloc frag 64:256 t=8 rep=1  15:08:03
  libc frag 64:256 t=8 rep=2  15:08:10
  umem frag 64:256 t=8 rep=2  15:08:20
  umem@null frag 64:256 t=8 rep=2  15:08:40
  umem-preload frag 64:256 t=8 rep=2  15:09:01
  umem-preload@null frag 64:256 t=8 rep=2  15:09:21
  jemalloc frag 64:256 t=8 rep=2  15:09:41
  tcmalloc frag 64:256 t=8 rep=2  15:09:49
  mimalloc frag 64:256 t=8 rep=2  15:09:56
  snmalloc frag 64:256 t=8 rep=2  15:10:03
  scudo frag 64:256 t=8 rep=2  15:10:10
  rpmalloc frag 64:256 t=8 rep=2  15:10:18
  libc frag 64:256 t=32 rep=1  15:10:25
  umem frag 64:256 t=32 rep=1  15:10:32
  umem@null frag 64:256 t=32 rep=1  15:10:42
  umem-preload frag 64:256 t=32 rep=1  15:10:52
  umem-preload@null frag 64:256 t=32 rep=1  15:11:02
  jemalloc frag 64:256 t=32 rep=1  15:11:11
  tcmalloc frag 64:256 t=32 rep=1  15:11:18
  mimalloc frag 64:256 t=32 rep=1  15:11:24
  snmalloc frag 64:256 t=32 rep=1  15:11:30
  scudo frag 64:256 t=32 rep=1  15:11:36
  rpmalloc frag 64:256 t=32 rep=1  15:11:43
  libc frag 64:256 t=32 rep=2  15:11:50
  umem frag 64:256 t=32 rep=2  15:11:57
  umem@null frag 64:256 t=32 rep=2  15:12:08
  umem-preload frag 64:256 t=32 rep=2  15:12:17
  umem-preload@null frag 64:256 t=32 rep=2  15:12:28
  jemalloc frag 64:256 t=32 rep=2  15:12:37
  tcmalloc frag 64:256 t=32 rep=2  15:12:43
  mimalloc frag 64:256 t=32 rep=2  15:12:51
  snmalloc frag 64:256 t=32 rep=2  15:12:57
  scudo frag 64:256 t=32 rep=2  15:13:03
  rpmalloc frag 64:256 t=32 rep=2  15:13:09
  libc frag 64:256 t=64 rep=1  15:13:15
  umem frag 64:256 t=64 rep=1  15:13:21
  umem@null frag 64:256 t=64 rep=1  15:13:30
  umem-preload frag 64:256 t=64 rep=1  15:13:38
  umem-preload@null frag 64:256 t=64 rep=1  15:13:46
  jemalloc frag 64:256 t=64 rep=1  15:13:54
  tcmalloc frag 64:256 t=64 rep=1  15:14:01
  mimalloc frag 64:256 t=64 rep=1  15:14:08
  snmalloc frag 64:256 t=64 rep=1  15:14:14
  scudo frag 64:256 t=64 rep=1  15:14:21
  rpmalloc frag 64:256 t=64 rep=1  15:14:27
  libc frag 64:256 t=64 rep=2  15:14:34
  umem frag 64:256 t=64 rep=2  15:14:40
  umem@null frag 64:256 t=64 rep=2  15:14:48
  umem-preload frag 64:256 t=64 rep=2  15:14:57
  umem-preload@null frag 64:256 t=64 rep=2  15:15:05
  jemalloc frag 64:256 t=64 rep=2  15:15:13
  tcmalloc frag 64:256 t=64 rep=2  15:15:20
  mimalloc frag 64:256 t=64 rep=2  15:15:26
  snmalloc frag 64:256 t=64 rep=2  15:15:33
  scudo frag 64:256 t=64 rep=2  15:15:39
  rpmalloc frag 64:256 t=64 rep=2  15:15:46
  libc frag 64:256 t=128 rep=1  15:15:53
  umem frag 64:256 t=128 rep=1  15:16:00
  umem@null frag 64:256 t=128 rep=1  15:16:10
  umem-preload frag 64:256 t=128 rep=1  15:16:19
  umem-preload@null frag 64:256 t=128 rep=1  15:16:29
  jemalloc frag 64:256 t=128 rep=1  15:16:38
  tcmalloc frag 64:256 t=128 rep=1  15:16:45
  mimalloc frag 64:256 t=128 rep=1  15:16:52
  snmalloc frag 64:256 t=128 rep=1  15:16:59
  scudo frag 64:256 t=128 rep=1  15:17:06
  rpmalloc frag 64:256 t=128 rep=1  15:17:13
  libc frag 64:256 t=128 rep=2  15:17:20
  umem frag 64:256 t=128 rep=2  15:17:27
  umem@null frag 64:256 t=128 rep=2  15:17:36
  umem-preload frag 64:256 t=128 rep=2  15:17:46
  umem-preload@null frag 64:256 t=128 rep=2  15:17:55
  jemalloc frag 64:256 t=128 rep=2  15:18:04
  tcmalloc frag 64:256 t=128 rep=2  15:18:11
  mimalloc frag 64:256 t=128 rep=2  15:18:18
  snmalloc frag 64:256 t=128 rep=2  15:18:25
  scudo frag 64:256 t=128 rep=2  15:18:31
  rpmalloc frag 64:256 t=128 rep=2  15:18:38
  libc frag 64:256 t=192 rep=1  15:18:45
  umem frag 64:256 t=192 rep=1  15:18:53
  umem@null frag 64:256 t=192 rep=1  15:19:02
  umem-preload frag 64:256 t=192 rep=1  15:19:11
  umem-preload@null frag 64:256 t=192 rep=1  15:19:20
  jemalloc frag 64:256 t=192 rep=1  15:19:29
  tcmalloc frag 64:256 t=192 rep=1  15:19:36
  mimalloc frag 64:256 t=192 rep=1  15:19:43
  snmalloc frag 64:256 t=192 rep=1  15:19:50
  scudo frag 64:256 t=192 rep=1  15:19:56
  rpmalloc frag 64:256 t=192 rep=1  15:20:04
  libc frag 64:256 t=192 rep=2  15:20:11
  umem frag 64:256 t=192 rep=2  15:20:19
  umem@null frag 64:256 t=192 rep=2  15:20:28
  umem-preload frag 64:256 t=192 rep=2  15:20:37
  umem-preload@null frag 64:256 t=192 rep=2  15:20:46
  jemalloc frag 64:256 t=192 rep=2  15:20:55
  tcmalloc frag 64:256 t=192 rep=2  15:21:02
  mimalloc frag 64:256 t=192 rep=2  15:21:09
  snmalloc frag 64:256 t=192 rep=2  15:21:16
  scudo frag 64:256 t=192 rep=2  15:21:22
  rpmalloc frag 64:256 t=192 rep=2  15:21:30
matrix complete -> /home/ec2-user/libumem-iso-cmp2-d6f04abd8f1b/docs/results/2026-09-24-c8g.metal-48xl-aarch64/frag/matrix.toml
