matrix: instance=c8g.metal-48xl arch=aarch64 vcpu=192 governor=unknown
  allocators: libc umem umem@null umem-preload umem-preload@null jemalloc tcmalloc mimalloc snmalloc scudo rpmalloc
  threads:    1 8 32 64 128 192
  sizes:      16:64 64:256 256:1024 1024:4096
  runs=3 warmups=1 replicates=2 pin=1 ops=10000000
  -> /home/ec2-user/libumem-iso-cmp2-d6f04abd8f1b/docs/results/2026-09-24-c8g.metal-48xl-aarch64/prodcons/matrix.toml
  libc prodcons 16:64 t=1 rep=1  11:47:50
  umem prodcons 16:64 t=1 rep=1  11:48:02
  umem@null prodcons 16:64 t=1 rep=1  11:48:15
  umem-preload prodcons 16:64 t=1 rep=1  11:48:28
  umem-preload@null prodcons 16:64 t=1 rep=1  11:48:40
  jemalloc prodcons 16:64 t=1 rep=1  11:48:53
  tcmalloc prodcons 16:64 t=1 rep=1  11:49:06
  mimalloc prodcons 16:64 t=1 rep=1  11:49:19
  snmalloc prodcons 16:64 t=1 rep=1  11:49:30
  scudo prodcons 16:64 t=1 rep=1  11:49:42
  rpmalloc prodcons 16:64 t=1 rep=1  11:49:55
  libc prodcons 16:64 t=1 rep=2  11:50:07
  umem prodcons 16:64 t=1 rep=2  11:50:19
  umem@null prodcons 16:64 t=1 rep=2  11:50:32
  umem-preload prodcons 16:64 t=1 rep=2  11:50:45
  umem-preload@null prodcons 16:64 t=1 rep=2  11:50:58
  jemalloc prodcons 16:64 t=1 rep=2  11:51:11
  tcmalloc prodcons 16:64 t=1 rep=2  11:51:24
  mimalloc prodcons 16:64 t=1 rep=2  11:51:36
  snmalloc prodcons 16:64 t=1 rep=2  11:51:48
  scudo prodcons 16:64 t=1 rep=2  11:51:59
  rpmalloc prodcons 16:64 t=1 rep=2  11:52:13
  libc prodcons 16:64 t=8 rep=1  11:52:25
  umem prodcons 16:64 t=8 rep=1  11:52:30
  umem@null prodcons 16:64 t=8 rep=1  11:52:37
  umem-preload prodcons 16:64 t=8 rep=1  11:52:45
  umem-preload@null prodcons 16:64 t=8 rep=1  11:52:51
  jemalloc prodcons 16:64 t=8 rep=1  11:52:59
  tcmalloc prodcons 16:64 t=8 rep=1  11:53:07
  mimalloc prodcons 16:64 t=8 rep=1  11:53:14
  snmalloc prodcons 16:64 t=8 rep=1  11:53:19
  scudo prodcons 16:64 t=8 rep=1  11:53:24
  rpmalloc prodcons 16:64 t=8 rep=1  11:53:34
  libc prodcons 16:64 t=8 rep=2  11:53:40
  umem prodcons 16:64 t=8 rep=2  11:53:47
  umem@null prodcons 16:64 t=8 rep=2  11:53:55
  umem-preload prodcons 16:64 t=8 rep=2  11:54:03
  umem-preload@null prodcons 16:64 t=8 rep=2  11:54:10
  jemalloc prodcons 16:64 t=8 rep=2  11:54:18
  tcmalloc prodcons 16:64 t=8 rep=2  11:54:25
  mimalloc prodcons 16:64 t=8 rep=2  11:54:31
  snmalloc prodcons 16:64 t=8 rep=2  11:54:39
  scudo prodcons 16:64 t=8 rep=2  11:54:46
  rpmalloc prodcons 16:64 t=8 rep=2  11:54:56
  libc prodcons 16:64 t=32 rep=1  11:55:05
  umem prodcons 16:64 t=32 rep=1  11:55:09
  umem@null prodcons 16:64 t=32 rep=1  11:55:14
  umem-preload prodcons 16:64 t=32 rep=1  11:55:19
  umem-preload@null prodcons 16:64 t=32 rep=1  11:55:24
  jemalloc prodcons 16:64 t=32 rep=1  11:55:29
  tcmalloc prodcons 16:64 t=32 rep=1  11:55:34
  mimalloc prodcons 16:64 t=32 rep=1  11:55:40
  snmalloc prodcons 16:64 t=32 rep=1  11:55:45
  scudo prodcons 16:64 t=32 rep=1  11:55:49
  rpmalloc prodcons 16:64 t=32 rep=1  11:56:00
  libc prodcons 16:64 t=32 rep=2  11:56:04
  umem prodcons 16:64 t=32 rep=2  11:56:09
  umem@null prodcons 16:64 t=32 rep=2  11:56:14
  umem-preload prodcons 16:64 t=32 rep=2  11:56:19
  umem-preload@null prodcons 16:64 t=32 rep=2  11:56:24
  jemalloc prodcons 16:64 t=32 rep=2  11:56:29
  tcmalloc prodcons 16:64 t=32 rep=2  11:56:34
  mimalloc prodcons 16:64 t=32 rep=2  11:56:41
  snmalloc prodcons 16:64 t=32 rep=2  11:56:45
  scudo prodcons 16:64 t=32 rep=2  11:56:49
  rpmalloc prodcons 16:64 t=32 rep=2  11:57:01
  libc prodcons 16:64 t=64 rep=1  11:57:06
  umem prodcons 16:64 t=64 rep=1  11:57:13
  umem@null prodcons 16:64 t=64 rep=1  11:57:20
  umem-preload prodcons 16:64 t=64 rep=1  11:57:28
  umem-preload@null prodcons 16:64 t=64 rep=1  11:57:35
  jemalloc prodcons 16:64 t=64 rep=1  11:57:43
  tcmalloc prodcons 16:64 t=64 rep=1  11:57:50
  mimalloc prodcons 16:64 t=64 rep=1  11:57:57
  snmalloc prodcons 16:64 t=64 rep=1  11:58:04
  scudo prodcons 16:64 t=64 rep=1  11:58:11
  rpmalloc prodcons 16:64 t=64 rep=1  11:58:23
  libc prodcons 16:64 t=64 rep=2  11:58:30
  umem prodcons 16:64 t=64 rep=2  11:58:37
  umem@null prodcons 16:64 t=64 rep=2  11:58:45
  umem-preload prodcons 16:64 t=64 rep=2  11:58:52
  umem-preload@null prodcons 16:64 t=64 rep=2  11:58:59
  jemalloc prodcons 16:64 t=64 rep=2  11:59:07
  tcmalloc prodcons 16:64 t=64 rep=2  11:59:14
  mimalloc prodcons 16:64 t=64 rep=2  11:59:22
  snmalloc prodcons 16:64 t=64 rep=2  11:59:29
  scudo prodcons 16:64 t=64 rep=2  11:59:35
  rpmalloc prodcons 16:64 t=64 rep=2  11:59:46
  libc prodcons 16:64 t=128 rep=1  11:59:53
  umem prodcons 16:64 t=128 rep=1  12:00:10
  umem@null prodcons 16:64 t=128 rep=1  12:00:29
  umem-preload prodcons 16:64 t=128 rep=1  12:00:43
  umem-preload@null prodcons 16:64 t=128 rep=1  12:01:01
  jemalloc prodcons 16:64 t=128 rep=1  12:01:18
  tcmalloc prodcons 16:64 t=128 rep=1  12:01:39
  mimalloc prodcons 16:64 t=128 rep=1  12:02:03
  snmalloc prodcons 16:64 t=128 rep=1  12:02:44
  scudo prodcons 16:64 t=128 rep=1  12:03:04
  rpmalloc prodcons 16:64 t=128 rep=1  12:03:35
  libc prodcons 16:64 t=128 rep=2  12:03:58
  umem prodcons 16:64 t=128 rep=2  12:04:17
  umem@null prodcons 16:64 t=128 rep=2  12:04:40
  umem-preload prodcons 16:64 t=128 rep=2  12:05:05
  umem-preload@null prodcons 16:64 t=128 rep=2  12:05:32
  jemalloc prodcons 16:64 t=128 rep=2  12:05:50
  tcmalloc prodcons 16:64 t=128 rep=2  12:06:13
  mimalloc prodcons 16:64 t=128 rep=2  12:06:37
  snmalloc prodcons 16:64 t=128 rep=2  12:07:16
  scudo prodcons 16:64 t=128 rep=2  12:07:32
  rpmalloc prodcons 16:64 t=128 rep=2  12:08:03
  libc prodcons 16:64 t=192 rep=1  12:08:30
  umem prodcons 16:64 t=192 rep=1  12:09:02
  umem@null prodcons 16:64 t=192 rep=1  12:09:47
  umem-preload prodcons 16:64 t=192 rep=1  12:10:31
  umem-preload@null prodcons 16:64 t=192 rep=1  12:11:09
  jemalloc prodcons 16:64 t=192 rep=1  12:11:57
  tcmalloc prodcons 16:64 t=192 rep=1  12:12:28
  mimalloc prodcons 16:64 t=192 rep=1  12:13:03
  snmalloc prodcons 16:64 t=192 rep=1  12:13:33
  scudo prodcons 16:64 t=192 rep=1  12:14:08
  rpmalloc prodcons 16:64 t=192 rep=1  12:14:51
  libc prodcons 16:64 t=192 rep=2  12:15:28
  umem prodcons 16:64 t=192 rep=2  12:16:01
  umem@null prodcons 16:64 t=192 rep=2  12:16:40
  umem-preload prodcons 16:64 t=192 rep=2  12:17:20
  umem-preload@null prodcons 16:64 t=192 rep=2  12:18:08
  jemalloc prodcons 16:64 t=192 rep=2  12:18:51
  tcmalloc prodcons 16:64 t=192 rep=2  12:19:24
  mimalloc prodcons 16:64 t=192 rep=2  12:20:03
  snmalloc prodcons 16:64 t=192 rep=2  12:20:41
  scudo prodcons 16:64 t=192 rep=2  12:21:15
  rpmalloc prodcons 16:64 t=192 rep=2  12:21:57
  libc prodcons 64:256 t=1 rep=1  12:22:33
  umem prodcons 64:256 t=1 rep=1  12:22:45
  umem@null prodcons 64:256 t=1 rep=1  12:22:59
  umem-preload prodcons 64:256 t=1 rep=1  12:23:13
  umem-preload@null prodcons 64:256 t=1 rep=1  12:23:28
  jemalloc prodcons 64:256 t=1 rep=1  12:23:43
  tcmalloc prodcons 64:256 t=1 rep=1  12:23:55
  mimalloc prodcons 64:256 t=1 rep=1  12:24:08
  snmalloc prodcons 64:256 t=1 rep=1  12:24:19
  scudo prodcons 64:256 t=1 rep=1  12:24:31
  rpmalloc prodcons 64:256 t=1 rep=1  12:24:45
  libc prodcons 64:256 t=1 rep=2  12:24:57
  umem prodcons 64:256 t=1 rep=2  12:25:09
  umem@null prodcons 64:256 t=1 rep=2  12:25:22
  umem-preload prodcons 64:256 t=1 rep=2  12:25:36
  umem-preload@null prodcons 64:256 t=1 rep=2  12:25:50
  jemalloc prodcons 64:256 t=1 rep=2  12:26:04
  tcmalloc prodcons 64:256 t=1 rep=2  12:26:16
  mimalloc prodcons 64:256 t=1 rep=2  12:26:29
  snmalloc prodcons 64:256 t=1 rep=2  12:26:40
  scudo prodcons 64:256 t=1 rep=2  12:26:52
  rpmalloc prodcons 64:256 t=1 rep=2  12:27:06
  libc prodcons 64:256 t=8 rep=1  12:27:18
  umem prodcons 64:256 t=8 rep=1  12:27:26
  umem@null prodcons 64:256 t=8 rep=1  12:27:35
  umem-preload prodcons 64:256 t=8 rep=1  12:27:44
  umem-preload@null prodcons 64:256 t=8 rep=1  12:27:52
  jemalloc prodcons 64:256 t=8 rep=1  12:28:00
  tcmalloc prodcons 64:256 t=8 rep=1  12:28:09
  mimalloc prodcons 64:256 t=8 rep=1  12:28:13
  snmalloc prodcons 64:256 t=8 rep=1  12:28:21
  scudo prodcons 64:256 t=8 rep=1  12:28:26
  rpmalloc prodcons 64:256 t=8 rep=1  12:28:37
  libc prodcons 64:256 t=8 rep=2  12:28:43
  umem prodcons 64:256 t=8 rep=2  12:28:50
  umem@null prodcons 64:256 t=8 rep=2  12:28:58
  umem-preload prodcons 64:256 t=8 rep=2  12:29:05
  umem-preload@null prodcons 64:256 t=8 rep=2  12:29:12
  jemalloc prodcons 64:256 t=8 rep=2  12:29:19
  tcmalloc prodcons 64:256 t=8 rep=2  12:29:26
  mimalloc prodcons 64:256 t=8 rep=2  12:29:31
  snmalloc prodcons 64:256 t=8 rep=2  12:29:38
  scudo prodcons 64:256 t=8 rep=2  12:29:46
  rpmalloc prodcons 64:256 t=8 rep=2  12:29:56
  libc prodcons 64:256 t=32 rep=1  12:30:02
  umem prodcons 64:256 t=32 rep=1  12:30:07
  umem@null prodcons 64:256 t=32 rep=1  12:30:13
  umem-preload prodcons 64:256 t=32 rep=1  12:30:19
  umem-preload@null prodcons 64:256 t=32 rep=1  12:30:24
  jemalloc prodcons 64:256 t=32 rep=1  12:30:30
  tcmalloc prodcons 64:256 t=32 rep=1  12:30:35
  mimalloc prodcons 64:256 t=32 rep=1  12:30:40
  snmalloc prodcons 64:256 t=32 rep=1  12:30:44
  scudo prodcons 64:256 t=32 rep=1  12:30:48
  rpmalloc prodcons 64:256 t=32 rep=1  12:30:59
  libc prodcons 64:256 t=32 rep=2  12:31:04
  umem prodcons 64:256 t=32 rep=2  12:31:09
  umem@null prodcons 64:256 t=32 rep=2  12:31:14
  umem-preload prodcons 64:256 t=32 rep=2  12:31:20
  umem-preload@null prodcons 64:256 t=32 rep=2  12:31:26
  jemalloc prodcons 64:256 t=32 rep=2  12:31:32
  tcmalloc prodcons 64:256 t=32 rep=2  12:31:36
  mimalloc prodcons 64:256 t=32 rep=2  12:31:41
  snmalloc prodcons 64:256 t=32 rep=2  12:31:45
  scudo prodcons 64:256 t=32 rep=2  12:31:50
  rpmalloc prodcons 64:256 t=32 rep=2  12:32:02
  libc prodcons 64:256 t=64 rep=1  12:32:06
  umem prodcons 64:256 t=64 rep=1  12:32:14
  umem@null prodcons 64:256 t=64 rep=1  12:32:21
  umem-preload prodcons 64:256 t=64 rep=1  12:32:29
  umem-preload@null prodcons 64:256 t=64 rep=1  12:32:37
  jemalloc prodcons 64:256 t=64 rep=1  12:32:45
  tcmalloc prodcons 64:256 t=64 rep=1  12:32:52
  mimalloc prodcons 64:256 t=64 rep=1  12:32:59
  snmalloc prodcons 64:256 t=64 rep=1  12:33:06
  scudo prodcons 64:256 t=64 rep=1  12:33:13
  rpmalloc prodcons 64:256 t=64 rep=1  12:33:24
  libc prodcons 64:256 t=64 rep=2  12:33:31
  umem prodcons 64:256 t=64 rep=2  12:33:38
  umem@null prodcons 64:256 t=64 rep=2  12:33:46
  umem-preload prodcons 64:256 t=64 rep=2  12:33:54
  umem-preload@null prodcons 64:256 t=64 rep=2  12:34:02
  jemalloc prodcons 64:256 t=64 rep=2  12:34:10
  tcmalloc prodcons 64:256 t=64 rep=2  12:34:17
  mimalloc prodcons 64:256 t=64 rep=2  12:34:25
  snmalloc prodcons 64:256 t=64 rep=2  12:34:32
  scudo prodcons 64:256 t=64 rep=2  12:34:39
  rpmalloc prodcons 64:256 t=64 rep=2  12:34:51
  libc prodcons 64:256 t=128 rep=1  12:34:58
  umem prodcons 64:256 t=128 rep=1  12:35:12
  umem@null prodcons 64:256 t=128 rep=1  12:35:38
  umem-preload prodcons 64:256 t=128 rep=1  12:36:07
  umem-preload@null prodcons 64:256 t=128 rep=1  12:36:35
  jemalloc prodcons 64:256 t=128 rep=1  12:37:01
  tcmalloc prodcons 64:256 t=128 rep=1  12:37:20
  mimalloc prodcons 64:256 t=128 rep=1  12:37:36
  snmalloc prodcons 64:256 t=128 rep=1  12:38:14
  scudo prodcons 64:256 t=128 rep=1  12:38:28
  rpmalloc prodcons 64:256 t=128 rep=1  12:39:03
  libc prodcons 64:256 t=128 rep=2  12:39:25
  umem prodcons 64:256 t=128 rep=2  12:39:39
  umem@null prodcons 64:256 t=128 rep=2  12:40:05
  umem-preload prodcons 64:256 t=128 rep=2  12:40:35
  umem-preload@null prodcons 64:256 t=128 rep=2  12:41:04
  jemalloc prodcons 64:256 t=128 rep=2  12:41:28
  tcmalloc prodcons 64:256 t=128 rep=2  12:41:49
  mimalloc prodcons 64:256 t=128 rep=2  12:42:06
  snmalloc prodcons 64:256 t=128 rep=2  12:42:39
  scudo prodcons 64:256 t=128 rep=2  12:42:57
  rpmalloc prodcons 64:256 t=128 rep=2  12:43:31
  libc prodcons 64:256 t=192 rep=1  12:43:54
  umem prodcons 64:256 t=192 rep=1  12:44:33
  umem@null prodcons 64:256 t=192 rep=1  12:45:16
  umem-preload prodcons 64:256 t=192 rep=1  12:46:02
  umem-preload@null prodcons 64:256 t=192 rep=1  12:46:42
  jemalloc prodcons 64:256 t=192 rep=1  12:47:23
  tcmalloc prodcons 64:256 t=192 rep=1  12:47:51
  mimalloc prodcons 64:256 t=192 rep=1  12:48:24
  snmalloc prodcons 64:256 t=192 rep=1  12:48:53
  scudo prodcons 64:256 t=192 rep=1  12:49:25
  rpmalloc prodcons 64:256 t=192 rep=1  12:50:08
  libc prodcons 64:256 t=192 rep=2  12:50:43
  umem prodcons 64:256 t=192 rep=2  12:51:24
  umem@null prodcons 64:256 t=192 rep=2  12:52:08
  umem-preload prodcons 64:256 t=192 rep=2  12:52:50
  umem-preload@null prodcons 64:256 t=192 rep=2  12:53:38
  jemalloc prodcons 64:256 t=192 rep=2  12:54:19
  tcmalloc prodcons 64:256 t=192 rep=2  12:54:41
  mimalloc prodcons 64:256 t=192 rep=2  12:55:19
  snmalloc prodcons 64:256 t=192 rep=2  12:55:57
  scudo prodcons 64:256 t=192 rep=2  12:56:32
  rpmalloc prodcons 64:256 t=192 rep=2  12:57:17
  libc prodcons 256:1024 t=1 rep=1  12:57:52
  umem prodcons 256:1024 t=1 rep=1  12:58:04
  umem@null prodcons 256:1024 t=1 rep=1  12:58:17
  umem-preload prodcons 256:1024 t=1 rep=1  12:58:30
  umem-preload@null prodcons 256:1024 t=1 rep=1  12:58:43
  jemalloc prodcons 256:1024 t=1 rep=1  12:58:56
  tcmalloc prodcons 256:1024 t=1 rep=1  12:59:10
  mimalloc prodcons 256:1024 t=1 rep=1  12:59:22
  snmalloc prodcons 256:1024 t=1 rep=1  12:59:35
  scudo prodcons 256:1024 t=1 rep=1  12:59:47
  rpmalloc prodcons 256:1024 t=1 rep=1  13:00:05
  libc prodcons 256:1024 t=1 rep=2  13:00:21
  umem prodcons 256:1024 t=1 rep=2  13:00:34
  umem@null prodcons 256:1024 t=1 rep=2  13:00:46
  umem-preload prodcons 256:1024 t=1 rep=2  13:00:59
  umem-preload@null prodcons 256:1024 t=1 rep=2  13:01:12
  jemalloc prodcons 256:1024 t=1 rep=2  13:01:25
  tcmalloc prodcons 256:1024 t=1 rep=2  13:01:39
  mimalloc prodcons 256:1024 t=1 rep=2  13:01:51
  snmalloc prodcons 256:1024 t=1 rep=2  13:02:04
  scudo prodcons 256:1024 t=1 rep=2  13:02:16
  rpmalloc prodcons 256:1024 t=1 rep=2  13:02:34
  libc prodcons 256:1024 t=8 rep=1  13:02:50
  umem prodcons 256:1024 t=8 rep=1  13:02:57
  umem@null prodcons 256:1024 t=8 rep=1  13:03:05
  umem-preload prodcons 256:1024 t=8 rep=1  13:03:13
  umem-preload@null prodcons 256:1024 t=8 rep=1  13:03:22
  jemalloc prodcons 256:1024 t=8 rep=1  13:03:30
  tcmalloc prodcons 256:1024 t=8 rep=1  13:03:38
  mimalloc prodcons 256:1024 t=8 rep=1  13:03:43
  snmalloc prodcons 256:1024 t=8 rep=1  13:03:52
  scudo prodcons 256:1024 t=8 rep=1  13:03:58
  rpmalloc prodcons 256:1024 t=8 rep=1  13:04:12
  libc prodcons 256:1024 t=8 rep=2  13:04:21
  umem prodcons 256:1024 t=8 rep=2  13:04:28
  umem@null prodcons 256:1024 t=8 rep=2  13:04:38
  umem-preload prodcons 256:1024 t=8 rep=2  13:04:46
  umem-preload@null prodcons 256:1024 t=8 rep=2  13:04:54
  jemalloc prodcons 256:1024 t=8 rep=2  13:05:02
  tcmalloc prodcons 256:1024 t=8 rep=2  13:05:08
  mimalloc prodcons 256:1024 t=8 rep=2  13:05:14
  snmalloc prodcons 256:1024 t=8 rep=2  13:05:21
  scudo prodcons 256:1024 t=8 rep=2  13:05:30
  rpmalloc prodcons 256:1024 t=8 rep=2  13:05:44
  libc prodcons 256:1024 t=32 rep=1  13:05:51
  umem prodcons 256:1024 t=32 rep=1  13:05:57
  umem@null prodcons 256:1024 t=32 rep=1  13:06:03
  umem-preload prodcons 256:1024 t=32 rep=1  13:06:09
  umem-preload@null prodcons 256:1024 t=32 rep=1  13:06:15
  jemalloc prodcons 256:1024 t=32 rep=1  13:06:21
  tcmalloc prodcons 256:1024 t=32 rep=1  13:06:26
  mimalloc prodcons 256:1024 t=32 rep=1  13:06:32
  snmalloc prodcons 256:1024 t=32 rep=1  13:06:37
  scudo prodcons 256:1024 t=32 rep=1  13:06:41
  rpmalloc prodcons 256:1024 t=32 rep=1  13:06:58
  libc prodcons 256:1024 t=32 rep=2  13:07:03
  umem prodcons 256:1024 t=32 rep=2  13:07:08
  umem@null prodcons 256:1024 t=32 rep=2  13:07:14
  umem-preload prodcons 256:1024 t=32 rep=2  13:07:20
  umem-preload@null prodcons 256:1024 t=32 rep=2  13:07:27
  jemalloc prodcons 256:1024 t=32 rep=2  13:07:33
  tcmalloc prodcons 256:1024 t=32 rep=2  13:07:38
  mimalloc prodcons 256:1024 t=32 rep=2  13:07:44
  snmalloc prodcons 256:1024 t=32 rep=2  13:07:48
  scudo prodcons 256:1024 t=32 rep=2  13:07:53
  rpmalloc prodcons 256:1024 t=32 rep=2  13:08:09
  libc prodcons 256:1024 t=64 rep=1  13:08:14
  umem prodcons 256:1024 t=64 rep=1  13:08:22
  umem@null prodcons 256:1024 t=64 rep=1  13:08:30
  umem-preload prodcons 256:1024 t=64 rep=1  13:08:39
  umem-preload@null prodcons 256:1024 t=64 rep=1  13:08:47
  jemalloc prodcons 256:1024 t=64 rep=1  13:08:56
  tcmalloc prodcons 256:1024 t=64 rep=1  13:09:03
  mimalloc prodcons 256:1024 t=64 rep=1  13:09:12
  snmalloc prodcons 256:1024 t=64 rep=1  13:09:19
  scudo prodcons 256:1024 t=64 rep=1  13:09:26
  rpmalloc prodcons 256:1024 t=64 rep=1  13:09:43
  libc prodcons 256:1024 t=64 rep=2  13:09:50
  umem prodcons 256:1024 t=64 rep=2  13:09:58
  umem@null prodcons 256:1024 t=64 rep=2  13:10:06
  umem-preload prodcons 256:1024 t=64 rep=2  13:10:15
  umem-preload@null prodcons 256:1024 t=64 rep=2  13:10:23
  jemalloc prodcons 256:1024 t=64 rep=2  13:10:31
  tcmalloc prodcons 256:1024 t=64 rep=2  13:10:39
  mimalloc prodcons 256:1024 t=64 rep=2  13:10:47
  snmalloc prodcons 256:1024 t=64 rep=2  13:10:54
  scudo prodcons 256:1024 t=64 rep=2  13:11:01
  rpmalloc prodcons 256:1024 t=64 rep=2  13:11:18
  libc prodcons 256:1024 t=128 rep=1  13:11:25
  umem prodcons 256:1024 t=128 rep=1  13:11:44
  umem@null prodcons 256:1024 t=128 rep=1  13:12:10
  umem-preload prodcons 256:1024 t=128 rep=1  13:12:44
  umem-preload@null prodcons 256:1024 t=128 rep=1  13:13:13
  jemalloc prodcons 256:1024 t=128 rep=1  13:13:37
  tcmalloc prodcons 256:1024 t=128 rep=1  13:13:56
  mimalloc prodcons 256:1024 t=128 rep=1  13:14:14
  snmalloc prodcons 256:1024 t=128 rep=1  13:14:56
  scudo prodcons 256:1024 t=128 rep=1  13:15:12
  rpmalloc prodcons 256:1024 t=128 rep=1  13:15:58
  libc prodcons 256:1024 t=128 rep=2  13:16:24
  umem prodcons 256:1024 t=128 rep=2  13:16:43
  umem@null prodcons 256:1024 t=128 rep=2  13:17:16
  umem-preload prodcons 256:1024 t=128 rep=2  13:17:42
  umem-preload@null prodcons 256:1024 t=128 rep=2  13:18:11
  jemalloc prodcons 256:1024 t=128 rep=2  13:18:42
  tcmalloc prodcons 256:1024 t=128 rep=2  13:19:07
  mimalloc prodcons 256:1024 t=128 rep=2  13:19:34
  snmalloc prodcons 256:1024 t=128 rep=2  13:20:09
  scudo prodcons 256:1024 t=128 rep=2  13:20:33
  rpmalloc prodcons 256:1024 t=128 rep=2  13:21:17
  libc prodcons 256:1024 t=192 rep=1  13:21:38
  umem prodcons 256:1024 t=192 rep=1  13:22:23
  umem@null prodcons 256:1024 t=192 rep=1  13:23:11
  umem-preload prodcons 256:1024 t=192 rep=1  13:23:59
  umem-preload@null prodcons 256:1024 t=192 rep=1  13:24:43
  jemalloc prodcons 256:1024 t=192 rep=1  13:25:27
  tcmalloc prodcons 256:1024 t=192 rep=1  13:25:56
  mimalloc prodcons 256:1024 t=192 rep=1  13:26:42
  snmalloc prodcons 256:1024 t=192 rep=1  13:27:16
  scudo prodcons 256:1024 t=192 rep=1  13:27:50
  rpmalloc prodcons 256:1024 t=192 rep=1  13:28:37
  libc prodcons 256:1024 t=192 rep=2  13:29:12
  umem prodcons 256:1024 t=192 rep=2  13:29:52
  umem@null prodcons 256:1024 t=192 rep=2  13:30:39
  umem-preload prodcons 256:1024 t=192 rep=2  13:31:31
  umem-preload@null prodcons 256:1024 t=192 rep=2  13:32:24
  jemalloc prodcons 256:1024 t=192 rep=2  13:33:16
  tcmalloc prodcons 256:1024 t=192 rep=2  13:33:41
  mimalloc prodcons 256:1024 t=192 rep=2  13:34:25
  snmalloc prodcons 256:1024 t=192 rep=2  13:35:01
  scudo prodcons 256:1024 t=192 rep=2  13:35:35
  rpmalloc prodcons 256:1024 t=192 rep=2  13:36:40
  libc prodcons 1024:4096 t=1 rep=1  13:37:20
  umem prodcons 1024:4096 t=1 rep=1  13:37:37
  umem@null prodcons 1024:4096 t=1 rep=1  13:37:52
  umem-preload prodcons 1024:4096 t=1 rep=1  13:38:08
  umem-preload@null prodcons 1024:4096 t=1 rep=1  13:38:24
  jemalloc prodcons 1024:4096 t=1 rep=1  13:38:41
  tcmalloc prodcons 1024:4096 t=1 rep=1  13:38:56
  mimalloc prodcons 1024:4096 t=1 rep=1  13:39:12
  snmalloc prodcons 1024:4096 t=1 rep=1  13:39:28
  scudo prodcons 1024:4096 t=1 rep=1  13:39:45
  rpmalloc prodcons 1024:4096 t=1 rep=1  13:40:06
  libc prodcons 1024:4096 t=1 rep=2  13:40:48
  umem prodcons 1024:4096 t=1 rep=2  13:41:05
  umem@null prodcons 1024:4096 t=1 rep=2  13:41:21
  umem-preload prodcons 1024:4096 t=1 rep=2  13:41:37
  umem-preload@null prodcons 1024:4096 t=1 rep=2  13:41:53
  jemalloc prodcons 1024:4096 t=1 rep=2  13:42:10
  tcmalloc prodcons 1024:4096 t=1 rep=2  13:42:25
  mimalloc prodcons 1024:4096 t=1 rep=2  13:42:41
  snmalloc prodcons 1024:4096 t=1 rep=2  13:42:57
  scudo prodcons 1024:4096 t=1 rep=2  13:43:14
  rpmalloc prodcons 1024:4096 t=1 rep=2  13:43:35
  libc prodcons 1024:4096 t=8 rep=1  13:44:17
  umem prodcons 1024:4096 t=8 rep=1  13:44:24
  umem@null prodcons 1024:4096 t=8 rep=1  13:44:32
  umem-preload prodcons 1024:4096 t=8 rep=1  13:44:40
  umem-preload@null prodcons 1024:4096 t=8 rep=1  13:44:48
  jemalloc prodcons 1024:4096 t=8 rep=1  13:44:56
  tcmalloc prodcons 1024:4096 t=8 rep=1  13:45:02
  mimalloc prodcons 1024:4096 t=8 rep=1  13:45:07
  snmalloc prodcons 1024:4096 t=8 rep=1  13:45:16
  scudo prodcons 1024:4096 t=8 rep=1  13:45:21
  rpmalloc prodcons 1024:4096 t=8 rep=1  13:45:37
  libc prodcons 1024:4096 t=8 rep=2  13:45:45
  umem prodcons 1024:4096 t=8 rep=2  13:45:53
  umem@null prodcons 1024:4096 t=8 rep=2  13:46:01
  umem-preload prodcons 1024:4096 t=8 rep=2  13:46:09
  umem-preload@null prodcons 1024:4096 t=8 rep=2  13:46:17
  jemalloc prodcons 1024:4096 t=8 rep=2  13:46:25
  tcmalloc prodcons 1024:4096 t=8 rep=2  13:46:32
  mimalloc prodcons 1024:4096 t=8 rep=2  13:46:37
  snmalloc prodcons 1024:4096 t=8 rep=2  13:46:44
  scudo prodcons 1024:4096 t=8 rep=2  13:46:50
  rpmalloc prodcons 1024:4096 t=8 rep=2  13:47:05
  libc prodcons 1024:4096 t=32 rep=1  13:47:12
  umem prodcons 1024:4096 t=32 rep=1  13:47:18
  umem@null prodcons 1024:4096 t=32 rep=1  13:47:23
  umem-preload prodcons 1024:4096 t=32 rep=1  13:47:29
  umem-preload@null prodcons 1024:4096 t=32 rep=1  13:47:35
  jemalloc prodcons 1024:4096 t=32 rep=1  13:47:41
  tcmalloc prodcons 1024:4096 t=32 rep=1  13:47:47
  mimalloc prodcons 1024:4096 t=32 rep=1  13:47:53
  snmalloc prodcons 1024:4096 t=32 rep=1  13:47:59
  scudo prodcons 1024:4096 t=32 rep=1  13:48:04
  rpmalloc prodcons 1024:4096 t=32 rep=1  13:48:22
  libc prodcons 1024:4096 t=32 rep=2  13:48:27
  umem prodcons 1024:4096 t=32 rep=2  13:48:33
  umem@null prodcons 1024:4096 t=32 rep=2  13:48:38
  umem-preload prodcons 1024:4096 t=32 rep=2  13:48:44
  umem-preload@null prodcons 1024:4096 t=32 rep=2  13:48:50
  jemalloc prodcons 1024:4096 t=32 rep=2  13:48:56
  tcmalloc prodcons 1024:4096 t=32 rep=2  13:49:02
  mimalloc prodcons 1024:4096 t=32 rep=2  13:49:08
  snmalloc prodcons 1024:4096 t=32 rep=2  13:49:14
  scudo prodcons 1024:4096 t=32 rep=2  13:49:19
  rpmalloc prodcons 1024:4096 t=32 rep=2  13:49:37
  libc prodcons 1024:4096 t=64 rep=1  13:49:43
  umem prodcons 1024:4096 t=64 rep=1  13:49:51
  umem@null prodcons 1024:4096 t=64 rep=1  13:49:59
  umem-preload prodcons 1024:4096 t=64 rep=1  13:50:07
  umem-preload@null prodcons 1024:4096 t=64 rep=1  13:50:16
  jemalloc prodcons 1024:4096 t=64 rep=1  13:50:24
  tcmalloc prodcons 1024:4096 t=64 rep=1  13:50:32
  mimalloc prodcons 1024:4096 t=64 rep=1  13:50:41
  snmalloc prodcons 1024:4096 t=64 rep=1  13:50:49
  scudo prodcons 1024:4096 t=64 rep=1  13:50:56
  rpmalloc prodcons 1024:4096 t=64 rep=1  13:51:13
  libc prodcons 1024:4096 t=64 rep=2  13:51:20
  umem prodcons 1024:4096 t=64 rep=2  13:51:28
  umem@null prodcons 1024:4096 t=64 rep=2  13:51:37
  umem-preload prodcons 1024:4096 t=64 rep=2  13:51:45
  umem-preload@null prodcons 1024:4096 t=64 rep=2  13:51:53
  jemalloc prodcons 1024:4096 t=64 rep=2  13:52:01
  tcmalloc prodcons 1024:4096 t=64 rep=2  13:52:09
  mimalloc prodcons 1024:4096 t=64 rep=2  13:52:18
  snmalloc prodcons 1024:4096 t=64 rep=2  13:52:26
  scudo prodcons 1024:4096 t=64 rep=2  13:52:32
  rpmalloc prodcons 1024:4096 t=64 rep=2  13:52:50
  libc prodcons 1024:4096 t=128 rep=1  13:52:58
  umem prodcons 1024:4096 t=128 rep=1  13:53:20
  umem@null prodcons 1024:4096 t=128 rep=1  13:53:50
  umem-preload prodcons 1024:4096 t=128 rep=1  13:54:19
  umem-preload@null prodcons 1024:4096 t=128 rep=1  13:54:49
  jemalloc prodcons 1024:4096 t=128 rep=1  13:55:22
  tcmalloc prodcons 1024:4096 t=128 rep=1  13:55:48
  mimalloc prodcons 1024:4096 t=128 rep=1  13:56:08
  snmalloc prodcons 1024:4096 t=128 rep=1  13:56:41
  scudo prodcons 1024:4096 t=128 rep=1  13:57:02
  rpmalloc prodcons 1024:4096 t=128 rep=1  13:57:49
  libc prodcons 1024:4096 t=128 rep=2  13:58:15
  umem prodcons 1024:4096 t=128 rep=2  13:58:34
  umem@null prodcons 1024:4096 t=128 rep=2  13:59:04
  umem-preload prodcons 1024:4096 t=128 rep=2  13:59:35
  umem-preload@null prodcons 1024:4096 t=128 rep=2  14:00:00
  jemalloc prodcons 1024:4096 t=128 rep=2  14:00:29
  tcmalloc prodcons 1024:4096 t=128 rep=2  14:00:55
  mimalloc prodcons 1024:4096 t=128 rep=2  14:01:14
  snmalloc prodcons 1024:4096 t=128 rep=2  14:01:47
  scudo prodcons 1024:4096 t=128 rep=2  14:02:14
  rpmalloc prodcons 1024:4096 t=128 rep=2  14:03:01
  libc prodcons 1024:4096 t=192 rep=1  14:03:27
  umem prodcons 1024:4096 t=192 rep=1  14:04:10
  umem@null prodcons 1024:4096 t=192 rep=1  14:04:58
  umem-preload prodcons 1024:4096 t=192 rep=1  14:05:47
  umem-preload@null prodcons 1024:4096 t=192 rep=1  14:06:35
  jemalloc prodcons 1024:4096 t=192 rep=1  14:07:22
  tcmalloc prodcons 1024:4096 t=192 rep=1  14:07:51
  mimalloc prodcons 1024:4096 t=192 rep=1  14:08:26
  snmalloc prodcons 1024:4096 t=192 rep=1  14:09:04
  scudo prodcons 1024:4096 t=192 rep=1  14:09:42
  rpmalloc prodcons 1024:4096 t=192 rep=1  14:10:33
  libc prodcons 1024:4096 t=192 rep=2  14:10:59
  umem prodcons 1024:4096 t=192 rep=2  14:11:44
  umem@null prodcons 1024:4096 t=192 rep=2  14:12:33
  umem-preload prodcons 1024:4096 t=192 rep=2  14:13:22
  umem-preload@null prodcons 1024:4096 t=192 rep=2  14:14:06
  jemalloc prodcons 1024:4096 t=192 rep=2  14:14:55
  tcmalloc prodcons 1024:4096 t=192 rep=2  14:15:25
  mimalloc prodcons 1024:4096 t=192 rep=2  14:16:08
  snmalloc prodcons 1024:4096 t=192 rep=2  14:16:46
  scudo prodcons 1024:4096 t=192 rep=2  14:17:24
  rpmalloc prodcons 1024:4096 t=192 rep=2  14:18:26
matrix complete -> /home/ec2-user/libumem-iso-cmp2-d6f04abd8f1b/docs/results/2026-09-24-c8g.metal-48xl-aarch64/prodcons/matrix.toml
