matrix: instance=c7i.metal-48xl arch=x86_64 vcpu=192 governor=performance
  allocators: libc umem umem@null umem-preload umem-preload@null jemalloc tcmalloc mimalloc snmalloc scudo rpmalloc
  threads:    1 8 32 64 128 192
  sizes:      16:64 64:256
  runs=3 warmups=1 replicates=2 pin=1 ops=20000000
  -> /home/ec2-user/libumem-iso-cmp2-d6f04abd8f1b/docs/results/2026-09-24-c7i.metal-48xl-x86_64/frag/matrix.toml
  libc frag 16:64 t=1 rep=1  15:02:23
  umem frag 16:64 t=1 rep=1  15:02:57
  umem@null frag 16:64 t=1 rep=1  15:03:51
  umem-preload frag 16:64 t=1 rep=1  15:04:44
  umem-preload@null frag 16:64 t=1 rep=1  15:05:38
  jemalloc frag 16:64 t=1 rep=1  15:06:32
  tcmalloc frag 16:64 t=1 rep=1  15:06:58
  mimalloc frag 16:64 t=1 rep=1  15:07:26
  snmalloc frag 16:64 t=1 rep=1  15:07:50
  scudo frag 16:64 t=1 rep=1  15:08:14
  rpmalloc frag 16:64 t=1 rep=1  15:08:54
  libc frag 16:64 t=1 rep=2  15:09:17
  umem frag 16:64 t=1 rep=2  15:09:51
  umem@null frag 16:64 t=1 rep=2  15:10:45
  umem-preload frag 16:64 t=1 rep=2  15:11:38
  umem-preload@null frag 16:64 t=1 rep=2  15:12:32
  jemalloc frag 16:64 t=1 rep=2  15:13:26
  tcmalloc frag 16:64 t=1 rep=2  15:13:51
  mimalloc frag 16:64 t=1 rep=2  15:14:20
  snmalloc frag 16:64 t=1 rep=2  15:14:43
  scudo frag 16:64 t=1 rep=2  15:15:08
  rpmalloc frag 16:64 t=1 rep=2  15:15:47
  libc frag 16:64 t=8 rep=1  15:16:10
  umem frag 16:64 t=8 rep=1  15:16:22
  umem@null frag 16:64 t=8 rep=1  15:16:40
  umem-preload frag 16:64 t=8 rep=1  15:16:59
  umem-preload@null frag 16:64 t=8 rep=1  15:17:18
  jemalloc frag 16:64 t=8 rep=1  15:17:39
  tcmalloc frag 16:64 t=8 rep=1  15:17:47
  mimalloc frag 16:64 t=8 rep=1  15:17:56
  snmalloc frag 16:64 t=8 rep=1  15:18:03
  scudo frag 16:64 t=8 rep=1  15:18:11
  rpmalloc frag 16:64 t=8 rep=1  15:18:20
  libc frag 16:64 t=8 rep=2  15:18:29
  umem frag 16:64 t=8 rep=2  15:18:40
  umem@null frag 16:64 t=8 rep=2  15:18:58
  umem-preload frag 16:64 t=8 rep=2  15:19:19
  umem-preload@null frag 16:64 t=8 rep=2  15:19:40
  jemalloc frag 16:64 t=8 rep=2  15:20:00
  tcmalloc frag 16:64 t=8 rep=2  15:20:11
  mimalloc frag 16:64 t=8 rep=2  15:20:21
  snmalloc frag 16:64 t=8 rep=2  15:20:32
  scudo frag 16:64 t=8 rep=2  15:20:41
  rpmalloc frag 16:64 t=8 rep=2  15:20:52
  libc frag 16:64 t=32 rep=1  15:21:00
  umem frag 16:64 t=32 rep=1  15:21:09
  umem@null frag 16:64 t=32 rep=1  15:21:24
  umem-preload frag 16:64 t=32 rep=1  15:21:38
  umem-preload@null frag 16:64 t=32 rep=1  15:21:52
  jemalloc frag 16:64 t=32 rep=1  15:22:08
  tcmalloc frag 16:64 t=32 rep=1  15:22:16
  mimalloc frag 16:64 t=32 rep=1  15:22:25
  snmalloc frag 16:64 t=32 rep=1  15:22:35
  scudo frag 16:64 t=32 rep=1  15:22:44
  rpmalloc frag 16:64 t=32 rep=1  15:22:52
  libc frag 16:64 t=32 rep=2  15:23:00
  umem frag 16:64 t=32 rep=2  15:23:08
  umem@null frag 16:64 t=32 rep=2  15:23:22
  umem-preload frag 16:64 t=32 rep=2  15:23:37
  umem-preload@null frag 16:64 t=32 rep=2  15:23:51
  jemalloc frag 16:64 t=32 rep=2  15:24:06
  tcmalloc frag 16:64 t=32 rep=2  15:24:15
  mimalloc frag 16:64 t=32 rep=2  15:24:24
  snmalloc frag 16:64 t=32 rep=2  15:24:31
  scudo frag 16:64 t=32 rep=2  15:24:40
  rpmalloc frag 16:64 t=32 rep=2  15:24:48
  libc frag 16:64 t=64 rep=1  15:24:58
  umem frag 16:64 t=64 rep=1  15:25:07
  umem@null frag 16:64 t=64 rep=1  15:25:25
  umem-preload frag 16:64 t=64 rep=1  15:25:44
  umem-preload@null frag 16:64 t=64 rep=1  15:26:02
  jemalloc frag 16:64 t=64 rep=1  15:26:20
  tcmalloc frag 16:64 t=64 rep=1  15:26:31
  mimalloc frag 16:64 t=64 rep=1  15:26:40
  snmalloc frag 16:64 t=64 rep=1  15:26:50
  scudo frag 16:64 t=64 rep=1  15:27:00
  rpmalloc frag 16:64 t=64 rep=1  15:27:10
  libc frag 16:64 t=64 rep=2  15:27:20
  umem frag 16:64 t=64 rep=2  15:27:31
  umem@null frag 16:64 t=64 rep=2  15:27:49
  umem-preload frag 16:64 t=64 rep=2  15:28:08
  umem-preload@null frag 16:64 t=64 rep=2  15:28:26
  jemalloc frag 16:64 t=64 rep=2  15:28:43
  tcmalloc frag 16:64 t=64 rep=2  15:28:53
  mimalloc frag 16:64 t=64 rep=2  15:29:03
  snmalloc frag 16:64 t=64 rep=2  15:29:13
  scudo frag 16:64 t=64 rep=2  15:29:22
  rpmalloc frag 16:64 t=64 rep=2  15:29:32
  libc frag 16:64 t=128 rep=1  15:29:42
  umem frag 16:64 t=128 rep=1  15:29:51
  umem@null frag 16:64 t=128 rep=1  15:30:07
  umem-preload frag 16:64 t=128 rep=1  15:30:22
  umem-preload@null frag 16:64 t=128 rep=1  15:30:38
  jemalloc frag 16:64 t=128 rep=1  15:30:53
  tcmalloc frag 16:64 t=128 rep=1  15:31:02
  mimalloc frag 16:64 t=128 rep=1  15:31:12
  snmalloc frag 16:64 t=128 rep=1  15:31:22
  scudo frag 16:64 t=128 rep=1  15:31:31
  rpmalloc frag 16:64 t=128 rep=1  15:31:42
  libc frag 16:64 t=128 rep=2  15:31:51
  umem frag 16:64 t=128 rep=2  15:32:00
  umem@null frag 16:64 t=128 rep=2  15:32:16
  umem-preload frag 16:64 t=128 rep=2  15:32:31
  umem-preload@null frag 16:64 t=128 rep=2  15:32:46
  jemalloc frag 16:64 t=128 rep=2  15:33:01
  tcmalloc frag 16:64 t=128 rep=2  15:33:10
  mimalloc frag 16:64 t=128 rep=2  15:33:20
  snmalloc frag 16:64 t=128 rep=2  15:33:29
  scudo frag 16:64 t=128 rep=2  15:33:39
  rpmalloc frag 16:64 t=128 rep=2  15:33:48
  libc frag 16:64 t=192 rep=1  15:33:58
  umem frag 16:64 t=192 rep=1  15:34:09
  umem@null frag 16:64 t=192 rep=1  15:34:23
  umem-preload frag 16:64 t=192 rep=1  15:34:38
  umem-preload@null frag 16:64 t=192 rep=1  15:34:53
  jemalloc frag 16:64 t=192 rep=1  15:35:08
  tcmalloc frag 16:64 t=192 rep=1  15:35:18
  mimalloc frag 16:64 t=192 rep=1  15:35:29
  snmalloc frag 16:64 t=192 rep=1  15:35:38
  scudo frag 16:64 t=192 rep=1  15:35:48
  rpmalloc frag 16:64 t=192 rep=1  15:35:57
  libc frag 16:64 t=192 rep=2  15:36:07
  umem frag 16:64 t=192 rep=2  15:36:17
  umem@null frag 16:64 t=192 rep=2  15:36:33
  umem-preload frag 16:64 t=192 rep=2  15:36:49
  umem-preload@null frag 16:64 t=192 rep=2  15:37:04
  jemalloc frag 16:64 t=192 rep=2  15:37:19
  tcmalloc frag 16:64 t=192 rep=2  15:37:29
  mimalloc frag 16:64 t=192 rep=2  15:37:38
  snmalloc frag 16:64 t=192 rep=2  15:37:48
  scudo frag 16:64 t=192 rep=2  15:37:58
  rpmalloc frag 16:64 t=192 rep=2  15:38:09
  libc frag 64:256 t=1 rep=1  15:38:19
  umem frag 64:256 t=1 rep=1  15:39:18
  umem@null frag 64:256 t=1 rep=1  15:40:20
  umem-preload frag 64:256 t=1 rep=1  15:41:21
  umem-preload@null frag 64:256 t=1 rep=1  15:42:25
  jemalloc frag 64:256 t=1 rep=1  15:43:28
  tcmalloc frag 64:256 t=1 rep=1  15:43:53
  mimalloc frag 64:256 t=1 rep=1  15:44:30
  snmalloc frag 64:256 t=1 rep=1  15:45:05
  scudo frag 64:256 t=1 rep=1  15:45:37
  rpmalloc frag 64:256 t=1 rep=1  15:46:25
  libc frag 64:256 t=1 rep=2  15:47:01
  umem frag 64:256 t=1 rep=2  15:48:00
  umem@null frag 64:256 t=1 rep=2  15:49:02
  umem-preload frag 64:256 t=1 rep=2  15:50:03
  umem-preload@null frag 64:256 t=1 rep=2  15:51:07
  jemalloc frag 64:256 t=1 rep=2  15:52:10
  tcmalloc frag 64:256 t=1 rep=2  15:52:35
  mimalloc frag 64:256 t=1 rep=2  15:53:12
  snmalloc frag 64:256 t=1 rep=2  15:53:49
  scudo frag 64:256 t=1 rep=2  15:54:21
  rpmalloc frag 64:256 t=1 rep=2  15:55:09
  libc frag 64:256 t=8 rep=1  15:55:45
  umem frag 64:256 t=8 rep=1  15:55:55
  umem@null frag 64:256 t=8 rep=1  15:56:12
  umem-preload frag 64:256 t=8 rep=1  15:56:30
  umem-preload@null frag 64:256 t=8 rep=1  15:56:47
  jemalloc frag 64:256 t=8 rep=1  15:57:03
  tcmalloc frag 64:256 t=8 rep=1  15:57:11
  mimalloc frag 64:256 t=8 rep=1  15:57:22
  snmalloc frag 64:256 t=8 rep=1  15:57:32
  scudo frag 64:256 t=8 rep=1  15:57:42
  rpmalloc frag 64:256 t=8 rep=1  15:57:52
  libc frag 64:256 t=8 rep=2  15:58:04
  umem frag 64:256 t=8 rep=2  15:58:14
  umem@null frag 64:256 t=8 rep=2  15:58:32
  umem-preload frag 64:256 t=8 rep=2  15:58:51
  umem-preload@null frag 64:256 t=8 rep=2  15:59:09
  jemalloc frag 64:256 t=8 rep=2  15:59:27
  tcmalloc frag 64:256 t=8 rep=2  15:59:37
  mimalloc frag 64:256 t=8 rep=2  15:59:47
  snmalloc frag 64:256 t=8 rep=2  15:59:59
  scudo frag 64:256 t=8 rep=2  16:00:08
  rpmalloc frag 64:256 t=8 rep=2  16:00:19
  libc frag 64:256 t=32 rep=1  16:00:28
  umem frag 64:256 t=32 rep=1  16:00:37
  umem@null frag 64:256 t=32 rep=1  16:00:50
  umem-preload frag 64:256 t=32 rep=1  16:01:02
  umem-preload@null frag 64:256 t=32 rep=1  16:01:14
  jemalloc frag 64:256 t=32 rep=1  16:01:27
  tcmalloc frag 64:256 t=32 rep=1  16:01:35
  mimalloc frag 64:256 t=32 rep=1  16:01:44
  snmalloc frag 64:256 t=32 rep=1  16:01:52
  scudo frag 64:256 t=32 rep=1  16:02:01
  rpmalloc frag 64:256 t=32 rep=1  16:02:10
  libc frag 64:256 t=32 rep=2  16:02:19
  umem frag 64:256 t=32 rep=2  16:02:29
  umem@null frag 64:256 t=32 rep=2  16:02:42
  umem-preload frag 64:256 t=32 rep=2  16:02:55
  umem-preload@null frag 64:256 t=32 rep=2  16:03:08
  jemalloc frag 64:256 t=32 rep=2  16:03:21
  tcmalloc frag 64:256 t=32 rep=2  16:03:29
  mimalloc frag 64:256 t=32 rep=2  16:03:39
  snmalloc frag 64:256 t=32 rep=2  16:03:47
  scudo frag 64:256 t=32 rep=2  16:03:56
  rpmalloc frag 64:256 t=32 rep=2  16:04:06
  libc frag 64:256 t=64 rep=1  16:04:14
  umem frag 64:256 t=64 rep=1  16:04:24
  umem@null frag 64:256 t=64 rep=1  16:04:39
  umem-preload frag 64:256 t=64 rep=1  16:04:55
  umem-preload@null frag 64:256 t=64 rep=1  16:05:12
  jemalloc frag 64:256 t=64 rep=1  16:05:27
  tcmalloc frag 64:256 t=64 rep=1  16:05:37
  mimalloc frag 64:256 t=64 rep=1  16:05:48
  snmalloc frag 64:256 t=64 rep=1  16:05:59
  scudo frag 64:256 t=64 rep=1  16:06:09
  rpmalloc frag 64:256 t=64 rep=1  16:06:19
  libc frag 64:256 t=64 rep=2  16:06:30
  umem frag 64:256 t=64 rep=2  16:06:39
  umem@null frag 64:256 t=64 rep=2  16:06:55
  umem-preload frag 64:256 t=64 rep=2  16:07:10
  umem-preload@null frag 64:256 t=64 rep=2  16:07:25
  jemalloc frag 64:256 t=64 rep=2  16:07:41
  tcmalloc frag 64:256 t=64 rep=2  16:07:51
  mimalloc frag 64:256 t=64 rep=2  16:08:02
  snmalloc frag 64:256 t=64 rep=2  16:08:12
  scudo frag 64:256 t=64 rep=2  16:08:21
  rpmalloc frag 64:256 t=64 rep=2  16:08:31
  libc frag 64:256 t=128 rep=1  16:08:41
  umem frag 64:256 t=128 rep=1  16:08:51
  umem@null frag 64:256 t=128 rep=1  16:09:05
  umem-preload frag 64:256 t=128 rep=1  16:09:19
  umem-preload@null frag 64:256 t=128 rep=1  16:09:34
  jemalloc frag 64:256 t=128 rep=1  16:09:48
  tcmalloc frag 64:256 t=128 rep=1  16:09:58
  mimalloc frag 64:256 t=128 rep=1  16:10:07
  snmalloc frag 64:256 t=128 rep=1  16:10:17
  scudo frag 64:256 t=128 rep=1  16:10:26
  rpmalloc frag 64:256 t=128 rep=1  16:10:36
  libc frag 64:256 t=128 rep=2  16:10:46
  umem frag 64:256 t=128 rep=2  16:10:56
  umem@null frag 64:256 t=128 rep=2  16:11:10
  umem-preload frag 64:256 t=128 rep=2  16:11:24
  umem-preload@null frag 64:256 t=128 rep=2  16:11:39
  jemalloc frag 64:256 t=128 rep=2  16:11:52
  tcmalloc frag 64:256 t=128 rep=2  16:12:02
  mimalloc frag 64:256 t=128 rep=2  16:12:12
  snmalloc frag 64:256 t=128 rep=2  16:12:22
  scudo frag 64:256 t=128 rep=2  16:12:31
  rpmalloc frag 64:256 t=128 rep=2  16:12:42
  libc frag 64:256 t=192 rep=1  16:12:52
  umem frag 64:256 t=192 rep=1  16:13:02
  umem@null frag 64:256 t=192 rep=1  16:13:15
  umem-preload frag 64:256 t=192 rep=1  16:13:29
  umem-preload@null frag 64:256 t=192 rep=1  16:13:43
  jemalloc frag 64:256 t=192 rep=1  16:13:58
  tcmalloc frag 64:256 t=192 rep=1  16:14:07
  mimalloc frag 64:256 t=192 rep=1  16:14:18
  snmalloc frag 64:256 t=192 rep=1  16:14:27
  scudo frag 64:256 t=192 rep=1  16:14:37
  rpmalloc frag 64:256 t=192 rep=1  16:14:48
  libc frag 64:256 t=192 rep=2  16:14:58
  umem frag 64:256 t=192 rep=2  16:15:08
  umem@null frag 64:256 t=192 rep=2  16:15:22
  umem-preload frag 64:256 t=192 rep=2  16:15:36
  umem-preload@null frag 64:256 t=192 rep=2  16:15:51
  jemalloc frag 64:256 t=192 rep=2  16:16:05
  tcmalloc frag 64:256 t=192 rep=2  16:16:15
  mimalloc frag 64:256 t=192 rep=2  16:16:24
  snmalloc frag 64:256 t=192 rep=2  16:16:34
  scudo frag 64:256 t=192 rep=2  16:16:44
  rpmalloc frag 64:256 t=192 rep=2  16:16:54
matrix complete -> /home/ec2-user/libumem-iso-cmp2-d6f04abd8f1b/docs/results/2026-09-24-c7i.metal-48xl-x86_64/frag/matrix.toml
