matrix: instance=c7i.metal-48xl arch=x86_64 vcpu=192 governor=performance
  allocators: libc umem umem@null umem-preload umem-preload@null jemalloc tcmalloc mimalloc snmalloc scudo rpmalloc
  threads:    1 8 64 192
  sizes:      16:64 256:1024 1024:4096
  runs=3 warmups=1 replicates=2 pin=1 ops=20000000
  -> /home/ec2-user/libumem-iso-r3cmp-323268b48a7f/docs/results/2026-09-25-c7i.metal-48xl-x86_64/multi/matrix.toml
  libc multi 16:64 t=1 rep=1  17:24:47
  umem multi 16:64 t=1 rep=1  17:25:00
  umem@null multi 16:64 t=1 rep=1  17:25:10
  umem-preload multi 16:64 t=1 rep=1  17:25:21
  umem-preload@null multi 16:64 t=1 rep=1  17:25:32
  jemalloc multi 16:64 t=1 rep=1  17:25:43
  tcmalloc multi 16:64 t=1 rep=1  17:25:55
  mimalloc multi 16:64 t=1 rep=1  17:26:08
  snmalloc multi 16:64 t=1 rep=1  17:26:17
  scudo multi 16:64 t=1 rep=1  17:26:30
  rpmalloc multi 16:64 t=1 rep=1  17:26:43
  libc multi 16:64 t=1 rep=2  17:26:56
  umem multi 16:64 t=1 rep=2  17:27:09
  umem@null multi 16:64 t=1 rep=2  17:27:19
  umem-preload multi 16:64 t=1 rep=2  17:27:30
  umem-preload@null multi 16:64 t=1 rep=2  17:27:41
  jemalloc multi 16:64 t=1 rep=2  17:27:52
  tcmalloc multi 16:64 t=1 rep=2  17:28:04
  mimalloc multi 16:64 t=1 rep=2  17:28:17
  snmalloc multi 16:64 t=1 rep=2  17:28:27
  scudo multi 16:64 t=1 rep=2  17:28:40
  rpmalloc multi 16:64 t=1 rep=2  17:28:53
  libc multi 16:64 t=8 rep=1  17:29:06
  umem multi 16:64 t=8 rep=1  17:29:08
  umem@null multi 16:64 t=8 rep=1  17:29:10
  umem-preload multi 16:64 t=8 rep=1  17:29:12
  umem-preload@null multi 16:64 t=8 rep=1  17:29:14
  CRASH: umem-preload@null multi t=8 16:64 rc=139 (skipped)
  (no row for multi t=8)
  jemalloc multi 16:64 t=8 rep=1  17:29:17
  tcmalloc multi 16:64 t=8 rep=1  17:29:19
  mimalloc multi 16:64 t=8 rep=1  17:29:21
  snmalloc multi 16:64 t=8 rep=1  17:29:23
  scudo multi 16:64 t=8 rep=1  17:29:25
  rpmalloc multi 16:64 t=8 rep=1  17:29:28
  libc multi 16:64 t=8 rep=2  17:29:30
  umem multi 16:64 t=8 rep=2  17:29:32
  umem@null multi 16:64 t=8 rep=2  17:29:34
  umem-preload multi 16:64 t=8 rep=2  17:29:36
  umem-preload@null multi 16:64 t=8 rep=2  17:29:39
  jemalloc multi 16:64 t=8 rep=2  17:29:41
  tcmalloc multi 16:64 t=8 rep=2  17:29:43
  mimalloc multi 16:64 t=8 rep=2  17:29:45
  snmalloc multi 16:64 t=8 rep=2  17:29:47
  scudo multi 16:64 t=8 rep=2  17:29:49
  rpmalloc multi 16:64 t=8 rep=2  17:29:51
  libc multi 16:64 t=64 rep=1  17:29:53
  umem multi 16:64 t=64 rep=1  17:29:54
  umem@null multi 16:64 t=64 rep=1  17:29:54
  umem-preload multi 16:64 t=64 rep=1  17:29:55
  umem-preload@null multi 16:64 t=64 rep=1  17:29:56
  CRASH: umem-preload@null multi t=64 16:64 rc=139 (skipped)
  (no row for multi t=64)
  jemalloc multi 16:64 t=64 rep=1  17:30:04
  tcmalloc multi 16:64 t=64 rep=1  17:30:05
  mimalloc multi 16:64 t=64 rep=1  17:30:05
  snmalloc multi 16:64 t=64 rep=1  17:30:06
  scudo multi 16:64 t=64 rep=1  17:30:06
  rpmalloc multi 16:64 t=64 rep=1  17:30:06
  libc multi 16:64 t=64 rep=2  17:30:07
  umem multi 16:64 t=64 rep=2  17:30:07
  umem@null multi 16:64 t=64 rep=2  17:30:08
  umem-preload multi 16:64 t=64 rep=2  17:30:08
  CRASH: umem-preload multi t=64 16:64 rc=139 (skipped)
  (no row for multi t=64)
  umem-preload@null multi 16:64 t=64 rep=2  17:30:17
  CRASH: umem-preload@null multi t=64 16:64 rc=139 (skipped)
  (no row for multi t=64)
  jemalloc multi 16:64 t=64 rep=2  17:30:26
  tcmalloc multi 16:64 t=64 rep=2  17:30:26
  mimalloc multi 16:64 t=64 rep=2  17:30:27
  snmalloc multi 16:64 t=64 rep=2  17:30:27
  scudo multi 16:64 t=64 rep=2  17:30:28
  rpmalloc multi 16:64 t=64 rep=2  17:30:28
  libc multi 16:64 t=192 rep=1  17:30:29
  umem multi 16:64 t=192 rep=1  17:30:29
  umem@null multi 16:64 t=192 rep=1  17:30:29
  umem-preload multi 16:64 t=192 rep=1  17:30:30
  CRASH: umem-preload multi t=192 16:64 rc=139 (skipped)
  (no row for multi t=192)
  umem-preload@null multi 16:64 t=192 rep=1  17:30:53
  CRASH: umem-preload@null multi t=192 16:64 rc=139 (skipped)
  (no row for multi t=192)
  jemalloc multi 16:64 t=192 rep=1  17:31:15
  tcmalloc multi 16:64 t=192 rep=1  17:31:15
  mimalloc multi 16:64 t=192 rep=1  17:31:15
  snmalloc multi 16:64 t=192 rep=1  17:31:16
  scudo multi 16:64 t=192 rep=1  17:31:16
  rpmalloc multi 16:64 t=192 rep=1  17:31:16
  libc multi 16:64 t=192 rep=2  17:31:16
  umem multi 16:64 t=192 rep=2  17:31:17
  umem@null multi 16:64 t=192 rep=2  17:31:17
  umem-preload multi 16:64 t=192 rep=2  17:31:18
  CRASH: umem-preload multi t=192 16:64 rc=139 (skipped)
  (no row for multi t=192)
  umem-preload@null multi 16:64 t=192 rep=2  17:31:40
  CRASH: umem-preload@null multi t=192 16:64 rc=139 (skipped)
  (no row for multi t=192)
  jemalloc multi 16:64 t=192 rep=2  17:32:02
  tcmalloc multi 16:64 t=192 rep=2  17:32:03
  mimalloc multi 16:64 t=192 rep=2  17:32:03
  snmalloc multi 16:64 t=192 rep=2  17:32:03
  scudo multi 16:64 t=192 rep=2  17:32:03
  rpmalloc multi 16:64 t=192 rep=2  17:32:04
  libc multi 256:1024 t=1 rep=1  17:32:04
  umem multi 256:1024 t=1 rep=1  17:32:16
  umem@null multi 256:1024 t=1 rep=1  17:32:26
  umem-preload multi 256:1024 t=1 rep=1  17:32:36
  umem-preload@null multi 256:1024 t=1 rep=1  17:32:47
  jemalloc multi 256:1024 t=1 rep=1  17:32:58
  tcmalloc multi 256:1024 t=1 rep=1  17:33:09
  mimalloc multi 256:1024 t=1 rep=1  17:33:19
  snmalloc multi 256:1024 t=1 rep=1  17:33:28
  scudo multi 256:1024 t=1 rep=1  17:33:41
  rpmalloc multi 256:1024 t=1 rep=1  17:33:54
  libc multi 256:1024 t=1 rep=2  17:34:04
  umem multi 256:1024 t=1 rep=2  17:34:16
  umem@null multi 256:1024 t=1 rep=2  17:34:26
  umem-preload multi 256:1024 t=1 rep=2  17:34:36
  umem-preload@null multi 256:1024 t=1 rep=2  17:34:46
  jemalloc multi 256:1024 t=1 rep=2  17:34:57
  tcmalloc multi 256:1024 t=1 rep=2  17:35:09
  mimalloc multi 256:1024 t=1 rep=2  17:35:19
  snmalloc multi 256:1024 t=1 rep=2  17:35:28
  scudo multi 256:1024 t=1 rep=2  17:35:41
  rpmalloc multi 256:1024 t=1 rep=2  17:35:54
  libc multi 256:1024 t=8 rep=1  17:36:04
  umem multi 256:1024 t=8 rep=1  17:36:06
  umem@null multi 256:1024 t=8 rep=1  17:36:08
  umem-preload multi 256:1024 t=8 rep=1  17:36:10
  umem-preload@null multi 256:1024 t=8 rep=1  17:36:12
  jemalloc multi 256:1024 t=8 rep=1  17:36:15
  tcmalloc multi 256:1024 t=8 rep=1  17:36:17
  mimalloc multi 256:1024 t=8 rep=1  17:36:19
  snmalloc multi 256:1024 t=8 rep=1  17:36:21
  scudo multi 256:1024 t=8 rep=1  17:36:23
  rpmalloc multi 256:1024 t=8 rep=1  17:36:25
  libc multi 256:1024 t=8 rep=2  17:36:27
  umem multi 256:1024 t=8 rep=2  17:36:30
  umem@null multi 256:1024 t=8 rep=2  17:36:31
  umem-preload multi 256:1024 t=8 rep=2  17:36:33
  umem-preload@null multi 256:1024 t=8 rep=2  17:36:36
  jemalloc multi 256:1024 t=8 rep=2  17:36:38
  tcmalloc multi 256:1024 t=8 rep=2  17:36:40
  mimalloc multi 256:1024 t=8 rep=2  17:36:42
  snmalloc multi 256:1024 t=8 rep=2  17:36:44
  scudo multi 256:1024 t=8 rep=2  17:36:46
  rpmalloc multi 256:1024 t=8 rep=2  17:36:49
  libc multi 256:1024 t=64 rep=1  17:36:51
  umem multi 256:1024 t=64 rep=1  17:36:51
  umem@null multi 256:1024 t=64 rep=1  17:36:52
  umem-preload multi 256:1024 t=64 rep=1  17:36:52
  umem-preload@null multi 256:1024 t=64 rep=1  17:36:53
  jemalloc multi 256:1024 t=64 rep=1  17:36:53
  tcmalloc multi 256:1024 t=64 rep=1  17:36:54
  mimalloc multi 256:1024 t=64 rep=1  17:36:54
  snmalloc multi 256:1024 t=64 rep=1  17:36:54
  scudo multi 256:1024 t=64 rep=1  17:36:55
  rpmalloc multi 256:1024 t=64 rep=1  17:36:55
  libc multi 256:1024 t=64 rep=2  17:36:56
  umem multi 256:1024 t=64 rep=2  17:36:56
  umem@null multi 256:1024 t=64 rep=2  17:36:57
  umem-preload multi 256:1024 t=64 rep=2  17:36:57
  umem-preload@null multi 256:1024 t=64 rep=2  17:36:58
  jemalloc multi 256:1024 t=64 rep=2  17:36:58
  tcmalloc multi 256:1024 t=64 rep=2  17:36:59
  mimalloc multi 256:1024 t=64 rep=2  17:36:59
  snmalloc multi 256:1024 t=64 rep=2  17:37:00
  scudo multi 256:1024 t=64 rep=2  17:37:00
  rpmalloc multi 256:1024 t=64 rep=2  17:37:01
  libc multi 256:1024 t=192 rep=1  17:37:01
  umem multi 256:1024 t=192 rep=1  17:37:01
  umem@null multi 256:1024 t=192 rep=1  17:37:02
  umem-preload multi 256:1024 t=192 rep=1  17:37:02
  umem-preload@null multi 256:1024 t=192 rep=1  17:37:03
  jemalloc multi 256:1024 t=192 rep=1  17:37:03
  tcmalloc multi 256:1024 t=192 rep=1  17:37:03
  mimalloc multi 256:1024 t=192 rep=1  17:37:03
  snmalloc multi 256:1024 t=192 rep=1  17:37:04
  scudo multi 256:1024 t=192 rep=1  17:37:04
  rpmalloc multi 256:1024 t=192 rep=1  17:37:04
  libc multi 256:1024 t=192 rep=2  17:37:05
  umem multi 256:1024 t=192 rep=2  17:37:05
  umem@null multi 256:1024 t=192 rep=2  17:37:05
  umem-preload multi 256:1024 t=192 rep=2  17:37:06
  umem-preload@null multi 256:1024 t=192 rep=2  17:37:06
  jemalloc multi 256:1024 t=192 rep=2  17:37:07
  tcmalloc multi 256:1024 t=192 rep=2  17:37:07
  mimalloc multi 256:1024 t=192 rep=2  17:37:07
  snmalloc multi 256:1024 t=192 rep=2  17:37:07
  scudo multi 256:1024 t=192 rep=2  17:37:08
  rpmalloc multi 256:1024 t=192 rep=2  17:37:08
  libc multi 1024:4096 t=1 rep=1  17:37:08
  umem multi 1024:4096 t=1 rep=1  17:37:21
  umem@null multi 1024:4096 t=1 rep=1  17:37:32
  umem-preload multi 1024:4096 t=1 rep=1  17:37:43
  umem-preload@null multi 1024:4096 t=1 rep=1  17:37:55
  jemalloc multi 1024:4096 t=1 rep=1  17:38:07
  tcmalloc multi 1024:4096 t=1 rep=1  17:38:19
  mimalloc multi 1024:4096 t=1 rep=1  17:38:31
  snmalloc multi 1024:4096 t=1 rep=1  17:38:42
  scudo multi 1024:4096 t=1 rep=1  17:38:52
  rpmalloc multi 1024:4096 t=1 rep=1  17:39:06
  libc multi 1024:4096 t=1 rep=2  17:39:18
  umem multi 1024:4096 t=1 rep=2  17:39:30
  umem@null multi 1024:4096 t=1 rep=2  17:39:41
  umem-preload multi 1024:4096 t=1 rep=2  17:39:52
  umem-preload@null multi 1024:4096 t=1 rep=2  17:40:04
  jemalloc multi 1024:4096 t=1 rep=2  17:40:16
  tcmalloc multi 1024:4096 t=1 rep=2  17:40:28
  mimalloc multi 1024:4096 t=1 rep=2  17:40:39
  snmalloc multi 1024:4096 t=1 rep=2  17:40:50
  scudo multi 1024:4096 t=1 rep=2  17:41:01
  rpmalloc multi 1024:4096 t=1 rep=2  17:41:15
  libc multi 1024:4096 t=8 rep=1  17:41:26
  umem multi 1024:4096 t=8 rep=1  17:41:29
  umem@null multi 1024:4096 t=8 rep=1  17:41:32
  umem-preload multi 1024:4096 t=8 rep=1  17:41:34
  umem-preload@null multi 1024:4096 t=8 rep=1  17:41:37
  jemalloc multi 1024:4096 t=8 rep=1  17:41:39
  tcmalloc multi 1024:4096 t=8 rep=1  17:41:41
  mimalloc multi 1024:4096 t=8 rep=1  17:41:44
  snmalloc multi 1024:4096 t=8 rep=1  17:41:46
  scudo multi 1024:4096 t=8 rep=1  17:41:49
  rpmalloc multi 1024:4096 t=8 rep=1  17:41:51
  libc multi 1024:4096 t=8 rep=2  17:41:53
  umem multi 1024:4096 t=8 rep=2  17:41:56
  umem@null multi 1024:4096 t=8 rep=2  17:41:58
  umem-preload multi 1024:4096 t=8 rep=2  17:42:00
  umem-preload@null multi 1024:4096 t=8 rep=2  17:42:03
  jemalloc multi 1024:4096 t=8 rep=2  17:42:06
  tcmalloc multi 1024:4096 t=8 rep=2  17:42:08
  mimalloc multi 1024:4096 t=8 rep=2  17:42:10
  snmalloc multi 1024:4096 t=8 rep=2  17:42:13
  scudo multi 1024:4096 t=8 rep=2  17:42:15
  rpmalloc multi 1024:4096 t=8 rep=2  17:42:17
  libc multi 1024:4096 t=64 rep=1  17:42:20
  umem multi 1024:4096 t=64 rep=1  17:42:20
  umem@null multi 1024:4096 t=64 rep=1  17:42:21
  umem-preload multi 1024:4096 t=64 rep=1  17:42:21
  umem-preload@null multi 1024:4096 t=64 rep=1  17:42:22
  jemalloc multi 1024:4096 t=64 rep=1  17:42:22
  tcmalloc multi 1024:4096 t=64 rep=1  17:42:23
  mimalloc multi 1024:4096 t=64 rep=1  17:42:23
  snmalloc multi 1024:4096 t=64 rep=1  17:42:24
  scudo multi 1024:4096 t=64 rep=1  17:42:24
  rpmalloc multi 1024:4096 t=64 rep=1  17:42:25
  libc multi 1024:4096 t=64 rep=2  17:42:25
  umem multi 1024:4096 t=64 rep=2  17:42:26
  umem@null multi 1024:4096 t=64 rep=2  17:42:27
  umem-preload multi 1024:4096 t=64 rep=2  17:42:27
  umem-preload@null multi 1024:4096 t=64 rep=2  17:42:28
  jemalloc multi 1024:4096 t=64 rep=2  17:42:28
  tcmalloc multi 1024:4096 t=64 rep=2  17:42:29
  mimalloc multi 1024:4096 t=64 rep=2  17:42:29
  snmalloc multi 1024:4096 t=64 rep=2  17:42:30
  scudo multi 1024:4096 t=64 rep=2  17:42:30
  rpmalloc multi 1024:4096 t=64 rep=2  17:42:31
  libc multi 1024:4096 t=192 rep=1  17:42:31
  umem multi 1024:4096 t=192 rep=1  17:42:32
  umem@null multi 1024:4096 t=192 rep=1  17:42:32
  umem-preload multi 1024:4096 t=192 rep=1  17:42:32
  umem-preload@null multi 1024:4096 t=192 rep=1  17:42:33
  jemalloc multi 1024:4096 t=192 rep=1  17:42:33
  tcmalloc multi 1024:4096 t=192 rep=1  17:42:34
  mimalloc multi 1024:4096 t=192 rep=1  17:42:34
  snmalloc multi 1024:4096 t=192 rep=1  17:42:34
  scudo multi 1024:4096 t=192 rep=1  17:42:34
  rpmalloc multi 1024:4096 t=192 rep=1  17:42:35
  libc multi 1024:4096 t=192 rep=2  17:42:35
  umem multi 1024:4096 t=192 rep=2  17:42:35
  umem@null multi 1024:4096 t=192 rep=2  17:42:36
  umem-preload multi 1024:4096 t=192 rep=2  17:42:36
  umem-preload@null multi 1024:4096 t=192 rep=2  17:42:36
  jemalloc multi 1024:4096 t=192 rep=2  17:42:37
  tcmalloc multi 1024:4096 t=192 rep=2  17:42:37
  mimalloc multi 1024:4096 t=192 rep=2  17:42:37
  snmalloc multi 1024:4096 t=192 rep=2  17:42:38
  scudo multi 1024:4096 t=192 rep=2  17:42:38
  rpmalloc multi 1024:4096 t=192 rep=2  17:42:38
matrix complete -> /home/ec2-user/libumem-iso-r3cmp-323268b48a7f/docs/results/2026-09-25-c7i.metal-48xl-x86_64/multi/matrix.toml
