######## PART 1: RSS/retention observation (default build) ########
BUILD OK
--- reclaim mode: default (UMEM_OPTIONS='') ---
cache: bufsize=512 slabsize=4096 flags=0x220 hash=1 buftag=0 pagesize=4096
reclaim_enabled=1 reclaim_delay=30 reap_interval=10
0 baseline                   RSS=4536 kB  arena_alloc=0 B
1 after alloc                RSS=15744 kB  arena_alloc=10240000 B
2 after free (retained)      RSS=15744 kB  arena_alloc=10240000 B
3 after 1 update pass        RSS=15744 kB  arena_alloc=10240000 B
4 after 8 more passes        RSS=6132 kB  arena_alloc=0 B
5 after cache destroy        RSS=6120 kB  arena_alloc=0 B
rc=0
--- reclaim mode: delay0 (UMEM_OPTIONS='reclaim=1,reclaim_delay=0,reap_interval=1') ---
cache: bufsize=512 slabsize=4096 flags=0x220 hash=1 buftag=0 pagesize=4096
reclaim_enabled=1 reclaim_delay=0 reap_interval=1
0 baseline                   RSS=4532 kB  arena_alloc=0 B
1 after alloc                RSS=15740 kB  arena_alloc=10240000 B
2 after free (retained)      RSS=15740 kB  arena_alloc=10240000 B
3 after 1 update pass        RSS=5740 kB  arena_alloc=10240000 B
4 after 8 more passes        RSS=6128 kB  arena_alloc=0 B
5 after cache destroy        RSS=6116 kB  arena_alloc=0 B
rc=0
--- reclaim mode: off (UMEM_OPTIONS='reclaim=0') ---
cache: bufsize=512 slabsize=4096 flags=0x220 hash=1 buftag=0 pagesize=4096
reclaim_enabled=0 reclaim_delay=30 reap_interval=10
0 baseline                   RSS=4536 kB  arena_alloc=0 B
1 after alloc                RSS=15744 kB  arena_alloc=10240000 B
2 after free (retained)      RSS=16132 kB  arena_alloc=0 B
3 after 1 update pass        RSS=16132 kB  arena_alloc=0 B
4 after 8 more passes        RSS=16132 kB  arena_alloc=0 B
5 after cache destroy        RSS=16120 kB  arena_alloc=0 B
rc=0
######## PART 2: TSAN usability ########
TSAN BUILD OK
tsan runtime: /usr/lib/gcc/aarch64-amazon-linux/11/libtsan.so.0.0.0
--- tsan race ---
rc=0
tsan_warnings=6
top reported sites:
      6 vmem.c:1649
      5 umem_update_thread.c:204
      5 umem.c:4422
      5 umem.c:3442
      5 umem.c:1273
      3 vmem_mmap.c:208
      3 vmem_base.c:53
      3 vmem.c:1762
      3 vmem.c:1712
      3 vmem.c:1543
      3 umem_update_thread.c:133
      3 umem.c:5346
      2 vmem.c:403
      2 vmem.c:1482
      2 vmem.c:1156
slab_state / reclaim mentions:
first report:
WARNING: ThreadSanitizer: data race (pid=105900)
  Read of size 8 at 0xfffff5c61c00 by thread T6 (mutexes: write M20):
    #0 vmem_hash_rescale /home/ec2-user/libumem-iso-rsstsan2-d9cf08a0b0a9/vmem.c:1649 (libumem.so.1+0x95098)
    #1 vmem_update /home/ec2-user/libumem-iso-rsstsan2-d9cf08a0b0a9/vmem.c:1712 (libumem.so.1+0x95098)
    #2 umem_update_thread /home/ec2-user/libumem-iso-rsstsan2-d9cf08a0b0a9/umem_update_thread.c:133 (libumem.so.1+0x82e28)

WARNING: ThreadSanitizer: data race (pid=105900)
  Read of size 4 at 0xfffff650f068 by thread T5:
    #0 umem_reap /home/ec2-user/libumem-iso-rsstsan2-d9cf08a0b0a9/umem.c:4392 (libumem.so.1+0x8cc38)
    #1 race_reclaim test/unit/repro_reclaim_reuse.c:410 (repro_reclaim_reuse+0x4109d0)

WARNING: ThreadSanitizer: data race (pid=105900)
  Read of size 8 at 0xfffff650efe0 by thread T5:
    #0 umem_reap /home/ec2-user/libumem-iso-rsstsan2-d9cf08a0b0a9/umem.c:4393 (libumem.so.1+0x8cca0)
    #1 race_reclaim test/unit/repro_reclaim_reuse.c:410 (repro_reclaim_reuse+0x4109d0)

WARNING: ThreadSanitizer: data race (pid=105900)
  Write of size 4 at 0xfffffffff758 by main thread:
    #0 run_race test/unit/repro_reclaim_reuse.c:453 (repro_reclaim_reuse+0x4105ec)
    #1 main test/unit/repro_reclaim_reuse.c:559 (repro_reclaim_reuse+0x4105ec)

WARNING: ThreadSanitizer: data race (pid=105900)
  Read of size 8 at 0xfffff7fb7c08 by thread T6 (mutexes: write M20):
    #0 vmem_hash_rescale /home/ec2-user/libumem-iso-rsstsan2-d9cf08a0b0a9/vmem.c:1649 (libumem.so.1+0x950a4)
    #1 vmem_update /home/ec2-user/libumem-iso-rsstsan2-d9cf08a0b0a9/vmem.c:1712 (libumem.so.1+0x950a4)
--- tsan reap_reentry ---
rc=0
tsan_warnings=6
top reported sites:
      6 vmem.c:1649
      5 umem_update_thread.c:204
      5 umem.c:4422
      5 umem.c:3442
      5 umem.c:1273
      3 vmem_mmap.c:208
      3 vmem_base.c:53
      3 vmem.c:1762
      3 vmem.c:1712
      3 vmem.c:1543
      3 umem_update_thread.c:133
      3 umem.c:5346
      2 vmem.c:403
      2 vmem.c:1482
      2 vmem.c:1156
slab_state / reclaim mentions:
first report:
WARNING: ThreadSanitizer: data race (pid=105920)
  Read of size 8 at 0xfffff5c61c00 by thread T5 (mutexes: write M20):
    #0 vmem_hash_rescale /home/ec2-user/libumem-iso-rsstsan2-d9cf08a0b0a9/vmem.c:1649 (libumem.so.1+0x95098)
    #1 vmem_update /home/ec2-user/libumem-iso-rsstsan2-d9cf08a0b0a9/vmem.c:1712 (libumem.so.1+0x95098)
    #2 umem_update_thread /home/ec2-user/libumem-iso-rsstsan2-d9cf08a0b0a9/umem_update_thread.c:133 (libumem.so.1+0x82e28)

WARNING: ThreadSanitizer: data race (pid=105920)
  Read of size 4 at 0xfffff650f068 by main thread:
    #0 umem_reap /home/ec2-user/libumem-iso-rsstsan2-d9cf08a0b0a9/umem.c:4392 (libumem.so.1+0x8cc38)
    #1 run_reap_reentry test/unit/repro_reclaim_reuse.c:516 (repro_reclaim_reuse+0x410430)
    #2 main test/unit/repro_reclaim_reuse.c:561 (repro_reclaim_reuse+0x410430)

WARNING: ThreadSanitizer: data race (pid=105920)
  Read of size 8 at 0xfffff650efe0 by main thread:
    #0 umem_reap /home/ec2-user/libumem-iso-rsstsan2-d9cf08a0b0a9/umem.c:4393 (libumem.so.1+0x8cca0)
    #1 run_reap_reentry test/unit/repro_reclaim_reuse.c:516 (repro_reclaim_reuse+0x410430)
    #2 main test/unit/repro_reclaim_reuse.c:561 (repro_reclaim_reuse+0x410430)

WARNING: ThreadSanitizer: data race (pid=105920)
  Write of size 4 at 0xfffffffff748 by main thread:
    #0 run_reap_reentry test/unit/repro_reclaim_reuse.c:521 (repro_reclaim_reuse+0x410468)
    #1 main test/unit/repro_reclaim_reuse.c:561 (repro_reclaim_reuse+0x410468)

WARNING: ThreadSanitizer: data race (pid=105920)
  Read of size 8 at 0xfffff7fb7c08 by thread T5 (mutexes: write M20):
